06-15 13:46:45.181 I/InputDispatcher( 3563): Delivering touch to (8948): action: 0x1, toolType: 1
06-15 13:46:45.181 D/ViewRootImpl( 8948): ViewPostImeInputStage processPointer 1
06-15 13:46:45.181 D/jisu    ( 8948): mMiniKeyboardOnScreen=false, pointerCount=1, action=1, eventTime8450731, index=0, id=0
06-15 13:46:45.181 I/SamsungIME( 8948): [AKV] detectAndSendKey - index : 8, mCurrentInputMethod : 1, mInputLanguage : 1701729619
06-15 13:46:45.191 E/SamsungIME( 8948): <AbstractKeyboardView> - onDraw() called
06-15 13:46:45.191 W/DisplayListCanvas(10358): DisplayListCanvas is started on unbinded RenderNode (without mOwningView)
06-15 13:46:45.301 D/InputReader( 3563): Input event(3): value=1 when=8450851485000
06-15 13:46:45.301 D/InputReader( 3563): Input event(3): value=1 when=8450851485000
06-15 13:46:45.301 I/InputReader( 3563): Touch event's action is 0x0 (deviceType=0) [pCnt=1, s=0.826 ] when=8450851485000
06-15 13:46:45.301 D/InputReader( 3563): lastThreadEndTime = 8450732011362, currentThreadStartTime = 8450732013737, diff = 0
06-15 13:46:45.301 I/InputDispatcher( 3563): Delivering touch to (4225): action: 0x4, toolType: 1
06-15 13:46:45.301 I/InputDispatcher( 3563): Delivering touch to (6733): action: 0x4, toolType: 1
06-15 13:46:45.301 I/InputDispatcher( 3563): Delivering touch to (8948): action: 0x0, toolType: 1
06-15 13:46:45.301 D/AutoHideHelper( 6733): ###check Single invalid
06-15 13:46:45.301 D/ViewRootImpl( 8948): ViewPostImeInputStage processPointer 0
06-15 13:46:45.301 D/jisu    ( 8948): mMiniKeyboardOnScreen=false, pointerCount=1, action=0, eventTime8450851, index=0, id=0
06-15 13:46:45.301 D/SamsungIME( 8948): vib call
06-15 13:46:45.301 V/Vibrator( 8948): Called vibrate(int, int, AudioAttributes, MagnitudeTypes) API - PUID: 1000, repeat: -1, PackageName: com.sec.android.inputmethod, MagnitudeType: TouchMagnitude
06-15 13:46:45.301 V/Vibrator( 8948): vibrate - PUID: 1000, PackageName: com.sec.android.inputmethod, type: 50025, repeat: -1, mag: 6000, AudioAttr : null
06-15 13:46:45.311 E/SamsungIME( 8948): <AbstractKeyboardView> - onDraw() called
06-15 13:46:45.331 D/jisu    ( 8948): mMiniKeyboardOnScreen=false, pointerCount=1, action=2, eventTime8450874, index=0, id=0
06-15 13:46:45.341 D/jisu    ( 8948): mMiniKeyboardOnScreen=false, pointerCount=1, action=2, eventTime8450890, index=0, id=0
06-15 13:46:45.361 D/jisu    ( 8948): mMiniKeyboardOnScreen=false, pointerCount=1, action=2, eventTime8450908, index=0, id=0
06-15 13:46:45.381 D/jisu    ( 8948): mMiniKeyboardOnScreen=false, pointerCount=1, action=2, eventTime8450924, index=0, id=0
06-15 13:46:45.381 D/InputReader( 3563): Input event(3): value=0 when=8450932741000
06-15 13:46:45.381 D/InputReader( 3563): Input event(3): value=0 when=8450932741000
06-15 13:46:45.381 I/InputReader( 3563): Touch event's action is 0x1 (deviceType=0) [pCnt=1, s=] when=8450932741000
06-15 13:46:45.381 I/InputDispatcher( 3563): Delivering touch to (8948): action: 0x1, toolType: 1
06-15 13:46:45.381 D/ViewRootImpl( 8948): ViewPostImeInputStage processPointer 1
06-15 13:46:45.381 D/jisu    ( 8948): mMiniKeyboardOnScreen=false, pointerCount=1, action=1, eventTime8450932, index=0, id=0
06-15 13:46:45.381 I/SamsungIME( 8948): [AKV] detectAndSendKey - index : 4, mCurrentInputMethod : 1, mInputLanguage : 1701729619
06-15 13:46:45.391 E/SamsungIME( 8948): <AbstractKeyboardView> - onDraw() called
06-15 13:46:45.391 W/DisplayListCanvas(10358): DisplayListCanvas is started on unbinded RenderNode (without mOwningView)
06-15 13:46:45.541 D/InputReader( 3563): Input event(3): value=1 when=8451099354000
06-15 13:46:45.541 D/InputReader( 3563): Input event(3): value=1 when=8451099354000
06-15 13:46:45.551 I/InputReader( 3563): Touch event's action is 0x0 (deviceType=0) [pCnt=1, s=0.827 ] when=8451099354000
06-15 13:46:45.551 D/InputReader( 3563): lastThreadEndTime = 8450933011028, currentThreadStartTime = 8450933014028, diff = 0
06-15 13:46:45.551 I/InputDispatcher( 3563): Delivering touch to (4225): action: 0x4, toolType: 1
06-15 13:46:45.551 I/InputDispatcher( 3563): Delivering touch to (6733): action: 0x4, toolType: 1
06-15 13:46:45.551 I/InputDispatcher( 3563): Delivering touch to (8948): action: 0x0, toolType: 1
06-15 13:46:45.551 D/AutoHideHelper( 6733): ###check Single invalid
06-15 13:46:45.551 D/ViewRootImpl( 8948): ViewPostImeInputStage processPointer 0
06-15 13:46:45.551 D/jisu    ( 8948): mMiniKeyboardOnScreen=false, pointerCount=1, action=0, eventTime8451099, index=0, id=0
06-15 13:46:45.551 D/SamsungIME( 8948): vib call
06-15 13:46:45.551 V/Vibrator( 8948): Called vibrate(int, int, AudioAttributes, MagnitudeTypes) API - PUID: 1000, repeat: -1, PackageName: com.sec.android.inputmethod, MagnitudeType: TouchMagnitude
06-15 13:46:45.551 V/Vibrator( 8948): vibrate - PUID: 1000, PackageName: com.sec.android.inputmethod, type: 50025, repeat: -1, mag: 6000, AudioAttr : null
06-15 13:46:45.561 E/SamsungIME( 8948): <AbstractKeyboardView> - onDraw() called
06-15 13:46:45.581 D/jisu    ( 8948): mMiniKeyboardOnScreen=false, pointerCount=1, action=2, eventTime8451125, index=0, id=0
06-15 13:46:45.591 D/jisu    ( 8948): mMiniKeyboardOnScreen=false, pointerCount=1, action=2, eventTime8451142, index=0, id=0
06-15 13:46:45.611 D/jisu    ( 8948): mMiniKeyboardOnScreen=false, pointerCount=1, action=2, eventTime8451159, index=0, id=0
06-15 13:46:45.611 D/InputReader( 3563): Input event(3): value=0 when=8451169043000
06-15 13:46:45.611 D/InputReader( 3563): Input event(3): value=0 when=8451169043000
06-15 13:46:45.611 I/InputReader( 3563): Touch event's action is 0x1 (deviceType=0) [pCnt=1, s=] when=8451169043000
06-15 13:46:45.611 I/InputDispatcher( 3563): Delivering touch to (8948): action: 0x1, toolType: 1
06-15 13:46:45.611 D/ViewRootImpl( 8948): ViewPostImeInputStage processPointer 1
06-15 13:46:45.611 D/jisu    ( 8948): mMiniKeyboardOnScreen=false, pointerCount=1, action=1, eventTime8451169, index=0, id=0
06-15 13:46:45.621 I/SamsungIME( 8948): [AKV] detectAndSendKey - index : 0, mCurrentInputMethod : 1, mInputLanguage : 1701729619
06-15 13:46:45.631 E/SamsungIME( 8948): <AbstractKeyboardView> - onDraw() called
06-15 13:46:45.631 W/DisplayListCanvas(10358): DisplayListCanvas is started on unbinded RenderNode (without mOwningView)
06-15 13:46:45.791 D/InputReader( 3563): Input event(3): value=1 when=8451348046000
06-15 13:46:45.791 D/InputReader( 3563): Input event(3): value=1 when=8451348046000
06-15 13:46:45.791 I/InputReader( 3563): Touch event's action is 0x0 (deviceType=0) [pCnt=1, s=0.828 ] when=8451348046000
06-15 13:46:45.791 D/InputReader( 3563): lastThreadEndTime = 8451169176570, currentThreadStartTime = 8451169178112, diff = 0
06-15 13:46:45.791 I/InputDispatcher( 3563): Delivering touch to (4225): action: 0x4, toolType: 1
06-15 13:46:45.791 I/InputDispatcher( 3563): Delivering touch to (6733): action: 0x4, toolType: 1
06-15 13:46:45.791 I/InputDispatcher( 3563): Delivering touch to (8948): action: 0x0, toolType: 1
06-15 13:46:45.791 D/AutoHideHelper( 6733): ###check Single invalid
06-15 13:46:45.801 D/ViewRootImpl( 8948): ViewPostImeInputStage processPointer 0
06-15 13:46:45.801 D/jisu    ( 8948): mMiniKeyboardOnScreen=false, pointerCount=1, action=0, eventTime8451348, index=0, id=0
06-15 13:46:45.801 D/SamsungIME( 8948): vib call
06-15 13:46:45.801 V/Vibrator( 8948): Called vibrate(int, int, AudioAttributes, MagnitudeTypes) API - PUID: 1000, repeat: -1, PackageName: com.sec.android.inputmethod, MagnitudeType: TouchMagnitude
06-15 13:46:45.801 V/Vibrator( 8948): vibrate - PUID: 1000, PackageName: com.sec.android.inputmethod, type: 50025, repeat: -1, mag: 6000, AudioAttr : null
06-15 13:46:45.811 D/jisu    ( 8948): mMiniKeyboardOnScreen=false, pointerCount=1, action=2, eventTime8451359, index=0, id=0
06-15 13:46:45.811 E/SamsungIME( 8948): <AbstractKeyboardView> - onDraw() called
06-15 13:46:45.831 D/jisu    ( 8948): mMiniKeyboardOnScreen=false, pointerCount=1, action=2, eventTime8451375, index=0, id=0
06-15 13:46:45.841 D/jisu    ( 8948): mMiniKeyboardOnScreen=false, pointerCount=1, action=2, eventTime8451393, index=0, id=0
06-15 13:46:45.861 D/jisu    ( 8948): mMiniKeyboardOnScreen=false, pointerCount=1, action=2, eventTime8451410, index=0, id=0
06-15 13:46:45.861 D/InputReader( 3563): Input event(3): value=0 when=8451417237000
06-15 13:46:45.861 D/InputReader( 3563): Input event(3): value=0 when=8451417237000
06-15 13:46:45.861 I/InputReader( 3563): Touch event's action is 0x1 (deviceType=0) [pCnt=1, s=] when=8451417237000
06-15 13:46:45.861 I/InputDispatcher( 3563): Delivering touch to (8948): action: 0x1, toolType: 1
06-15 13:46:45.861 D/ViewRootImpl( 8948): ViewPostImeInputStage processPointer 1
06-15 13:46:45.861 D/jisu    ( 8948): mMiniKeyboardOnScreen=false, pointerCount=1, action=1, eventTime8451417, index=0, id=0
06-15 13:46:45.861 I/SamsungIME( 8948): [AKV] detectAndSendKey - index : 4, mCurrentInputMethod : 1, mInputLanguage : 1701729619
06-15 13:46:45.881 E/SamsungIME( 8948): <AbstractKeyboardView> - onDraw() called
06-15 13:46:45.881 W/DisplayListCanvas(10358): DisplayListCanvas is started on unbinded RenderNode (without mOwningView)
06-15 13:46:46.031 D/InputReader( 3563): Input event(3): value=1 when=8451583801000
06-15 13:46:46.031 D/InputReader( 3563): Input event(3): value=1 when=8451583801000
06-15 13:46:46.031 I/InputReader( 3563): Touch event's action is 0x0 (deviceType=0) [pCnt=1, s=0.829 ] when=8451583801000
06-15 13:46:46.031 D/InputReader( 3563): lastThreadEndTime = 8451417450112, currentThreadStartTime = 8451417451320, diff = 0
06-15 13:46:46.031 I/InputDispatcher( 3563): Delivering touch to (4225): action: 0x4, toolType: 1
06-15 13:46:46.031 I/InputDispatcher( 3563): Delivering touch to (6733): action: 0x4, toolType: 1
06-15 13:46:46.031 I/InputDispatcher( 3563): Delivering touch to (8948): action: 0x0, toolType: 1
06-15 13:46:46.031 D/ViewRootImpl( 8948): ViewPostImeInputStage processPointer 0
06-15 13:46:46.031 D/AutoHideHelper( 6733): ###check Single invalid
06-15 13:46:46.031 D/jisu    ( 8948): mMiniKeyboardOnScreen=false, pointerCount=1, action=0, eventTime8451583, index=0, id=0
06-15 13:46:46.031 D/SamsungIME( 8948): vib call
06-15 13:46:46.031 V/Vibrator( 8948): Called vibrate(int, int, AudioAttributes, MagnitudeTypes) API - PUID: 1000, repeat: -1, PackageName: com.sec.android.inputmethod, MagnitudeType: TouchMagnitude
06-15 13:46:46.031 V/Vibrator( 8948): vibrate - PUID: 1000, PackageName: com.sec.android.inputmethod, type: 50025, repeat: -1, mag: 6000, AudioAttr : null
06-15 13:46:46.041 E/SamsungIME( 8948): <AbstractKeyboardView> - onDraw() called
06-15 13:46:46.061 D/jisu    ( 8948): mMiniKeyboardOnScreen=false, pointerCount=1, action=2, eventTime8451610, index=0, id=0
06-15 13:46:46.081 D/jisu    ( 8948): mMiniKeyboardOnScreen=false, pointerCount=1, action=2, eventTime8451627, index=0, id=0
06-15 13:46:46.101 D/jisu    ( 8948): mMiniKeyboardOnScreen=false, pointerCount=1, action=2, eventTime8451635, index=0, id=0
06-15 13:46:46.101 D/InputReader( 3563): Input event(3): value=0 when=8451653381000
06-15 13:46:46.101 D/InputReader( 3563): Input event(3): value=0 when=8451653381000
06-15 13:46:46.101 I/InputReader( 3563): Touch event's action is 0x1 (deviceType=0) [pCnt=1, s=] when=8451653381000
06-15 13:46:46.101 I/InputDispatcher( 3563): Delivering touch to (8948): action: 0x1, toolType: 1
06-15 13:46:46.101 D/ViewRootImpl( 8948): ViewPostImeInputStage processPointer 1
06-15 13:46:46.101 D/jisu    ( 8948): mMiniKeyboardOnScreen=false, pointerCount=1, action=1, eventTime8451653, index=0, id=0
06-15 13:46:46.101 I/SamsungIME( 8948): [AKV] detectAndSendKey - index : 0, mCurrentInputMethod : 1, mInputLanguage : 1701729619
06-15 13:46:46.111 E/SamsungIME( 8948): <AbstractKeyboardView> - onDraw() called
06-15 13:46:46.111 W/DisplayListCanvas(10358): DisplayListCanvas is started on unbinded RenderNode (without mOwningView)
06-15 13:46:46.191 D/InputReader( 3563): Input event(3): value=1 when=8451749180000
06-15 13:46:46.191 D/InputReader( 3563): Input event(3): value=1 when=8451749180000
06-15 13:46:46.191 I/InputReader( 3563): Touch event's action is 0x0 (deviceType=0) [pCnt=1, s=0.830 ] when=8451749180000
06-15 13:46:46.201 D/InputReader( 3563): lastThreadEndTime = 8451653840112, currentThreadStartTime = 8451653845070, diff = 0
06-15 13:46:46.201 I/InputDispatcher( 3563): Delivering touch to (4225): action: 0x4, toolType: 1
06-15 13:46:46.201 I/InputDispatcher( 3563): Delivering touch to (6733): action: 0x4, toolType: 1
06-15 13:46:46.201 I/InputDispatcher( 3563): Delivering touch to (8948): action: 0x0, toolType: 1
06-15 13:46:46.201 D/AutoHideHelper( 6733): ###check Single invalid
06-15 13:46:46.201 D/ViewRootImpl( 8948): ViewPostImeInputStage processPointer 0
06-15 13:46:46.201 D/jisu    ( 8948): mMiniKeyboardOnScreen=false, pointerCount=1, action=0, eventTime8451749, index=0, id=0
06-15 13:46:46.201 D/SamsungIME( 8948): vib call
06-15 13:46:46.201 V/Vibrator( 8948): Called vibrate(int, int, AudioAttributes, MagnitudeTypes) API - PUID: 1000, repeat: -1, PackageName: com.sec.android.inputmethod, MagnitudeType: TouchMagnitude
06-15 13:46:46.201 V/Vibrator( 8948): vibrate - PUID: 1000, PackageName: com.sec.android.inputmethod, type: 50025, repeat: -1, mag: 6000, AudioAttr : null
06-15 13:46:46.211 D/jisu    ( 8948): mMiniKeyboardOnScreen=false, pointerCount=1, action=2, eventTime8451761, index=0, id=0
06-15 13:46:46.211 E/SamsungIME( 8948): <AbstractKeyboardView> - onDraw() called
06-15 13:46:46.231 D/jisu    ( 8948): mMiniKeyboardOnScreen=false, pointerCount=1, action=2, eventTime8451778, index=0, id=0
06-15 13:46:46.251 D/jisu    ( 8948): mMiniKeyboardOnScreen=false, pointerCount=1, action=2, eventTime8451795, index=0, id=0
06-15 13:46:46.261 D/jisu    ( 8948): mMiniKeyboardOnScreen=false, pointerCount=1, action=2, eventTime8451811, index=0, id=0
06-15 13:46:46.261 D/InputReader( 3563): Input event(3): value=0 when=8451818859000
06-15 13:46:46.261 D/InputReader( 3563): Input event(3): value=0 when=8451818859000
06-15 13:46:46.261 I/InputReader( 3563): Touch event's action is 0x1 (deviceType=0) [pCnt=1, s=] when=8451818859000
06-15 13:46:46.261 I/InputDispatcher( 3563): Delivering touch to (8948): action: 0x1, toolType: 1
06-15 13:46:46.261 D/ViewRootImpl( 8948): ViewPostImeInputStage processPointer 1
06-15 13:46:46.261 D/jisu    ( 8948): mMiniKeyboardOnScreen=false, pointerCount=1, action=1, eventTime8451818, index=0, id=0
06-15 13:46:46.271 I/SamsungIME( 8948): [AKV] detectAndSendKey - index : 0, mCurrentInputMethod : 1, mInputLanguage : 1701729619
06-15 13:46:46.281 E/SamsungIME( 8948): <AbstractKeyboardView> - onDraw() called
06-15 13:46:46.281 W/DisplayListCanvas(10358): DisplayListCanvas is started on unbinded RenderNode (without mOwningView)
06-15 13:46:46.631 D/InputReader( 3563): Input event(3): value=1 when=8452185521000
06-15 13:46:46.631 D/InputReader( 3563): Input event(3): value=1 when=8452185521000
06-15 13:46:46.631 I/InputReader( 3563): Touch event's action is 0x0 (deviceType=0) [pCnt=1, s=0.831 ] when=8452185521000
06-15 13:46:46.631 D/InputReader( 3563): lastThreadEndTime = 8451819033987, currentThreadStartTime = 8451819036779, diff = 0
06-15 13:46:46.631 I/InputDispatcher( 3563): Delivering touch to (4225): action: 0x4, toolType: 1
06-15 13:46:46.631 I/InputDispatcher( 3563): Delivering touch to (6733): action: 0x4, toolType: 1
06-15 13:46:46.631 I/InputDispatcher( 3563): Delivering touch to (8948): action: 0x0, toolType: 1
06-15 13:46:46.631 D/ViewRootImpl( 8948): ViewPostImeInputStage processPointer 0
06-15 13:46:46.631 D/AutoHideHelper( 6733): ###check Single invalid
06-15 13:46:46.631 D/jisu    ( 8948): mMiniKeyboardOnScreen=false, pointerCount=1, action=0, eventTime8452185, index=0, id=0
06-15 13:46:46.641 D/SamsungIME( 8948): vib call
06-15 13:46:46.641 V/Vibrator( 8948): Called vibrate(int, int, AudioAttributes, MagnitudeTypes) API - PUID: 1000, repeat: -1, PackageName: com.sec.android.inputmethod, MagnitudeType: TouchMagnitude
06-15 13:46:46.641 V/Vibrator( 8948): vibrate - PUID: 1000, PackageName: com.sec.android.inputmethod, type: 50025, repeat: -1, mag: 6000, AudioAttr : null
06-15 13:46:46.651 D/jisu    ( 8948): mMiniKeyboardOnScreen=false, pointerCount=1, action=2, eventTime8452196, index=0, id=0
06-15 13:46:46.651 E/SamsungIME( 8948): <AbstractKeyboardView> - onDraw() called
06-15 13:46:46.661 D/jisu    ( 8948): mMiniKeyboardOnScreen=false, pointerCount=1, action=2, eventTime8452213, index=0, id=0
06-15 13:46:46.681 D/jisu    ( 8948): mMiniKeyboardOnScreen=false, pointerCount=1, action=2, eventTime8452229, index=0, id=0
06-15 13:46:46.701 D/jisu    ( 8948): mMiniKeyboardOnScreen=false, pointerCount=1, action=2, eventTime8452246, index=0, id=0
06-15 13:46:46.711 D/InputReader( 3563): Input event(3): value=0 when=8452267067000
06-15 13:46:46.711 D/InputReader( 3563): Input event(3): value=0 when=8452267067000
06-15 13:46:46.711 I/InputReader( 3563): Touch event's action is 0x1 (deviceType=0) [pCnt=1, s=] when=8452267067000
06-15 13:46:46.711 I/InputDispatcher( 3563): Delivering touch to (8948): action: 0x1, toolType: 1
06-15 13:46:46.711 D/jisu    ( 8948): mMiniKeyboardOnScreen=false, pointerCount=1, action=2, eventTime8452255, index=0, id=0
06-15 13:46:46.711 D/ViewRootImpl( 8948): ViewPostImeInputStage processPointer 1
06-15 13:46:46.711 D/jisu    ( 8948): mMiniKeyboardOnScreen=false, pointerCount=1, action=1, eventTime8452267, index=0, id=0
06-15 13:46:46.711 I/SamsungIME( 8948): [AKV] detectAndSendKey - index : 13, mCurrentInputMethod : 1, mInputLanguage : 1701729619
06-15 13:46:46.721 E/SamsungIME( 8948): <AbstractKeyboardView> - onDraw() called
06-15 13:46:46.731 W/DisplayListCanvas(10358): DisplayListCanvas is started on unbinded RenderNode (without mOwningView)
06-15 13:46:46.901 D/BluetoothAdapter( 3563): STATE_ON
06-15 13:46:46.971 D/KeyguardUpdateMonitor( 4225): received broadcast android.intent.action.BATTERY_CHANGED
06-15 13:46:46.971 D/KeyguardUpdateMonitor( 4225): handleBatteryUpdate
06-15 13:46:46.981 D/CommonServiceConfiguration( 4796): getStringValueSetting
06-15 13:46:46.981 V/HeadsetService( 5241): HeadsetService - Received Intent.ACTION_BATTERY_CHANGED
06-15 13:46:46.981 D/HeadsetStateMachine( 5241): Disconnected process message: 10, size: 0
06-15 13:46:46.981 D/BatteryMonitor( 4796): new battery level: 37
06-15 13:46:46.981 D/InputReader( 3563): Input event(3): value=1 when=8452539008000
06-15 13:46:46.981 D/InputReader( 3563): Input event(3): value=1 when=8452539008000
06-15 13:46:46.981 I/InputReader( 3563): Touch event's action is 0x0 (deviceType=0) [pCnt=1, s=0.832 ] when=8452539008000
06-15 13:46:46.981 D/InputReader( 3563): lastThreadEndTime = 8452267320196, currentThreadStartTime = 8452267325071, diff = 0
06-15 13:46:46.981 I/InputDispatcher( 3563): Delivering touch to (4225): action: 0x4, toolType: 1
06-15 13:46:46.981 I/InputDispatcher( 3563): Delivering touch to (6733): action: 0x4, toolType: 1
06-15 13:46:46.981 I/InputDispatcher( 3563): Delivering touch to (8948): action: 0x0, toolType: 1
06-15 13:46:46.981 D/ViewRootImpl( 8948): ViewPostImeInputStage processPointer 0
06-15 13:46:46.991 D/jisu    ( 8948): mMiniKeyboardOnScreen=false, pointerCount=1, action=0, eventTime8452539, index=0, id=0
06-15 13:46:46.991 D/AutoHideHelper( 6733): ###check Single invalid
06-15 13:46:46.991 D/SamsungIME( 8948): vib call
06-15 13:46:46.991 V/Vibrator( 8948): Called vibrate(int, int, AudioAttributes, MagnitudeTypes) API - PUID: 1000, repeat: -1, PackageName: com.sec.android.inputmethod, MagnitudeType: TouchMagnitude
06-15 13:46:46.991 V/Vibrator( 8948): vibrate - PUID: 1000, PackageName: com.sec.android.inputmethod, type: 50025, repeat: -1, mag: 6000, AudioAttr : null
06-15 13:46:47.001 E/SamsungIME( 8948): <AbstractKeyboardView> - onDraw() called
06-15 13:46:47.021 D/jisu    ( 8948): mMiniKeyboardOnScreen=false, pointerCount=1, action=2, eventTime8452565, index=0, id=0
06-15 13:46:47.031 D/jisu    ( 8948): mMiniKeyboardOnScreen=false, pointerCount=1, action=2, eventTime8452581, index=0, id=0
06-15 13:46:47.051 D/jisu    ( 8948): mMiniKeyboardOnScreen=false, pointerCount=1, action=2, eventTime8452592, index=0, id=0
06-15 13:46:47.051 D/InputReader( 3563): Input event(3): value=0 when=8452609417000
06-15 13:46:47.051 D/InputReader( 3563): Input event(3): value=0 when=8452609417000
06-15 13:46:47.051 I/InputReader( 3563): Touch event's action is 0x1 (deviceType=0) [pCnt=1, s=] when=8452609417000
06-15 13:46:47.051 I/InputDispatcher( 3563): Delivering touch to (8948): action: 0x1, toolType: 1
06-15 13:46:47.051 D/ViewRootImpl( 8948): ViewPostImeInputStage processPointer 1
06-15 13:46:47.051 D/jisu    ( 8948): mMiniKeyboardOnScreen=false, pointerCount=1, action=1, eventTime8452609, index=0, id=0
06-15 13:46:47.061 I/SamsungIME( 8948): [AKV] detectAndSendKey - index : 1, mCurrentInputMethod : 1, mInputLanguage : 1701729619
06-15 13:46:47.071 E/SamsungIME( 8948): <AbstractKeyboardView> - onDraw() called
06-15 13:46:47.071 W/DisplayListCanvas(10358): DisplayListCanvas is started on unbinded RenderNode (without mOwningView)
06-15 13:46:47.351 D/InputReader( 3563): Input event(3): value=1 when=8452905200000
06-15 13:46:47.351 D/InputReader( 3563): Input event(3): value=1 when=8452905200000
06-15 13:46:47.351 I/InputReader( 3563): Touch event's action is 0x0 (deviceType=0) [pCnt=1, s=0.833 ] when=8452905200000
06-15 13:46:47.351 D/InputReader( 3563): lastThreadEndTime = 8452609681863, currentThreadStartTime = 8452609685029, diff = 0
06-15 13:46:47.351 I/InputDispatcher( 3563): Delivering touch to (4225): action: 0x4, toolType: 1
06-15 13:46:47.351 I/InputDispatcher( 3563): Delivering touch to (6733): action: 0x4, toolType: 1
06-15 13:46:47.351 I/InputDispatcher( 3563): Delivering touch to (10358): action: 0x0, toolType: 1
06-15 13:46:47.351 D/AutoHideHelper( 6733): ###check Single invalid
06-15 13:46:47.351 D/ViewRootImpl(10358): ViewPostImeInputStage processPointer 0
06-15 13:46:47.411 D/InputReader( 3563): Input event(3): value=0 when=8452962182000
06-15 13:46:47.411 D/InputReader( 3563): Input event(3): value=0 when=8452962182000
06-15 13:46:47.411 I/InputReader( 3563): Touch event's action is 0x1 (deviceType=0) [pCnt=1, s=] when=8452962182000
06-15 13:46:47.411 I/InputDispatcher( 3563): Delivering touch to (10358): action: 0x1, toolType: 1
06-15 13:46:47.411 D/ViewRootImpl(10358): ViewPostImeInputStage processPointer 1
06-15 13:46:47.411 D/HWManager( 8948): hideBoxHandwritingView
06-15 13:46:47.411 D/HWManager( 8948): hideFSHandwritingView
06-15 13:46:47.411 D/HWManager( 8948): dismissHandwritingView 
06-15 13:46:47.411 E/KeyboardInfoUtils( 8948): getInstance start
06-15 13:46:47.411 E/KeyboardInfoUtils( 8948): sendSIPInformation state:6  isAbstractKeyboardView : true
06-15 13:46:47.411 E/KeyboardInfoUtils( 8948): sending null keyboardInfo as SIP is closed
06-15 13:46:47.411 D/SamsungIME_UnifiedIME( 8948): InputManagerImpl, mCloudHandler: 72
06-15 13:46:47.411 D/SamsungIME_UnifiedIME( 8948): setToolbarVisiblility, visible = false
06-15 13:46:47.411 D/SamsungIME( 8948): IMPL finishInput
06-15 13:46:47.511 D/RMHelper( 8948): SamsungIME : RMisReady() : client is null
06-15 13:46:47.511 D/RMHelper( 8948): SamsungIME : RMisReady() : client is null
06-15 13:46:47.511 D/RMHelper( 8948): RMHelper : initHelper()
06-15 13:46:47.511 D/RMHelper( 8948): SamsungIME : initHelper() : client is null
06-15 13:46:47.511 D/RMHelper( 8948): SamsungIME : RMisReady() : client is null
06-15 13:46:47.511 D/RMHelper( 8948): SamsungIME : RMisReady() : client is null
06-15 13:46:47.511 D/RMHelper( 8948): RMHelper : initHelper()
06-15 13:46:47.521 D/RMHelper( 8948): SamsungIME : initHelper() : client is null
06-15 13:46:47.521 D/RMHelper( 8948): SamsungIME : RMisReady() : client is null
06-15 13:46:47.521 D/RMHelper( 8948): SamsungIME : RMisReady() : client is null
06-15 13:46:47.521 D/RMHelper( 8948): RMHelper : initHelper()
06-15 13:46:47.521 D/RMHelper( 8948): SamsungIME : initHelper() : client is null
06-15 13:46:47.521 D/SamsungIME( 8948): onStartInputView requsted restarting value = false
06-15 13:46:47.521 D/SamsungIME( 8948): onStartInputView After call super -  restarting value = false
06-15 13:46:47.521 E/SamsungIME( 8948): resetNeedToLoadHwrLibrary : 1
06-15 13:46:47.531 D/SamsungIME_HWR( 8948): DynamicHwrLoadPerf, InitHwrLib time = 0 ms
06-15 13:46:47.531 D/SamsungIME_HWR( 8948): DynamicHwrLoadPerf, setAvailableHWRLanguage time = 0 ms
06-15 13:46:47.531 D/SamsungIME_HWR( 8948): DynamicHwrLoadPerf, updateHwrInputModule time = 0 ms
06-15 13:46:47.531 D/DragonTrigger( 8948): isVoiceSupportedModelWithoutSvoice : true device : zerofltechn
06-15 13:46:47.531 D/SamsungIME( 8948): [startInputView] info.inputType = 131201 info.imeOptions = 1140850694
06-15 13:46:47.541 I/SamsungIME( 8948): Update SetupWizard State usc : 1 pss : false
06-15 13:46:47.551 I/SamsungIME( 8948): Update SetupWizard State usc : 1 pss : false
06-15 13:46:47.551 D/DragonTrigger( 8948): isVoiceSupportedModelWithoutSvoice : true device : zerofltechn
06-15 13:46:47.591 I/SamsungIME( 8948): ET9AWSetFastAdaptation failed
06-15 13:46:47.591 I/SamsungIME( 8948): ET9KDLMInit : 2
06-15 13:46:47.591 I/SamsungIME( 8948): ET9JDLMInit : 2
06-15 13:46:47.591 E/SamsungIME( 8948): lang.getLanguageCode():en, lang.getCountryCode():US
06-15 13:46:47.591 E/SamsungIME( 8948): lang.getLanguageCode():zh, lang.getCountryCode():CN
06-15 13:46:47.591 W/SamsungIME( 8948): makeSelectedLanguageList:en_US;zh_CN;
06-15 13:46:47.591 I/SamsungIME( 8948): [IMI] isChangedMainValues - bRetVal : true
06-15 13:46:47.591 E/SamsungIME( 8948): sendInputLanguage() : en_US, en_US;zh_CN;
06-15 13:46:47.601 I/SamsungIME( 8948): getDebugLevel  : 0x4f4c
06-15 13:46:47.601 I/SamsungIME( 8948): KeybaordView init() : load resources
06-15 13:46:47.611 I/SamsungIME( 8948): getCurrentKeyboard
06-15 13:46:47.611 I/SamsungIME( 8948): getTextKeyboard
06-15 13:46:47.611 I/SamsungIME( 8948): CarMode is off 
06-15 13:46:47.611 D/SamsungIME( 8948): mDisplayWidth is 1440
06-15 13:46:47.611 D/SamsungIME( 8948): mDisplayHeight is 2560
06-15 13:46:47.611 D/SamsungIME( 8948): isOrientationLandscape false
06-15 13:46:47.611 D/SamsungIME( 8948): mDisplayWidth is 1440
06-15 13:46:47.611 D/SamsungIME( 8948): mDisplayHeight is 2560
06-15 13:46:47.611 D/SamsungIME( 8948): isOrientationLandscape false
06-15 13:46:47.631 D/SamsungIME( 8948): mIsUseStaticTouchRecognizedArea =  false
06-15 13:46:47.631 E/SamsungIME( 8948): ET9KDB_GetKdbNum : 39
06-15 13:46:47.631 E/SamsungIME( 8948): ET9KDB_GetPageNum : 39
06-15 13:46:47.631 D/SamsungIME( 8948): [AbstractKeyboardView] onDetachedFromWindow.
06-15 13:46:47.631 D/SamsungIME( 8948): Magnification Enabled = false
06-15 13:46:47.631 D/SamsungIME( 8948): Dismiss ExpandCandiate
06-15 13:46:47.631 E/SamsungIME( 8948): lang.getLanguageCode():en, lang.getCountryCode():US
06-15 13:46:47.631 E/SamsungIME( 8948): lang.getLanguageCode():zh, lang.getCountryCode():CN
06-15 13:46:47.631 W/SamsungIME( 8948): makeSelectedLanguageList:en_US;zh_CN;
06-15 13:46:47.631 D/HWManager( 8948): hideBoxHandwritingView
06-15 13:46:47.631 D/HWManager( 8948): hideFSHandwritingView
06-15 13:46:47.631 W/SamsungIME( 8948): setChineseStrokeMode() current language is not chinese
06-15 13:46:47.631 D/HWManager( 8948): hideBoxHandwritingView
06-15 13:46:47.631 D/HWManager( 8948): hideFSHandwritingView
06-15 13:46:47.631 W/SamsungIME( 8948): setChineseStrokeMode() current language is not chinese
06-15 13:46:47.631 D/SamsungIME( 8948): Dismiss ExpandCandiate
06-15 13:46:47.631 E/SamsungIME( 8948): sendInputLanguage() : en_US, en_US;zh_CN;
06-15 13:46:47.631 E/SamsungIME( 8948): updateShiftState() : 2
06-15 13:46:47.651 I/SamsungIME( 8948): ET9AWSetFastAdaptation failed
06-15 13:46:47.651 I/SamsungIME( 8948): ET9KDLMInit : 2
06-15 13:46:47.651 I/SamsungIME( 8948): ET9JDLMInit : 2
06-15 13:46:47.651 I/SamsungIME( 8948): getCurrentKeyboard
06-15 13:46:47.651 I/SamsungIME( 8948): getTextKeyboard
06-15 13:46:47.651 I/SamsungIME( 8948): CarMode is off 
06-15 13:46:47.651 E/SamsungIME( 8948): get previous
06-15 13:46:47.651 D/SamsungIME( 8948): mIsUseStaticTouchRecognizedArea =  false
06-15 13:46:47.651 D/HWManager( 8948): hideBoxHandwritingView
06-15 13:46:47.651 D/HWManager( 8948): hideFSHandwritingView
06-15 13:46:47.651 W/SamsungIME( 8948): setChineseStrokeMode() current language is not chinese
06-15 13:46:47.651 D/SamsungIME( 8948): Dismiss ExpandCandiate
06-15 13:46:47.671 I/SamsungIME( 8948): ET9AWSetFastAdaptation failed
06-15 13:46:47.671 I/SamsungIME( 8948): ET9KDLMInit : 2
06-15 13:46:47.671 I/SamsungIME( 8948): ET9JDLMInit : 2
06-15 13:46:47.671 D/SamsungIME_UnifiedIME( 8948): setToolbarVisiblility, visible = true
06-15 13:46:47.671 D/SamsungIME_UnifiedIME( 8948): InputManagerImpl, mCloudHandler: 72
06-15 13:46:47.671 D/SamsungIME_UnifiedIME( 8948): InputManagerImpl, mCloudHandler: 72
06-15 13:46:47.671 D/SamsungIME( 8948): startInputViewContinue : true true
06-15 13:46:47.671 D/SamsungIME( 8948): [showDiscoverability] this is auto replacement discoverity popup
06-15 13:46:47.671 D/SamsungIME( 8948): conditions for show dialog : true false true false
06-15 13:46:47.671 D/SamsungIME( 8948): showDlgMsgBox : true true true
06-15 13:46:47.671 D/SamsungIME( 8948): showDlgMsgBox inner condition : true true
06-15 13:46:47.671 I/SamsungIME( 8948): [IMI] startInputView - caller pid : 10358, caller uid : 10875
06-15 13:46:47.671 D/InputMethodFrameWorkUtils( 8948): InputMethodSubtype is found as local:en_US
06-15 13:46:47.671 D/InputMethodFrameWorkUtils( 8948): InputMethodSubtype is set as local:en_US
06-15 13:46:47.671 D/SamsungIME( 8948): onViewClicked
06-15 13:46:47.691 D/EventStateReceiver( 6733): [c] IS_VISIBLE_WINDOW #1:true, IS_MOVABLE_KEYPAD:false
06-15 13:46:47.691 E/EventStateReceiver( 6733): mIsOpenIME:true  isOpenIME:true
06-15 13:46:47.701 E/ProxyStatusReceiver(11488): no this type!
06-15 13:46:47.701 D/ViewRootImpl(10358): MSG_RESIZED: ci=Rect(0, 96 - 0, 0) vi=Rect(0, 96 - 0, 1128) or=1
06-15 13:46:47.711 E/SamsungIME( 8948): <AbstractKeyboardView> - onDraw() called
06-15 13:46:47.721 I/SamsungIME( 8948): drawAllKey
06-15 13:46:47.721 D/EventStateReceiver( 6733): [c] IS_VISIBLE_WINDOW #1:true, IS_MOVABLE_KEYPAD:false
06-15 13:46:47.721 E/EventStateReceiver( 6733): mIsOpenIME:true  isOpenIME:true
06-15 13:46:47.741 E/ProxyStatusReceiver(11488): no this type!
06-15 13:46:47.781 D/DragonTrigger( 8948): isVoiceSupportedModelWithoutSvoice : true device : zerofltechn
06-15 13:46:47.781 D/SamsungIME_UnifiedIME( 8948): ToolBarPage createToolBarView tollbar itemNums = 6
06-15 13:46:47.791 E/SamsungIME( 8948): <AbstractKeyboardView> - onDraw() called
06-15 13:46:47.801 D/SamsungIME( 8948): Dismiss ExpandCandiate
06-15 13:46:47.921 W/DisplayListCanvas(10358): DisplayListCanvas is started on unbinded RenderNode (without mOwningView)
06-15 13:46:49.371 D/InputReader( 3563): Input event(3): value=1 when=8454922746000
06-15 13:46:49.371 D/InputReader( 3563): Input event(3): value=1 when=8454922746000
06-15 13:46:49.371 I/InputReader( 3563): Touch event's action is 0x0 (deviceType=0) [pCnt=1, s=0.834 ] when=8454922746000
06-15 13:46:49.371 D/InputReader( 3563): lastThreadEndTime = 8452962647738, currentThreadStartTime = 8452962652696, diff = 0
06-15 13:46:49.371 I/InputDispatcher( 3563): Delivering touch to (4225): action: 0x4, toolType: 1
06-15 13:46:49.371 I/InputDispatcher( 3563): Delivering touch to (6733): action: 0x4, toolType: 1
06-15 13:46:49.371 I/InputDispatcher( 3563): Delivering touch to (8948): action: 0x0, toolType: 1
06-15 13:46:49.371 D/AutoHideHelper( 6733): ###check Single invalid
06-15 13:46:49.371 D/ViewRootImpl( 8948): ViewPostImeInputStage processPointer 0
06-15 13:46:49.371 D/jisu    ( 8948): mMiniKeyboardOnScreen=false, pointerCount=1, action=0, eventTime8454922, index=0, id=0
06-15 13:46:49.371 D/SamsungIME( 8948): vib call
06-15 13:46:49.371 V/Vibrator( 8948): Called vibrate(int, int, AudioAttributes, MagnitudeTypes) API - PUID: 1000, repeat: -1, PackageName: com.sec.android.inputmethod, MagnitudeType: TouchMagnitude
06-15 13:46:49.371 V/Vibrator( 8948): vibrate - PUID: 1000, PackageName: com.sec.android.inputmethod, type: 50025, repeat: -1, mag: 6000, AudioAttr : null
06-15 13:46:49.381 E/SamsungIME( 8948): <AbstractKeyboardView> - onDraw() called
06-15 13:46:49.401 D/InputReader( 3563): Input event(3): value=0 when=8454958323000
06-15 13:46:49.401 D/InputReader( 3563): Input event(3): value=0 when=8454958323000
06-15 13:46:49.401 I/InputReader( 3563): Touch event's action is 0x1 (deviceType=0) [pCnt=1, s=] when=8454958323000
06-15 13:46:49.401 I/InputDispatcher( 3563): Delivering touch to (8948): action: 0x1, toolType: 1
06-15 13:46:49.401 D/jisu    ( 8948): mMiniKeyboardOnScreen=false, pointerCount=1, action=2, eventTime8454946, index=0, id=0
06-15 13:46:49.401 D/ViewRootImpl( 8948): ViewPostImeInputStage processPointer 1
06-15 13:46:49.401 D/jisu    ( 8948): mMiniKeyboardOnScreen=false, pointerCount=1, action=1, eventTime8454958, index=0, id=0
06-15 13:46:49.411 I/SamsungIME( 8948): [AKV] detectAndSendKey - index : 7, mCurrentInputMethod : 0, mInputLanguage : 1701729619
06-15 13:46:49.411 E/SamsungIME( 8948): <AbstractKeyboardView> - onDraw() called
06-15 13:46:49.431 W/DisplayListCanvas(10358): DisplayListCanvas is started on unbinded RenderNode (without mOwningView)
06-15 13:46:49.711 D/InputReader( 3563): Input event(3): value=1 when=8455264538000
06-15 13:46:49.711 D/InputReader( 3563): Input event(3): value=1 when=8455264538000
06-15 13:46:49.711 I/InputReader( 3563): Touch event's action is 0x0 (deviceType=0) [pCnt=1, s=0.835 ] when=8455264538000
06-15 13:46:49.711 D/InputReader( 3563): lastThreadEndTime = 8454958509947, currentThreadStartTime = 8454958513072, diff = 0
06-15 13:46:49.711 I/InputDispatcher( 3563): Delivering touch to (4225): action: 0x4, toolType: 1
06-15 13:46:49.711 I/InputDispatcher( 3563): Delivering touch to (6733): action: 0x4, toolType: 1
06-15 13:46:49.711 I/InputDispatcher( 3563): Delivering touch to (8948): action: 0x0, toolType: 1
06-15 13:46:49.711 D/AutoHideHelper( 6733): ###check Single invalid
06-15 13:46:49.711 D/ViewRootImpl( 8948): ViewPostImeInputStage processPointer 0
06-15 13:46:49.711 D/jisu    ( 8948): mMiniKeyboardOnScreen=false, pointerCount=1, action=0, eventTime8455264, index=0, id=0
06-15 13:46:49.721 D/SamsungIME( 8948): vib call
06-15 13:46:49.721 V/Vibrator( 8948): Called vibrate(int, int, AudioAttributes, MagnitudeTypes) API - PUID: 1000, repeat: -1, PackageName: com.sec.android.inputmethod, MagnitudeType: TouchMagnitude
06-15 13:46:49.721 V/Vibrator( 8948): vibrate - PUID: 1000, PackageName: com.sec.android.inputmethod, type: 50025, repeat: -1, mag: 6000, AudioAttr : null
06-15 13:46:49.731 D/jisu    ( 8948): mMiniKeyboardOnScreen=false, pointerCount=1, action=2, eventTime8455275, index=0, id=0
06-15 13:46:49.731 E/SamsungIME( 8948): <AbstractKeyboardView> - onDraw() called
06-15 13:46:49.741 D/jisu    ( 8948): mMiniKeyboardOnScreen=false, pointerCount=1, action=2, eventTime8455292, index=0, id=0
06-15 13:46:49.761 D/jisu    ( 8948): mMiniKeyboardOnScreen=false, pointerCount=1, action=2, eventTime8455309, index=0, id=0
06-15 13:46:49.781 D/jisu    ( 8948): mMiniKeyboardOnScreen=false, pointerCount=1, action=2, eventTime8455325, index=0, id=0
06-15 13:46:49.781 D/InputReader( 3563): Input event(3): value=0 when=8455334651000
06-15 13:46:49.781 D/InputReader( 3563): Input event(3): value=0 when=8455334651000
06-15 13:46:49.781 I/InputReader( 3563): Touch event's action is 0x1 (deviceType=0) [pCnt=1, s=] when=8455334651000
06-15 13:46:49.781 I/InputDispatcher( 3563): Delivering touch to (8948): action: 0x1, toolType: 1
06-15 13:46:49.781 D/ViewRootImpl( 8948): ViewPostImeInputStage processPointer 1
06-15 13:46:49.781 D/jisu    ( 8948): mMiniKeyboardOnScreen=false, pointerCount=1, action=1, eventTime8455334, index=0, id=0
06-15 13:46:49.781 I/SamsungIME( 8948): [AKV] detectAndSendKey - index : 7, mCurrentInputMethod : 0, mInputLanguage : 1701729619
06-15 13:46:49.791 E/SamsungIME( 8948): <AbstractKeyboardView> - onDraw() called
06-15 13:46:49.791 W/DisplayListCanvas(10358): DisplayListCanvas is started on unbinded RenderNode (without mOwningView)
06-15 13:46:49.981 D/InputReader( 3563): Input event(3): value=1 when=8455536072000
06-15 13:46:49.981 D/InputReader( 3563): Input event(3): value=1 when=8455536072000
06-15 13:46:49.981 I/InputReader( 3563): Touch event's action is 0x0 (deviceType=0) [pCnt=1, s=0.836 ] when=8455536072000
06-15 13:46:49.981 D/InputReader( 3563): lastThreadEndTime = 8455334867031, currentThreadStartTime = 8455334868489, diff = 0
06-15 13:46:49.981 I/InputDispatcher( 3563): Delivering touch to (4225): action: 0x4, toolType: 1
06-15 13:46:49.981 I/InputDispatcher( 3563): Delivering touch to (6733): action: 0x4, toolType: 1
06-15 13:46:49.981 I/InputDispatcher( 3563): Delivering touch to (8948): action: 0x0, toolType: 1
06-15 13:46:49.981 D/ViewRootImpl( 8948): ViewPostImeInputStage processPointer 0
06-15 13:46:49.981 D/AutoHideHelper( 6733): ###check Single invalid
06-15 13:46:49.981 D/jisu    ( 8948): mMiniKeyboardOnScreen=false, pointerCount=1, action=0, eventTime8455536, index=0, id=0
06-15 13:46:49.991 D/SamsungIME( 8948): vib call
06-15 13:46:49.991 V/Vibrator( 8948): Called vibrate(int, int, AudioAttributes, MagnitudeTypes) API - PUID: 1000, repeat: -1, PackageName: com.sec.android.inputmethod, MagnitudeType: TouchMagnitude
06-15 13:46:49.991 V/Vibrator( 8948): vibrate - PUID: 1000, PackageName: com.sec.android.inputmethod, type: 50025, repeat: -1, mag: 6000, AudioAttr : null
06-15 13:46:49.991 E/SamsungIME( 8948): <AbstractKeyboardView> - onDraw() called
06-15 13:46:50.011 D/jisu    ( 8948): mMiniKeyboardOnScreen=false, pointerCount=1, action=2, eventTime8455560, index=0, id=0
06-15 13:46:50.031 D/jisu    ( 8948): mMiniKeyboardOnScreen=false, pointerCount=1, action=2, eventTime8455576, index=0, id=0
06-15 13:46:50.041 D/jisu    ( 8948): mMiniKeyboardOnScreen=false, pointerCount=1, action=2, eventTime8455593, index=0, id=0
06-15 13:46:50.061 D/jisu    ( 8948): mMiniKeyboardOnScreen=false, pointerCount=1, action=2, eventTime8455610, index=0, id=0
06-15 13:46:50.071 D/InputReader( 3563): Input event(3): value=0 when=8455629117000
06-15 13:46:50.071 D/InputReader( 3563): Input event(3): value=0 when=8455629117000
06-15 13:46:50.071 I/InputReader( 3563): Touch event's action is 0x1 (deviceType=0) [pCnt=1, s=] when=8455629117000
06-15 13:46:50.071 I/InputDispatcher( 3563): Delivering touch to (8948): action: 0x1, toolType: 1
06-15 13:46:50.071 D/ViewRootImpl( 8948): ViewPostImeInputStage processPointer 1
06-15 13:46:50.081 D/jisu    ( 8948): mMiniKeyboardOnScreen=false, pointerCount=1, action=1, eventTime8455629, index=0, id=0
06-15 13:46:50.081 I/SamsungIME( 8948): [AKV] detectAndSendKey - index : 7, mCurrentInputMethod : 0, mInputLanguage : 1701729619
06-15 13:46:50.081 E/SamsungIME( 8948): <AbstractKeyboardView> - onDraw() called
06-15 13:46:50.101 W/DisplayListCanvas(10358): DisplayListCanvas is started on unbinded RenderNode (without mOwningView)
06-15 13:46:50.361 D/InputReader( 3563): Input event(3): value=1 when=8455913737000
06-15 13:46:50.361 D/InputReader( 3563): Input event(3): value=1 when=8455913737000
06-15 13:46:50.361 I/InputReader( 3563): Touch event's action is 0x0 (deviceType=0) [pCnt=1, s=0.837 ] when=8455913737000
06-15 13:46:50.361 D/InputReader( 3563): lastThreadEndTime = 8455629388781, currentThreadStartTime = 8455629393656, diff = 0
06-15 13:46:50.361 I/InputDispatcher( 3563): Delivering touch to (4225): action: 0x4, toolType: 1
06-15 13:46:50.361 I/InputDispatcher( 3563): Delivering touch to (6733): action: 0x4, toolType: 1
06-15 13:46:50.361 I/InputDispatcher( 3563): Delivering touch to (8948): action: 0x0, toolType: 1
06-15 13:46:50.361 D/ViewRootImpl( 8948): ViewPostImeInputStage processPointer 0
06-15 13:46:50.361 D/AutoHideHelper( 6733): ###check Single invalid
06-15 13:46:50.361 D/jisu    ( 8948): mMiniKeyboardOnScreen=false, pointerCount=1, action=0, eventTime8455913, index=0, id=0
06-15 13:46:50.361 D/SamsungIME( 8948): vib call
06-15 13:46:50.361 V/Vibrator( 8948): Called vibrate(int, int, AudioAttributes, MagnitudeTypes) API - PUID: 1000, repeat: -1, PackageName: com.sec.android.inputmethod, MagnitudeType: TouchMagnitude
06-15 13:46:50.361 V/Vibrator( 8948): vibrate - PUID: 1000, PackageName: com.sec.android.inputmethod, type: 50025, repeat: -1, mag: 6000, AudioAttr : null
06-15 13:46:50.381 E/SamsungIME( 8948): <AbstractKeyboardView> - onDraw() called
06-15 13:46:50.401 D/jisu    ( 8948): mMiniKeyboardOnScreen=false, pointerCount=1, action=2, eventTime8455944, index=0, id=0
06-15 13:46:50.411 D/jisu    ( 8948): mMiniKeyboardOnScreen=false, pointerCount=1, action=2, eventTime8455953, index=0, id=0
06-15 13:46:50.431 D/jisu    ( 8948): mMiniKeyboardOnScreen=false, pointerCount=1, action=2, eventTime8455971, index=0, id=0
06-15 13:46:50.441 D/InputReader( 3563): Input event(3): value=0 when=8455994957000
06-15 13:46:50.441 D/InputReader( 3563): Input event(3): value=0 when=8455994957000
06-15 13:46:50.441 I/InputReader( 3563): Touch event's action is 0x1 (deviceType=0) [pCnt=1, s=] when=8455994957000
06-15 13:46:50.441 I/InputDispatcher( 3563): Delivering touch to (8948): action: 0x1, toolType: 1
06-15 13:46:50.441 D/jisu    ( 8948): mMiniKeyboardOnScreen=false, pointerCount=1, action=2, eventTime8455983, index=0, id=0
06-15 13:46:50.441 D/ViewRootImpl( 8948): ViewPostImeInputStage processPointer 1
06-15 13:46:50.441 D/jisu    ( 8948): mMiniKeyboardOnScreen=false, pointerCount=1, action=1, eventTime8455994, index=0, id=0
06-15 13:46:50.441 I/SamsungIME( 8948): [AKV] detectAndSendKey - index : 7, mCurrentInputMethod : 0, mInputLanguage : 1701729619
06-15 13:46:50.451 E/SamsungIME( 8948): <AbstractKeyboardView> - onDraw() called
06-15 13:46:50.461 W/DisplayListCanvas(10358): DisplayListCanvas is started on unbinded RenderNode (without mOwningView)
06-15 13:46:50.671 D/InputReader( 3563): Input event(3): value=1 when=8456219984000
06-15 13:46:50.671 D/InputReader( 3563): Input event(3): value=1 when=8456219984000
06-15 13:46:50.671 I/InputReader( 3563): Touch event's action is 0x0 (deviceType=0) [pCnt=1, s=0.838 ] when=8456219984000
06-15 13:46:50.671 D/InputReader( 3563): lastThreadEndTime = 8455995429614, currentThreadStartTime = 8455995434239, diff = 0
06-15 13:46:50.671 I/InputDispatcher( 3563): Delivering touch to (4225): action: 0x4, toolType: 1
06-15 13:46:50.671 I/InputDispatcher( 3563): Delivering touch to (6733): action: 0x4, toolType: 1
06-15 13:46:50.671 I/InputDispatcher( 3563): Delivering touch to (8948): action: 0x0, toolType: 1
06-15 13:46:50.671 D/ViewRootImpl( 8948): ViewPostImeInputStage processPointer 0
06-15 13:46:50.671 D/jisu    ( 8948): mMiniKeyboardOnScreen=false, pointerCount=1, action=0, eventTime8456219, index=0, id=0
06-15 13:46:50.671 D/AutoHideHelper( 6733): ###check Single invalid
06-15 13:46:50.671 D/SamsungIME( 8948): vib call
06-15 13:46:50.671 V/Vibrator( 8948): Called vibrate(int, int, AudioAttributes, MagnitudeTypes) API - PUID: 1000, repeat: -1, PackageName: com.sec.android.inputmethod, MagnitudeType: TouchMagnitude
06-15 13:46:50.671 V/Vibrator( 8948): vibrate - PUID: 1000, PackageName: com.sec.android.inputmethod, type: 50025, repeat: -1, mag: 6000, AudioAttr : null
06-15 13:46:50.681 E/SamsungIME( 8948): <AbstractKeyboardView> - onDraw() called
06-15 13:46:50.701 D/jisu    ( 8948): mMiniKeyboardOnScreen=false, pointerCount=1, action=2, eventTime8456246, index=0, id=0
06-15 13:46:50.711 D/jisu    ( 8948): mMiniKeyboardOnScreen=false, pointerCount=1, action=2, eventTime8456260, index=0, id=0
06-15 13:46:50.731 D/jisu    ( 8948): mMiniKeyboardOnScreen=false, pointerCount=1, action=2, eventTime8456278, index=0, id=0
06-15 13:46:50.751 D/jisu    ( 8948): mMiniKeyboardOnScreen=false, pointerCount=1, action=2, eventTime8456296, index=0, id=0
06-15 13:46:50.771 D/InputReader( 3563): Input event(3): value=0 when=8456325662000
06-15 13:46:50.771 D/InputReader( 3563): Input event(3): value=0 when=8456325662000
06-15 13:46:50.771 I/InputReader( 3563): Touch event's action is 0x1 (deviceType=0) [pCnt=1, s=] when=8456325662000
06-15 13:46:50.771 I/InputDispatcher( 3563): Delivering touch to (8948): action: 0x1, toolType: 1
06-15 13:46:50.771 D/ViewRootImpl( 8948): ViewPostImeInputStage processPointer 1
06-15 13:46:50.771 D/jisu    ( 8948): mMiniKeyboardOnScreen=false, pointerCount=1, action=1, eventTime8456325, index=0, id=0
06-15 13:46:50.771 I/SamsungIME( 8948): [AKV] detectAndSendKey - index : 7, mCurrentInputMethod : 0, mInputLanguage : 1701729619
06-15 13:46:50.781 E/SamsungIME( 8948): <AbstractKeyboardView> - onDraw() called
06-15 13:46:50.781 W/DisplayListCanvas(10358): DisplayListCanvas is started on unbinded RenderNode (without mOwningView)
06-15 13:46:50.901 D/InputReader( 3563): Input event(3): value=1 when=8456456919000
06-15 13:46:50.901 D/InputReader( 3563): Input event(3): value=1 when=8456456919000
06-15 13:46:50.901 I/InputReader( 3563): Touch event's action is 0x0 (deviceType=0) [pCnt=1, s=0.839 ] when=8456456919000
06-15 13:46:50.901 D/InputReader( 3563): lastThreadEndTime = 8456326147573, currentThreadStartTime = 8456326152698, diff = 0
06-15 13:46:50.901 I/InputDispatcher( 3563): Delivering touch to (4225): action: 0x4, toolType: 1
06-15 13:46:50.901 I/InputDispatcher( 3563): Delivering touch to (6733): action: 0x4, toolType: 1
06-15 13:46:50.901 I/InputDispatcher( 3563): Delivering touch to (8948): action: 0x0, toolType: 1
06-15 13:46:50.901 D/AutoHideHelper( 6733): ###check Single invalid
06-15 13:46:50.901 D/ViewRootImpl( 8948): ViewPostImeInputStage processPointer 0
06-15 13:46:50.901 D/jisu    ( 8948): mMiniKeyboardOnScreen=false, pointerCount=1, action=0, eventTime8456456, index=0, id=0
06-15 13:46:50.911 D/SamsungIME( 8948): vib call
06-15 13:46:50.911 V/Vibrator( 8948): Called vibrate(int, int, AudioAttributes, MagnitudeTypes) API - PUID: 1000, repeat: -1, PackageName: com.sec.android.inputmethod, MagnitudeType: TouchMagnitude
06-15 13:46:50.911 V/Vibrator( 8948): vibrate - PUID: 1000, PackageName: com.sec.android.inputmethod, type: 50025, repeat: -1, mag: 6000, AudioAttr : null
06-15 13:46:50.921 E/SamsungIME( 8948): <AbstractKeyboardView> - onDraw() called
06-15 13:46:50.931 D/jisu    ( 8948): mMiniKeyboardOnScreen=false, pointerCount=1, action=2, eventTime8456480, index=0, id=0
06-15 13:46:50.951 D/jisu    ( 8948): mMiniKeyboardOnScreen=false, pointerCount=1, action=2, eventTime8456497, index=0, id=0
06-15 13:46:50.961 D/jisu    ( 8948): mMiniKeyboardOnScreen=false, pointerCount=1, action=2, eventTime8456513, index=0, id=0
06-15 13:46:50.981 D/jisu    ( 8948): mMiniKeyboardOnScreen=false, pointerCount=1, action=2, eventTime8456530, index=0, id=0
06-15 13:46:51.001 D/jisu    ( 8948): mMiniKeyboardOnScreen=false, pointerCount=1, action=2, eventTime8456545, index=0, id=0
06-15 13:46:51.021 D/InputReader( 3563): Input event(3): value=0 when=8456573879000
06-15 13:46:51.021 D/InputReader( 3563): Input event(3): value=0 when=8456573879000
06-15 13:46:51.021 I/InputReader( 3563): Touch event's action is 0x1 (deviceType=0) [pCnt=1, s=] when=8456573879000
06-15 13:46:51.021 I/InputDispatcher( 3563): Delivering touch to (8948): action: 0x1, toolType: 1
06-15 13:46:51.021 D/ViewRootImpl( 8948): ViewPostImeInputStage processPointer 1
06-15 13:46:51.021 D/jisu    ( 8948): mMiniKeyboardOnScreen=false, pointerCount=1, action=1, eventTime8456573, index=0, id=0
06-15 13:46:51.021 I/SamsungIME( 8948): [AKV] detectAndSendKey - index : 7, mCurrentInputMethod : 0, mInputLanguage : 1701729619
06-15 13:46:51.031 E/SamsungIME( 8948): <AbstractKeyboardView> - onDraw() called
06-15 13:46:51.031 W/DisplayListCanvas(10358): DisplayListCanvas is started on unbinded RenderNode (without mOwningView)
06-15 13:46:51.361 D/InputReader( 3563): Input event(3): value=1 when=8456909428000
06-15 13:46:51.361 D/InputReader( 3563): Input event(3): value=1 when=8456909428000
06-15 13:46:51.361 I/InputReader( 3563): Touch event's action is 0x0 (deviceType=0) [pCnt=1, s=0.840 ] when=8456909428000
06-15 13:46:51.361 D/InputReader( 3563): lastThreadEndTime = 8456574351823, currentThreadStartTime = 8456574356864, diff = 0
06-15 13:46:51.361 I/InputDispatcher( 3563): Delivering touch to (4225): action: 0x4, toolType: 1
06-15 13:46:51.361 I/InputDispatcher( 3563): Delivering touch to (6733): action: 0x4, toolType: 1
06-15 13:46:51.361 I/InputDispatcher( 3563): Delivering touch to (8948): action: 0x0, toolType: 1
06-15 13:46:51.361 D/AutoHideHelper( 6733): ###check Single invalid
06-15 13:46:51.361 D/ViewRootImpl( 8948): ViewPostImeInputStage processPointer 0
06-15 13:46:51.451 D/InputReader( 3563): Input event(3): value=0 when=8457001844000
06-15 13:46:51.451 D/InputReader( 3563): Input event(3): value=0 when=8457001844000
06-15 13:46:51.451 I/InputReader( 3563): Touch event's action is 0x1 (deviceType=0) [pCnt=1, s=] when=8457001844000
06-15 13:46:51.451 I/InputDispatcher( 3563): Delivering touch to (8948): action: 0x1, toolType: 1
06-15 13:46:51.451 D/ViewRootImpl( 8948): ViewPostImeInputStage processPointer 1
