06-15 13:50:43.841 V/Vibrator( 8948): Called vibrate(int, int, AudioAttributes, MagnitudeTypes) API - PUID: 1000, repeat: -1, PackageName: com.sec.android.inputmethod, MagnitudeType: TouchMagnitude
06-15 13:50:43.841 V/Vibrator( 8948): vibrate - PUID: 1000, PackageName: com.sec.android.inputmethod, type: 50025, repeat: -1, mag: 6000, AudioAttr : null
06-15 13:50:43.851 E/SamsungIME( 8948): <AbstractKeyboardView> - onDraw() called
06-15 13:50:43.861 D/jisu    ( 8948): mMiniKeyboardOnScreen=false, pointerCount=1, action=2, eventTime8689414, index=0, id=0
06-15 13:50:43.881 D/jisu    ( 8948): mMiniKeyboardOnScreen=false, pointerCount=1, action=2, eventTime8689430, index=0, id=0
06-15 13:50:43.931 D/InputReader( 3563): Input event(3): value=0 when=8689484279000
06-15 13:50:43.931 D/InputReader( 3563): Input event(3): value=0 when=8689484279000
06-15 13:50:43.931 I/InputReader( 3563): Touch event's action is 0x1 (deviceType=0) [pCnt=1, s=] when=8689484279000
06-15 13:50:43.931 I/InputDispatcher( 3563): Delivering touch to (8948): action: 0x1, toolType: 1
06-15 13:50:43.931 D/jisu    ( 8948): mMiniKeyboardOnScreen=false, pointerCount=1, action=2, eventTime8689473, index=0, id=0
06-15 13:50:43.931 D/ViewRootImpl( 8948): ViewPostImeInputStage processPointer 1
06-15 13:50:43.931 D/jisu    ( 8948): mMiniKeyboardOnScreen=false, pointerCount=1, action=1, eventTime8689484, index=0, id=0
06-15 13:50:43.931 I/SamsungIME( 8948): [AKV] detectAndSendKey - index : 7, mCurrentInputMethod : 0, mInputLanguage : 1701729619
06-15 13:50:43.931 E/SamsungIME( 8948): <AbstractKeyboardView> - onDraw() called
06-15 13:50:43.951 W/DisplayListCanvas(10358): DisplayListCanvas is started on unbinded RenderNode (without mOwningView)
06-15 13:50:44.081 D/InputReader( 3563): Input event(3): value=1 when=8689638808000
06-15 13:50:44.081 D/InputReader( 3563): Input event(3): value=1 when=8689638808000
06-15 13:50:44.081 I/InputReader( 3563): Touch event's action is 0x0 (deviceType=0) [pCnt=1, s=0.888 ] when=8689638808000
06-15 13:50:44.081 D/InputReader( 3563): lastThreadEndTime = 8689484734142, currentThreadStartTime = 8689484738976, diff = 0
06-15 13:50:44.091 I/InputDispatcher( 3563): Delivering touch to (4225): action: 0x4, toolType: 1
06-15 13:50:44.091 I/InputDispatcher( 3563): Delivering touch to (6733): action: 0x4, toolType: 1
06-15 13:50:44.091 I/InputDispatcher( 3563): Delivering touch to (8948): action: 0x0, toolType: 1
06-15 13:50:44.091 D/ViewRootImpl( 8948): ViewPostImeInputStage processPointer 0
06-15 13:50:44.091 D/AutoHideHelper( 6733): ###check Single invalid
06-15 13:50:44.091 D/jisu    ( 8948): mMiniKeyboardOnScreen=false, pointerCount=1, action=0, eventTime8689638, index=0, id=0
06-15 13:50:44.091 D/SamsungIME( 8948): vib call
06-15 13:50:44.091 V/Vibrator( 8948): Called vibrate(int, int, AudioAttributes, MagnitudeTypes) API - PUID: 1000, repeat: -1, PackageName: com.sec.android.inputmethod, MagnitudeType: TouchMagnitude
06-15 13:50:44.091 V/Vibrator( 8948): vibrate - PUID: 1000, PackageName: com.sec.android.inputmethod, type: 50025, repeat: -1, mag: 6000, AudioAttr : null
06-15 13:50:44.101 E/SamsungIME( 8948): <AbstractKeyboardView> - onDraw() called
06-15 13:50:44.121 D/jisu    ( 8948): mMiniKeyboardOnScreen=false, pointerCount=1, action=2, eventTime8689661, index=0, id=0
06-15 13:50:44.131 D/jisu    ( 8948): mMiniKeyboardOnScreen=false, pointerCount=1, action=2, eventTime8689681, index=0, id=0
06-15 13:50:44.151 D/jisu    ( 8948): mMiniKeyboardOnScreen=false, pointerCount=1, action=2, eventTime8689698, index=0, id=0
06-15 13:50:44.171 D/jisu    ( 8948): mMiniKeyboardOnScreen=false, pointerCount=1, action=2, eventTime8689715, index=0, id=0
06-15 13:50:44.181 D/InputReader( 3563): Input event(3): value=0 when=8689732395000
06-15 13:50:44.181 D/InputReader( 3563): Input event(3): value=0 when=8689732395000
06-15 13:50:44.181 I/InputReader( 3563): Touch event's action is 0x1 (deviceType=0) [pCnt=1, s=] when=8689732395000
06-15 13:50:44.181 I/InputDispatcher( 3563): Delivering touch to (8948): action: 0x1, toolType: 1
06-15 13:50:44.181 D/ViewRootImpl( 8948): ViewPostImeInputStage processPointer 1
06-15 13:50:44.181 D/jisu    ( 8948): mMiniKeyboardOnScreen=false, pointerCount=1, action=1, eventTime8689732, index=0, id=0
06-15 13:50:44.181 I/SamsungIME( 8948): [AKV] detectAndSendKey - index : 7, mCurrentInputMethod : 0, mInputLanguage : 1701729619
06-15 13:50:44.181 E/SamsungIME( 8948): <AbstractKeyboardView> - onDraw() called
06-15 13:50:44.201 W/DisplayListCanvas(10358): DisplayListCanvas is started on unbinded RenderNode (without mOwningView)
06-15 13:50:44.401 D/NetworkController.MobileSignalController(0/2147483643)( 4225): onSignalStrengthsChanged signalStrength=SignalStrength: 21 99 -120 -160 -120 -1 -1 99 2147483647 2147483647 2147483647 -1 2147483647 0x4 gsm|lte level=4
06-15 13:50:44.401 D/NetworkController.MobileSignalController(0/2147483643)( 4225): getMobileIconGroup(): 0
06-15 13:50:44.401 D/NetworkController.MobileSignalController(0/2147483643)( 4225): updateCMCCMobileIconGroup(): 0
06-15 13:50:44.721 D/InputReader( 3563): Input event(3): value=1 when=8690278104000
06-15 13:50:44.721 D/InputReader( 3563): Input event(3): value=1 when=8690278104000
06-15 13:50:44.721 I/InputReader( 3563): Touch event's action is 0x0 (deviceType=0) [pCnt=1, s=0.889 ] when=8690278104000
06-15 13:50:44.721 D/InputReader( 3563): lastThreadEndTime = 8689732874476, currentThreadStartTime = 8689732879517, diff = 0
06-15 13:50:44.721 I/InputDispatcher( 3563): Delivering touch to (4225): action: 0x4, toolType: 1
06-15 13:50:44.721 I/InputDispatcher( 3563): Delivering touch to (6733): action: 0x4, toolType: 1
06-15 13:50:44.721 I/InputDispatcher( 3563): Delivering touch to (8948): action: 0x0, toolType: 1
06-15 13:50:44.731 D/AutoHideHelper( 6733): ###check Single invalid
06-15 13:50:44.731 D/ViewRootImpl( 8948): ViewPostImeInputStage processPointer 0
06-15 13:50:44.811 D/InputReader( 3563): Input event(3): value=0 when=8690360664000
06-15 13:50:44.811 D/InputReader( 3563): Input event(3): value=0 when=8690360664000
06-15 13:50:44.811 I/InputReader( 3563): Touch event's action is 0x1 (deviceType=0) [pCnt=1, s=] when=8690360664000
06-15 13:50:44.811 I/InputDispatcher( 3563): Delivering touch to (8948): action: 0x1, toolType: 1
06-15 13:50:44.811 D/ViewRootImpl( 8948): ViewPostImeInputStage processPointer 1
06-15 13:50:44.921 E/BoostFramework( 3563): Exception java.lang.NullPointerException: Attempt to invoke virtual method 'java.lang.Object java.lang.reflect.Method.invoke(java.lang.Object, java.lang.Object[])' on a null object reference
06-15 13:50:44.921 D/HWManager( 8948): hideBoxHandwritingView
06-15 13:50:44.921 D/HWManager( 8948): hideFSHandwritingView
06-15 13:50:44.921 D/HWManager( 8948): dismissHandwritingView 
06-15 13:50:44.921 E/KeyboardInfoUtils( 8948): getInstance start
06-15 13:50:44.921 E/KeyboardInfoUtils( 8948): sendSIPInformation state:6  isAbstractKeyboardView : true
06-15 13:50:44.921 E/KeyboardInfoUtils( 8948): sending null keyboardInfo as SIP is closed
06-15 13:50:44.931 D/SamsungIME_UnifiedIME( 8948): InputManagerImpl, mCloudHandler: 72
06-15 13:50:44.931 D/SamsungIME_UnifiedIME( 8948): setToolbarVisiblility, visible = false
06-15 13:50:44.931 D/SamsungIME( 8948): onWindowHidden
06-15 13:50:44.961 D/libEGL  ( 3070): eglTerminate EGLDisplay = 0x7fa61bee78
06-15 13:50:44.961 D/libEGL  ( 3070): eglTerminate EGLDisplay = 0x7fa61bee78
06-15 13:50:44.961 D/EventStateReceiver( 6733): [c] IS_VISIBLE_WINDOW #1:false, IS_MOVABLE_KEYPAD:false
06-15 13:50:44.961 E/EventStateReceiver( 6733): mIsOpenIME:true  isOpenIME:false
06-15 13:50:44.961 I/AirMessagePosHelper( 6733): imeStatusChanged  isOpenIME:  false
06-15 13:50:44.961 I/SpApplication( 6733): getIMEService
06-15 13:50:44.961 I/SpApplication( 6733): getIMEService
06-15 13:50:44.961 I/SpApplication( 6733): getIMEService
06-15 13:50:44.961 I/SpApplication( 6733): getIMEService
06-15 13:50:44.961 E/AirMessagePosHelper( 6733): mImeService is not binded!!
06-15 13:50:44.961 I/AirViewBST( 6733): # isShowfalse
06-15 13:50:44.981 D/ViewRootImpl(10358): MSG_RESIZED: ci=Rect(0, 96 - 0, 0) vi=Rect(0, 96 - 0, 0) or=1
06-15 13:50:44.991 E/ProxyStatusReceiver(11488): no this type!
06-15 13:50:45.191 W/DisplayListCanvas(10358): DisplayListCanvas is started on unbinded RenderNode (without mOwningView)
06-15 13:50:45.311 I/SurfaceFlinger( 3070): id=414 Removed JnputMethod (6/9)
06-15 13:50:45.311 I/SurfaceFlinger( 3070): id=414 Removed JnputMethod (-2/9)
06-15 13:50:45.321 D/libEGL  ( 3070): eglTerminate EGLDisplay = 0x7fcce02fb8
06-15 13:50:45.651 D/InputReader( 3563): Input event(3): value=1 when=8691203263000
06-15 13:50:45.651 D/InputReader( 3563): Input event(3): value=1 when=8691203263000
06-15 13:50:45.651 I/InputReader( 3563): Touch event's action is 0x0 (deviceType=0) [pCnt=1, s=0.890 ] when=8691203263000
06-15 13:50:45.651 D/InputReader( 3563): lastThreadEndTime = 8690361145309, currentThreadStartTime = 8690361150059, diff = 0
06-15 13:50:45.651 I/InputDispatcher( 3563): Delivering touch to (4225): action: 0x4, toolType: 1
06-15 13:50:45.651 I/InputDispatcher( 3563): Delivering touch to (6733): action: 0x4, toolType: 1
06-15 13:50:45.651 I/InputDispatcher( 3563): Delivering touch to (10358): action: 0x0, toolType: 1
06-15 13:50:45.651 D/ViewRootImpl(10358): ViewPostImeInputStage processPointer 0
06-15 13:50:45.651 D/AutoHideHelper( 6733): ###check Single invalid
06-15 13:50:45.691 W/DisplayListCanvas(10358): DisplayListCanvas is started on unbinded RenderNode (without mOwningView)
06-15 13:50:45.761 D/InputReader( 3563): Input event(3): value=0 when=8691319306000
06-15 13:50:45.761 D/InputReader( 3563): Input event(3): value=0 when=8691319306000
06-15 13:50:45.761 I/InputReader( 3563): Touch event's action is 0x1 (deviceType=0) [pCnt=1, s=] when=8691319306000
06-15 13:50:45.761 I/InputDispatcher( 3563): Delivering touch to (10358): action: 0x1, toolType: 1
06-15 13:50:45.761 D/ViewRootImpl(10358): ViewPostImeInputStage processPointer 1
06-15 13:50:45.781 D/ViewRootImpl(10358): #1 mView = com.android.internal.policy.PhoneWindow$DecorView{f5f082b V.ED..... R.....I. 0,0-0,0}
06-15 13:50:45.781 D/ISSUE_DEBUG( 3563): InputChannelName : 48a856a com.rongle.desktop/com.rongle.desktop.activity.login.activity.LoginActivity
06-15 13:50:45.781 D/InputDispatcher( 3563): Focus left window: 10358
06-15 13:50:45.781 D/PhoneStatusBar( 4225): setSystemUiVisibility vis=8000 mask=ffffffff oldVal=8600 newVal=8000 diff=600
06-15 13:50:45.781 D/InputDispatcher( 3563): Focus entered window: 10358
06-15 13:50:45.781 D/PointerIcon( 3563): setMouseIconStyle1 pointerType: 1001 iconType:101 flag:0 pid:3563 uid:1000
06-15 13:50:45.781 D/PointerIcon( 3563): setMouseCustomIcon IconType is same.101
06-15 13:50:45.791 I/System.out(10358): (HTTPLog)-Static: isSBSettingEnabled false
06-15 13:50:45.791 I/System.out(10358): (HTTPLog)-Static: isSBSettingEnabled false
06-15 13:50:45.791 I/SurfaceFlinger( 3070): id=416 createSurf (257x257),1 flag=4, MoginActivi
06-15 13:50:45.821 D/mali_winsys(10358): new_window_surface returns 0x3000,  [544x544]-format:1
06-15 13:50:45.831 D/InputMethodManagerService( 3563): windowGainedFocus mCurrentFocusedUserId - 0 and mSecureKeypadEnabled-false
06-15 13:50:45.831 D/SamsungIME( 8948): IMPL finishInput
06-15 13:50:45.831 W/DisplayListCanvas(10358): DisplayListCanvas is started on unbinded RenderNode (without mOwningView)
06-15 13:50:45.841 V/WindowStateAnimator( 3563): Finishing drawing window Window{48a856a u0 d0 com.rongle.desktop/com.rongle.desktop.activity.login.activity.LoginActivity}: mDrawState=DRAW_PENDING
06-15 13:50:45.841 D/ViewRootImpl(10358): MSG_RESIZED_REPORT: ci=Rect(0, 0 - 0, 0) vi=Rect(0, 0 - 0, 0) or=1
06-15 13:50:45.841 D/libEGL  ( 3070): eglInitialize EGLDisplay = 0x7fcce02e88
06-15 13:50:45.851 V/WindowStateAnimator( 3563): Finishing drawing window Window{48a856a u0 d0 com.rongle.desktop/com.rongle.desktop.activity.login.activity.LoginActivity}: mDrawState=HAS_DRAWN
06-15 13:50:45.851 D/KnoxTimeoutHandler( 3563): notifyActivityDrawn [MsgParam] userId: 0 fullscreen is true showWhenlocked is false
06-15 13:50:45.851 D/KnoxTimeoutHandler( 3563): activityDrawn [MsgParam] userId: 0 fullscreen is true showWhenlocked is false
06-15 13:50:45.851 I/KnoxTimeoutHandler( 3563): SD activityfalse
06-15 13:50:45.921 D/RMHelper( 8948): SamsungIME : RMisReady() : client is null
06-15 13:50:45.921 D/RMHelper( 8948): SamsungIME : RMisReady() : client is null
06-15 13:50:45.921 D/RMHelper( 8948): RMHelper : initHelper()
06-15 13:50:45.921 D/RMHelper( 8948): SamsungIME : initHelper() : client is null
06-15 13:50:45.921 D/RMHelper( 8948): SamsungIME : RMisReady() : client is null
06-15 13:50:45.921 D/RMHelper( 8948): SamsungIME : RMisReady() : client is null
06-15 13:50:45.921 D/RMHelper( 8948): RMHelper : initHelper()
06-15 13:50:45.921 D/RMHelper( 8948): SamsungIME : initHelper() : client is null
06-15 13:50:45.921 D/RMHelper( 8948): SamsungIME : RMisReady() : client is null
06-15 13:50:45.921 D/RMHelper( 8948): SamsungIME : RMisReady() : client is null
06-15 13:50:45.921 D/RMHelper( 8948): RMHelper : initHelper()
06-15 13:50:45.921 D/RMHelper( 8948): SamsungIME : initHelper() : client is null
06-15 13:50:45.921 D/SamsungIME( 8948): onStartInput: No inputType, No imeOption, isInputViewShown = false, isExtractViewShown = false, isShowInputRequested = false, isConfigChanged = false
06-15 13:50:46.061 D/libEGL  ( 3070): eglInitialize EGLDisplay = 0x7fcce02e88
06-15 13:50:46.081 D/libEGL  ( 3070): eglInitialize EGLDisplay = 0x7fcce02e88
06-15 13:50:46.171 D/NetworkController.MobileSignalController(0/2147483643)( 4225): onSignalStrengthsChanged signalStrength=SignalStrength: 19 99 -120 -160 -120 -1 -1 99 2147483647 2147483647 2147483647 -1 2147483647 0x4 gsm|lte level=4
06-15 13:50:46.171 D/NetworkController.MobileSignalController(0/2147483643)( 4225): getMobileIconGroup(): 0
06-15 13:50:46.171 D/NetworkController.MobileSignalController(0/2147483643)( 4225): updateCMCCMobileIconGroup(): 0
06-15 13:50:46.921 E/way     (10358): {"error_msg":"登录成功","error_no":"200","data":{"token":"265ca29e6a4d42aa78c9d1b6b687fe48b690a4fb87d27dd910da8a8cd8800ba0613832f9dcc8ac601cfdf7f3046f5bc3","uid":"10000104"}}
06-15 13:50:46.931 E/way     (10358): 登录返回的token值:265ca29e6a4d42aa78c9d1b6b687fe48b690a4fb87d27dd910da8a8cd8800ba0613832f9dcc8ac601cfdf7f3046f5bc3
06-15 13:50:46.931 I/System.out(10358): (HTTPLog)-Static: isSBSettingEnabled false
06-15 13:50:46.931 I/System.out(10358): (HTTPLog)-Static: isSBSettingEnabled false
06-15 13:50:46.951 E/way     (10358): {"error_msg":"success","error_no":"200","data":{"gender":"male","robots":[{"robotid":"1711CP010002001","admin":"10000109","nickname":"XD"}],"uid":"10000104","avatar":"*","nickname":"乐乐"}}
06-15 13:50:46.971 D/libEGL  ( 3070): eglTerminate EGLDisplay = 0x7f9f67ae78
06-15 13:50:46.971 D/libEGL  ( 3070): eglTerminate EGLDisplay = 0x7f9f67ae78
06-15 13:50:46.971 D/ViewRootImpl(10358): #3 mView = null
06-15 13:50:46.971 D/PhoneStatusBar( 4225): setSystemUiVisibility vis=8600 mask=ffffffff oldVal=8000 newVal=8600 diff=600
06-15 13:50:46.981 D/InputDispatcher( 3563): Focus left window: 10358
06-15 13:50:46.981 D/InputDispatcher( 3563): Focus entered window: 10358
06-15 13:50:46.981 D/PointerIcon( 3563): setMouseIconStyle1 pointerType: 1001 iconType:101 flag:0 pid:3563 uid:1000
06-15 13:50:46.981 D/PointerIcon( 3563): setMouseCustomIcon IconType is same.101
06-15 13:50:47.001 I/Transaction(10358): ----> BeginTransaction
06-15 13:50:47.001 I/TableManager(10358): Initialize SQL table start--------------------->
06-15 13:50:47.001 V/Querier (10358): ----> Query Start: SQLStatement [sql=SELECT * FROM sqlite_master WHERE type='table' ORDER BY name, bindArgs=null, mStatement=null]
06-15 13:50:47.001 V/Querier (10358): ----> Query Start: SQLStatement [sql=PRAGMA table_info(RobotBean), bindArgs=null, mStatement=null]
06-15 13:50:47.001 I/Querier (10358): <---- Query End , cursor size : 4
06-15 13:50:47.001 D/TableManager(10358): Find One SQL Table: SQLite Table Struct：type=table, name=RobotBean, tbl_name=RobotBean, rootpage=4, sql=CREATE TABLE RobotBean(id INTEGER PRIMARY KEY AUTOINCREMENT ,admin TEXT ,nickname TEXT ,robotid TEXT ), columns={robotid=1, nickname=1, id=1, admin=1}
06-15 13:50:47.001 V/Querier (10358): ----> Query Start: SQLStatement [sql=PRAGMA table_info(android_metadata), bindArgs=null, mStatement=null]
06-15 13:50:47.001 I/Querier (10358): <---- Query End , cursor size : 1
06-15 13:50:47.001 D/TableManager(10358): Find One SQL Table: SQLite Table Struct：type=table, name=android_metadata, tbl_name=android_metadata, rootpage=3, sql=CREATE TABLE android_metadata (locale TEXT), columns={locale=1}
06-15 13:50:47.001 V/Querier (10358): ----> Query Start: SQLStatement [sql=PRAGMA table_info(sqlite_sequence), bindArgs=null, mStatement=null]
06-15 13:50:47.011 I/Querier (10358): <---- Query End , cursor size : 2
06-15 13:50:47.011 D/TableManager(10358): Find One SQL Table: SQLite Table Struct：type=table, name=sqlite_sequence, tbl_name=sqlite_sequence, rootpage=5, sql=CREATE TABLE sqlite_sequence(name,seq), columns={seq=1, name=1}
06-15 13:50:47.011 I/Querier (10358): <---- Query End , cursor size : 3
06-15 13:50:47.011 I/TableManager(10358): Initialize SQL table end  ---------------------> 3
06-15 13:50:47.011 D/TableManager(10358): Table [RobotBean] Exist
06-15 13:50:47.011 I/TableManager(10358): Table [RobotBean] check column now.
06-15 13:50:47.011 D/SQLStatement(10358): SQL Execute: [REPLACE INTO RobotBean(id,admin,nickname,robotid)VALUES(?,?,?,?)] ARGS--> [null, 10000109, XD, 1711CP010002001]
06-15 13:50:47.011 I/SQLStatement(10358): SQL Execute Insert --> 2
06-15 13:50:47.011 I/Transaction(10358): ----> Transaction Successful
06-15 13:50:47.041 I/Timeline(10358): Timeline: Activity_launch_request id:com.rongle.desktop time:8692592
06-15 13:50:47.061 D/InputDispatcher( 3563): Focused application set to: xxxx
06-15 13:50:47.061 D/InputDispatcher( 3563): Focus left window: 10358
06-15 13:50:47.071 D/PointerIcon( 3563): setMouseIconStyle1 pointerType: 1001 iconType:101 flag:0 pid:3563 uid:1000
06-15 13:50:47.071 D/PointerIcon( 3563): setMouseCustomIcon IconType is same.101
06-15 13:50:47.071 D/InputMethodManagerService( 3563): windowGainedFocus mCurrentFocusedUserId - 0 and mSecureKeypadEnabled-false
06-15 13:50:47.071 E/ViewRootImpl(10358): sendUserActionEvent() mView == null
06-15 13:50:47.071 D/SamsungIME( 8948): IMPL finishInput
06-15 13:50:47.071 D/RMHelper( 8948): SamsungIME : RMisReady() : client is null
06-15 13:50:47.071 D/RMHelper( 8948): SamsungIME : RMisReady() : client is null
06-15 13:50:47.071 D/RMHelper( 8948): RMHelper : initHelper()
06-15 13:50:47.081 D/RMHelper( 8948): SamsungIME : initHelper() : client is null
06-15 13:50:47.081 D/RMHelper( 8948): SamsungIME : RMisReady() : client is null
06-15 13:50:47.081 D/RMHelper( 8948): SamsungIME : RMisReady() : client is null
06-15 13:50:47.081 D/RMHelper( 8948): RMHelper : initHelper()
06-15 13:50:47.081 D/RMHelper( 8948): SamsungIME : initHelper() : client is null
06-15 13:50:47.081 D/RMHelper( 8948): SamsungIME : RMisReady() : client is null
06-15 13:50:47.081 D/RMHelper( 8948): SamsungIME : RMisReady() : client is null
06-15 13:50:47.081 D/RMHelper( 8948): RMHelper : initHelper()
06-15 13:50:47.081 D/RMHelper( 8948): SamsungIME : initHelper() : client is null
06-15 13:50:47.091 E/way     (10358): {platform=android, rdelv=1001004}
06-15 13:50:47.091 I/System.out(10358): (HTTPLog)-Static: isSBSettingEnabled false
06-15 13:50:47.091 I/System.out(10358): (HTTPLog)-Static: isSBSettingEnabled false
06-15 13:50:47.091 D/Activity(10358): performCreate Call Injection manager
06-15 13:50:47.091 I/System.out(10358): (HTTPLog)-Static: isSBSettingEnabled false
06-15 13:50:47.091 I/System.out(10358): (HTTPLog)-Static: isSBSettingEnabled false
06-15 13:50:47.111 E/LaidiFragment(10358): 屏幕宽：1440  屏幕高：2560
06-15 13:50:47.111 I/LaidiFragment(10358): 屏幕实际高度2560
06-15 13:50:47.111 E/way     (10358): {max=100, token=265ca29e6a4d42aa78c9d1b6b687fe48b690a4fb87d27dd910da8a8cd8800ba0613832f9dcc8ac601cfdf7f3046f5bc3, msgid=294}
06-15 13:50:47.111 D/TableManager(10358): Table [RobotBean] Exist
06-15 13:50:47.111 V/Querier (10358): ----> Query Start: SQLStatement [sql=SELECT * FROM RobotBean, bindArgs=null, mStatement=null]
06-15 13:50:47.111 I/Querier (10358): <---- Query End , cursor size : 1
06-15 13:50:47.111 I/System.out(10358): (HTTPLog)-Static: isSBSettingEnabled false
06-15 13:50:47.111 I/System.out(10358): (HTTPLog)-Static: isSBSettingEnabled false
06-15 13:50:47.111 E/way     (10358): 宽：1440高：2560
06-15 13:50:47.121 E/orientation(10358): 竖屏
06-15 13:50:47.121 E/xw      (10358): onStart VideoFragment 
06-15 13:50:47.121 I/InjectionManager(10358): dispatchOnViewCreated > Target : com.rongle.desktop.activity.home.activity.HomeActivity isFragment :false
06-15 13:50:47.121 E/xw      (10358): onResume VideoFragment
06-15 13:50:47.121 D/ViewRootImpl(10358): #1 mView = com.android.internal.policy.PhoneWindow$DecorView{cc77d1d I.E...... R.....ID 0,0-0,0}
06-15 13:50:47.121 D/ISSUE_DEBUG( 3563): InputChannelName : 321663c com.rongle.desktop/com.rongle.desktop.activity.home.activity.HomeActivity
06-15 13:50:47.121 D/ActivityManager( 3563): post active user change for 0 fullscreen true isFloatingActivity() false isHomeActivity() false
06-15 13:50:47.121 D/KnoxTimeoutHandler( 3563): postActiveUserChange [MsgParam] userId: 0 fullscreen is true showWhenlocked is false
06-15 13:50:47.121 D/KnoxTimeoutHandler( 3563): handleActiveUserChange [MsgParam] userId: 0 fullscreen is true showWhenlocked is false
06-15 13:50:47.121 I/KnoxTimeoutHandler( 3563): Shared devices show user statefalse
06-15 13:50:47.121 E/way     (10358): $$$$$$$$$$$$$$$$$$$$$$$$$$$$$$$$$
06-15 13:50:47.131 I/SurfaceFlinger( 3070): id=417 createSurf (1x1),1 flag=404, IomeActivit
06-15 13:50:47.151 D/InputDispatcher( 3563): Focus entered window: 10358
06-15 13:50:47.151 D/PointerIcon( 3563): setMouseIconStyle1 pointerType: 1001 iconType:101 flag:0 pid:3563 uid:1000
06-15 13:50:47.151 D/PointerIcon( 3563): setMouseCustomIcon IconType is same.101
06-15 13:50:47.151 D/mali_winsys(10358): new_window_surface returns 0x3000,  [1440x2560]-format:1
06-15 13:50:47.161 W/View    (10358): requestLayout() improperly called by android.widget.LinearLayout{fd7b29a V.E...... ......I. 0,0-0,0} during layout: running second layout pass
06-15 13:50:47.161 I/ViewRootImpl(10358): requestLayout is already in process
06-15 13:50:47.161 I/ViewRootImpl(10358): requestLayoutDuringLayout is already in process
06-15 13:50:47.161 I/ViewRootImpl(10358): requestLayoutDuringLayout is already in process
06-15 13:50:47.161 I/ViewRootImpl(10358): requestLayoutDuringLayout is already in process
06-15 13:50:47.161 I/ViewRootImpl(10358): requestLayoutDuringLayout is already in process
06-15 13:50:47.161 I/ViewRootImpl(10358): requestLayoutDuringLayout is already in process
06-15 13:50:47.161 I/ViewRootImpl(10358): requestLayoutDuringLayout is already in process
06-15 13:50:47.161 I/System.out(10358): 链接发送 心跳包
06-15 13:50:47.161 I/xwsendmsg(10358): 发送完整消息：DRMessage{header=DRMessageHeader{magic_number=-410023267, version=1000, content_flag=3, content_offset=20, length=268, check_code=0, extend={}}, body=DRMessageBody{token='265ca29e6a4d42aa78c9d1b6b687fe48b690a4fb87d27dd910da8a8cd8800ba0613832f9dcc8ac601cfdf7f3046f5bc3', recvid='1711CP010002001', content=DRMessageContent{appkey='135047106', robotkey='null', api='heartbeat', destid='null', error_msg='success', error_no='200', extra=null}}}
06-15 13:50:47.161 I/System.out(10358): 链接发送 心跳包
06-15 13:50:47.161 I/xwsendmsg(10358): 发送完整消息：DRMessage{header=DRMessageHeader{magic_number=-410023267, version=1000, content_flag=3, content_offset=20, length=268, check_code=0, extend={}}, body=DRMessageBody{token='265ca29e6a4d42aa78c9d1b6b687fe48b690a4fb87d27dd910da8a8cd8800ba0613832f9dcc8ac601cfdf7f3046f5bc3', recvid='1711CP010002001', content=DRMessageContent{appkey='135047138', robotkey='null', api='heartbeat', destid='null', error_msg='success', error_no='200', extra=null}}}
06-15 13:50:47.161 W/DisplayListCanvas(10358): DisplayListCanvas is started on unbinded RenderNode (without mOwningView)
06-15 13:50:47.171 I/System.out(10358): 包长度:268
06-15 13:50:47.171 I/xwsendmsg(10358): 发送完整消息：DRMessage{header=DRMessageHeader{magic_number=-410023267, version=1000, content_flag=3, content_offset=20, length=268, check_code=0, extend={}}, body=DRMessageBody{token='265ca29e6a4d42aa78c9d1b6b687fe48b690a4fb87d27dd910da8a8cd8800ba0613832f9dcc8ac601cfdf7f3046f5bc3', recvid='1711CP010002001', content=DRMessageContent{appkey='135047106', robotkey='null', api='heartbeat', destid='null', error_msg='success', error_no='200', extra=null}}}
06-15 13:50:47.171 I/SurfaceFlinger( 3070): id=416 Removed MoginActivi (5/10)
06-15 13:50:47.171 I/SurfaceFlinger( 3070): id=416 Removed MoginActivi (-2/10)
06-15 13:50:47.171 I/System.out(10358): 包长度:268
06-15 13:50:47.171 I/xwsendmsg(10358): 发送完整消息：DRMessage{header=DRMessageHeader{magic_number=-410023267, version=1000, content_flag=3, content_offset=20, length=268, check_code=0, extend={}}, body=DRMessageBody{token='265ca29e6a4d42aa78c9d1b6b687fe48b690a4fb87d27dd910da8a8cd8800ba0613832f9dcc8ac601cfdf7f3046f5bc3', recvid='1711CP010002001', content=DRMessageContent{appkey='135047138', robotkey='null', api='heartbeat', destid='null', error_msg='success', error_no='200', extra=null}}}
06-15 13:50:47.171 V/WindowStateAnimator( 3563): Finishing drawing window Window{321663c u0 d0 com.rongle.desktop/com.rongle.desktop.activity.home.activity.HomeActivity}: mDrawState=DRAW_PENDING
06-15 13:50:47.171 D/ViewRootImpl(10358): MSG_RESIZED_REPORT: ci=Rect(0, 96 - 0, 0) vi=Rect(0, 96 - 0, 0) or=1
06-15 13:50:47.171 D/InputMethodManagerService( 3563): windowGainedFocus mCurrentFocusedUserId - 0 and mSecureKeypadEnabled-false
06-15 13:50:47.181 D/KnoxTimeoutHandler( 3563): notifyActivityDrawn [MsgParam] userId: 0 fullscreen is true showWhenlocked is false
06-15 13:50:47.181 D/KnoxTimeoutHandler( 3563): activityDrawn [MsgParam] userId: 0 fullscreen is true showWhenlocked is false
06-15 13:50:47.181 I/ActivityManager( 3563): Displayed com.rongle.desktop/.activity.home.activity.HomeActivity: +106ms
06-15 13:50:47.181 D/SamsungIME( 8948): IMPL finishInput
06-15 13:50:47.181 W/View    (10358): requestLayout() improperly called by com.luseen.luseenbottomnavigation.BottomNavigation.BottomNavigationView{6e086c1 V.E...... ......I. 0,2240-1440,2464 #7f0c0084 app:id/home_bar} during second layout pass: posting in next frame
06-15 13:50:47.181 W/View    (10358): requestLayout() improperly called by android.widget.FrameLayout{ee5e66 V.E...... ......I. 0,0-0,0} during second layout pass: posting in next frame
06-15 13:50:47.181 W/View    (10358): requestLayout() improperly called by android.widget.LinearLayout{f2575a7 V.E...... ......I. 0,0-0,0} during second layout pass: posting in next frame
06-15 13:50:47.181 I/KnoxTimeoutHandler( 3563): SD activityfalse
06-15 13:50:47.181 D/libEGL  ( 3070): eglTerminate EGLDisplay = 0x7fcce02fb8
06-15 13:50:47.181 D/libEGL  ( 3070): eglInitialize EGLDisplay = 0x7fcce02e88
06-15 13:50:47.191 V/WindowStateAnimator( 3563): Finishing drawing window Window{321663c u0 d0 com.rongle.desktop/com.rongle.desktop.activity.home.activity.HomeActivity}: mDrawState=HAS_DRAWN
06-15 13:50:47.191 E/way     (10358): {"error_msg":"成功","error_no":"200","data":{"token":"265ca29e6a4d42aa78c9d1b6b687fe48b690a4fb87d27dd910da8a8cd8800ba0613832f9dcc8ac601cfdf7f3046f5bc3","uid":"10000104"}}
06-15 13:50:47.191 E/way     (10358): {"error_msg":"已经是最新版本","error_no":"404"}
06-15 13:50:47.191 E/way     (10358): 版本更新:{"error_msg":"已经是最新版本","error_no":"404"}
06-15 13:50:47.191 E/way     (10358): {"error_msg":"success","error_no":"200","data":{"msgs":[]}}
06-15 13:50:47.191 I/System.out(10358): *************************有效数据 :DRMessage{header=DRMessageHeader{magic_number=-410023267, version=1000, content_flag=3, content_offset=20, length=81, check_code=0, extend={}}, body=DRMessageBody{token='null', recvid='null', content=DRMessageContent{appkey='null', robotkey='null', api='kickout', destid='null', error_msg='null', error_no='null', extra=null}}}
06-15 13:50:47.191 I/System.out(10358): 被踢 kickout : false
06-15 13:50:47.191 I/System.out(10358): *************************有效数据 :DRMessage{header=DRMessageHeader{magic_number=-410023267, version=1000, content_flag=3, content_offset=20, length=81, check_code=0, extend={}}, body=DRMessageBody{token='null', recvid='null', content=DRMessageContent{appkey='null', robotkey='null', api='kickout', destid='null', error_msg='null', error_no='null', extra=null}}}
06-15 13:50:47.191 I/System.out(10358): 被踢 kickout : false
06-15 13:50:47.201 D/libEGL  ( 3070): eglInitialize EGLDisplay = 0x7fcce02e88
06-15 13:50:47.201 D/libEGL  ( 3070): eglTerminate EGLDisplay = 0x7fa173ee78
06-15 13:50:47.201 D/libEGL  ( 3070): eglTerminate EGLDisplay = 0x7fa173ee78
06-15 13:50:47.201 E/way     (10358): kickout
06-15 13:50:47.201 E/connect (10358): 连接关闭
06-15 13:50:47.211 I/System.out(10358): ………………………………………………………………从连false
06-15 13:50:47.211 E/connect (10358): 连接关闭
06-15 13:50:47.211 I/System.out(10358): ………………………………………………………………从连false
06-15 13:50:47.211 D/ViewRootImpl(10358): #1 mView = com.android.internal.policy.PhoneWindow$DecorView{43c6fec V.E...... R.....I. 0,0-0,0}
06-15 13:50:47.211 D/ISSUE_DEBUG( 3563): InputChannelName : e071d1a 
06-15 13:50:47.211 D/InputDispatcher( 3563): Focus left window: 10358
06-15 13:50:47.211 D/InputDispatcher( 3563): Focus entered window: 10358
06-15 13:50:47.211 D/PhoneStatusBar( 4225): setSystemUiVisibility vis=8000 mask=ffffffff oldVal=8600 newVal=8000 diff=600
06-15 13:50:47.221 D/PointerIcon( 3563): setMouseIconStyle1 pointerType: 1001 iconType:101 flag:0 pid:3563 uid:1000
06-15 13:50:47.221 D/PointerIcon( 3563): setMouseCustomIcon IconType is same.101
06-15 13:50:47.221 I/SurfaceFlinger( 3070): id=418 createSurf (257x257),1 flag=4, 
06-15 13:50:47.231 D/mali_winsys(10358): new_window_surface returns 0x3000,  [1592x1052]-format:1
06-15 13:50:47.231 E/way     (10358): kickout
06-15 13:50:47.241 D/ViewRootImpl(10358): #1 mView = com.android.internal.policy.PhoneWindow$DecorView{173306d V.E...... R.....I. 0,0-0,0}
06-15 13:50:47.251 D/ISSUE_DEBUG( 3563): InputChannelName : abcaa28 
06-15 13:50:47.251 D/InputDispatcher( 3563): Focus left window: 10358
06-15 13:50:47.251 D/InputDispatcher( 3563): Focus entered window: 10358
06-15 13:50:47.251 D/PointerIcon( 3563): setMouseIconStyle1 pointerType: 1001 iconType:101 flag:0 pid:3563 uid:1000
06-15 13:50:47.251 D/PointerIcon( 3563): setMouseCustomIcon IconType is same.101
06-15 13:50:47.251 D/ViewRootImpl(10358): MSG_RESIZED_REPORT: ci=Rect(0, 0 - 0, 0) vi=Rect(0, 0 - 0, 0) or=1
06-15 13:50:47.251 W/DisplayListCanvas(10358): DisplayListCanvas is started on unbinded RenderNode (without mOwningView)
06-15 13:50:47.251 V/WindowStateAnimator( 3563): Finishing drawing window Window{e071d1a u0 d0 com.rongle.desktop}: mDrawState=DRAW_PENDING
06-15 13:50:47.251 D/RMHelper( 8948): SamsungIME : RMisReady() : client is null
06-15 13:50:47.251 D/RMHelper( 8948): SamsungIME : RMisReady() : client is null
06-15 13:50:47.251 D/RMHelper( 8948): RMHelper : initHelper()
06-15 13:50:47.251 D/RMHelper( 8948): SamsungIME : initHelper() : client is null
06-15 13:50:47.251 D/RMHelper( 8948): SamsungIME : RMisReady() : client is null
06-15 13:50:47.251 D/RMHelper( 8948): SamsungIME : RMisReady() : client is null
06-15 13:50:47.251 D/RMHelper( 8948): RMHelper : initHelper()
06-15 13:50:47.251 D/RMHelper( 8948): SamsungIME : initHelper() : client is null
06-15 13:50:47.251 D/RMHelper( 8948): SamsungIME : RMisReady() : client is null
06-15 13:50:47.251 D/RMHelper( 8948): SamsungIME : RMisReady() : client is null
06-15 13:50:47.251 D/RMHelper( 8948): RMHelper : initHelper()
06-15 13:50:47.251 D/RMHelper( 8948): SamsungIME : initHelper() : client is null
06-15 13:50:47.251 D/SamsungIME( 8948): onStartInput: No inputType, No imeOption, isInputViewShown = false, isExtractViewShown = false, isShowInputRequested = false, isConfigChanged = false
06-15 13:50:47.251 I/SurfaceFlinger( 3070): id=419 createSurf (257x257),1 flag=4, 
06-15 13:50:47.261 D/libEGL  ( 3070): eglInitialize EGLDisplay = 0x7fcce02e88
06-15 13:50:47.271 D/mali_winsys(10358): new_window_surface returns 0x3000,  [1592x1052]-format:1
06-15 13:50:47.271 W/DisplayListCanvas(10358): DisplayListCanvas is started on unbinded RenderNode (without mOwningView)
06-15 13:50:47.281 V/WindowStateAnimator( 3563): Finishing drawing window Window{abcaa28 u0 d0 com.rongle.desktop}: mDrawState=DRAW_PENDING
06-15 13:50:47.281 D/ViewRootImpl(10358): MSG_RESIZED_REPORT: ci=Rect(0, 0 - 0, 0) vi=Rect(0, 0 - 0, 0) or=1
06-15 13:50:47.281 D/libEGL  ( 3070): eglInitialize EGLDisplay = 0x7fcce02e88
06-15 13:50:47.281 D/libEGL  ( 3070): eglInitialize EGLDisplay = 0x7fcce02e88
06-15 13:50:47.291 V/WindowStateAnimator( 3563): Finishing drawing window Window{abcaa28 u0 d0 com.rongle.desktop}: mDrawState=HAS_DRAWN
06-15 13:50:47.301 D/KeyguardUpdateMonitor( 4225): received broadcast android.intent.action.BATTERY_CHANGED
06-15 13:50:47.301 D/KeyguardUpdateMonitor( 4225): handleBatteryUpdate
06-15 13:50:47.301 D/libEGL  ( 3070): eglInitialize EGLDisplay = 0x7fcce02e88
06-15 13:50:47.301 I/Timeline(10358): Timeline: Activity_idle id: android.os.BinderProxy@eb025cd time:8692852
06-15 13:50:47.301 D/CommonServiceConfiguration( 4796): getStringValueSetting
06-15 13:50:47.301 V/HeadsetService( 5241): HeadsetService - Received Intent.ACTION_BATTERY_CHANGED
06-15 13:50:47.301 D/HeadsetStateMachine( 5241): Disconnected process message: 10, size: 0
06-15 13:50:47.301 D/BatteryMonitor( 4796): new battery level: 37
06-15 13:50:47.471 D/libEGL  ( 3070): eglInitialize EGLDisplay = 0x7fcce02e88
06-15 13:50:48.421 D/NetworkController.MobileSignalController(0/2147483643)( 4225): onSignalStrengthsChanged signalStrength=SignalStrength: 16 99 -120 -160 -120 -1 -1 99 2147483647 2147483647 2147483647 -1 2147483647 0x4 gsm|lte level=4
06-15 13:50:48.421 D/NetworkController.MobileSignalController(0/2147483643)( 4225): getMobileIconGroup(): 0
06-15 13:50:48.421 D/NetworkController.MobileSignalController(0/2147483643)( 4225): updateCMCCMobileIconGroup(): 0
06-15 13:50:48.891 D/libEGL  ( 3070): eglInitialize EGLDisplay = 0x7fcce02e88
06-15 13:50:49.211 I/Timeline( 3563): Timeline: Activity_windows_visible id: ActivityRecord{8438e36 u0 com.rongle.desktop/.activity.home.activity.HomeActivity t56} time:8694762
06-15 13:50:49.211 I/SurfaceFlinger( 3070): id=413 Removed MoginActivi (3/11)
06-15 13:50:49.211 I/SurfaceFlinger( 3070): id=413 Removed MoginActivi (-2/11)
06-15 13:50:49.231 D/libEGL  ( 3070): eglTerminate EGLDisplay = 0x7fcce02fb8
06-15 13:50:49.241 D/KnoxTimeoutHandler( 3563): notifyActivityDrawn [MsgParam] userId: 0 fullscreen is true showWhenlocked is false
06-15 13:50:49.241 D/KnoxTimeoutHandler( 3563): activityDrawn [MsgParam] userId: 0 fullscreen is true showWhenlocked is false
06-15 13:50:49.241 I/KnoxTimeoutHandler( 3563): SD activityfalse
06-15 13:50:49.251 D/ViewRootImpl(10358): #3 mView = null
06-15 13:50:49.261 D/libEGL  ( 3070): eglInitialize EGLDisplay = 0x7fcce02e88
06-15 13:50:50.891 D/NetworkController.MobileSignalController(0/2147483643)( 4225): onSignalStrengthsChanged signalStrength=SignalStrength: 14 99 -120 -160 -120 -1 -1 99 2147483647 2147483647 2147483647 -1 2147483647 0x3 gsm|lte level=3
06-15 13:50:50.891 D/NetworkController.MobileSignalController(0/2147483643)( 4225): getMobileIconGroup(): 0
06-15 13:50:50.891 D/NetworkController.MobileSignalController(0/2147483643)( 4225): updateCMCCMobileIconGroup(): 0
06-15 13:50:50.901 E/SignalClusterView( 4225): setSlotFocusVisible : subId 2147483643
06-15 13:50:50.901 E/SignalClusterView( 4225): setSlotFocusVisible : subId 2147483643
06-15 13:50:51.171 D/InputReader( 3563): Input event(3): value=1 when=8696718106000
06-15 13:50:51.171 D/InputReader( 3563): Input event(3): value=1 when=8696718106000
06-15 13:50:51.171 I/InputReader( 3563): Touch event's action is 0x0 (deviceType=0) [pCnt=1, s=0.891 ] when=8696718106000
06-15 13:50:51.171 D/InputReader( 3563): lastThreadEndTime = 8691319527976, currentThreadStartTime = 8691319532226, diff = 0
06-15 13:50:51.171 I/InputDispatcher( 3563): Delivering touch to (10358): action: 0x0, toolType: 1
06-15 13:50:51.171 D/ViewRootImpl(10358): ViewPostImeInputStage processPointer 0
06-15 13:50:51.231 D/InputReader( 3563): Input event(3): value=0 when=8696787562000
06-15 13:50:51.231 D/InputReader( 3563): Input event(3): value=0 when=8696787562000
06-15 13:50:51.231 I/InputReader( 3563): Touch event's action is 0x1 (deviceType=0) [pCnt=1, s=] when=8696787562000
06-15 13:50:51.231 I/InputDispatcher( 3563): Delivering touch to (10358): action: 0x1, toolType: 1
06-15 13:50:51.231 D/ViewRootImpl(10358): ViewPostImeInputStage processPointer 1
06-15 13:50:51.251 D/libEGL  ( 3070): eglTerminate EGLDisplay = 0x7fa6400e78
06-15 13:50:51.251 D/libEGL  ( 3070): eglTerminate EGLDisplay = 0x7fa6400e78
06-15 13:50:51.251 D/ViewRootImpl(10358): #3 mView = null
06-15 13:50:51.261 D/InputDispatcher( 3563): Focus left window: 10358
06-15 13:50:51.261 D/InputDispatcher( 3563): Focus entered window: 10358
06-15 13:50:51.261 D/PointerIcon( 3563): setMouseIconStyle1 pointerType: 1001 iconType:101 flag:0 pid:3563 uid:1000
06-15 13:50:51.261 D/PointerIcon( 3563): setMouseCustomIcon IconType is same.101
06-15 13:50:51.261 D/TableManager(10358): Table [RobotBean] Exist
06-15 13:50:51.261 V/Querier (10358): ----> Query Start: SQLStatement [sql=SELECT id  FROM RobotBean, bindArgs=null, mStatement=null]
06-15 13:50:51.261 I/Querier (10358): <---- Query End , cursor size : 1
06-15 13:50:51.261 I/Transaction(10358): ----> BeginTransaction
06-15 13:50:51.261 D/TableManager(10358): Table [RobotBean] Exist
06-15 13:50:51.261 D/SQLStatement(10358): SQL Execute: [DELETE FROM RobotBean WHERE id=?] ARGS--> [2]
06-15 13:50:51.261 V/SQLStatement(10358): SQL Execute Delete --> 1
06-15 13:50:51.261 I/Transaction(10358): ----> Transaction Successful
06-15 13:50:51.261 I/Timeline(10358): Timeline: Activity_launch_request id:com.rongle.desktop time:8696818
06-15 13:50:51.281 D/InputDispatcher( 3563): Focused application set to: xxxx
06-15 13:50:51.281 E/ViewRootImpl(10358): sendUserActionEvent() mView == null
06-15 13:50:51.281 E/xw      (10358): onPause
06-15 13:50:51.291 E/xw111111(10358): onStop
06-15 13:50:51.291 E/xw      (10358): onDestroyView
06-15 13:50:51.311 D/Activity(10358): performCreate Call Injection manager
06-15 13:50:51.311 I/InjectionManager(10358): dispatchOnViewCreated > Target : com.rongle.desktop.activity.login.activity.LoginActivity isFragment :false
06-15 13:50:51.311 D/ViewRootImpl(10358): #1 mView = com.android.internal.policy.PhoneWindow$DecorView{3ad687c I.E...... R.....ID 0,0-0,0}
06-15 13:50:51.311 D/ISSUE_DEBUG( 3563): InputChannelName : 4309640 com.rongle.desktop/com.rongle.desktop.activity.login.activity.LoginActivity
06-15 13:50:51.311 D/ActivityManager( 3563): post active user change for 0 fullscreen true isFloatingActivity() false isHomeActivity() false
06-15 13:50:51.311 D/KnoxTimeoutHandler( 3563): postActiveUserChange [MsgParam] userId: 0 fullscreen is true showWhenlocked is false
06-15 13:50:51.311 D/KnoxTimeoutHandler( 3563): handleActiveUserChange [MsgParam] userId: 0 fullscreen is true showWhenlocked is false
06-15 13:50:51.311 I/KnoxTimeoutHandler( 3563): Shared devices show user statefalse
06-15 13:50:51.321 I/SurfaceFlinger( 3070): id=420 createSurf (1x1),1 flag=404, MoginActivi
06-15 13:50:51.341 D/mali_winsys(10358): new_window_surface returns 0x3000,  [1440x2560]-format:1
06-15 13:50:51.351 W/DisplayListCanvas(10358): DisplayListCanvas is started on unbinded RenderNode (without mOwningView)
06-15 13:50:51.351 W/DisplayListCanvas(10358): DisplayListCanvas is started on unbinded RenderNode (without mOwningView)
06-15 13:50:51.361 V/WindowStateAnimator( 3563): Finishing drawing window Window{4309640 u0 d0 com.rongle.desktop/com.rongle.desktop.activity.login.activity.LoginActivity}: mDrawState=DRAW_PENDING
06-15 13:50:51.361 D/ViewRootImpl(10358): MSG_RESIZED_REPORT: ci=Rect(0, 96 - 0, 0) vi=Rect(0, 96 - 0, 0) or=1
06-15 13:50:51.361 D/KnoxTimeoutHandler( 3563): notifyActivityDrawn [MsgParam] userId: 0 fullscreen is true showWhenlocked is false
06-15 13:50:51.361 D/KnoxTimeoutHandler( 3563): activityDrawn [MsgParam] userId: 0 fullscreen is true showWhenlocked is false
06-15 13:50:51.361 I/ActivityManager( 3563): Displayed com.rongle.desktop/.activity.login.activity.LoginActivity: +84ms
06-15 13:50:51.361 V/WindowStateAnimator( 3563): Finishing drawing window Window{4309640 u0 d0 com.rongle.desktop/com.rongle.desktop.activity.login.activity.LoginActivity}: mDrawState=HAS_DRAWN
06-15 13:50:51.361 I/KnoxTimeoutHandler( 3563): SD activityfalse
06-15 13:50:51.371 D/libEGL  ( 3070): eglInitialize EGLDisplay = 0x7fcce02e88
06-15 13:50:51.371 D/libEGL  ( 3070): eglTerminate EGLDisplay = 0x7f9f4b7e78
06-15 13:50:51.371 D/libEGL  ( 3070): eglTerminate EGLDisplay = 0x7f9f4b7e78
06-15 13:50:51.371 I/Timeline(10358): Timeline: Activity_idle id: android.os.BinderProxy@3b1da52 time:8696926
06-15 13:50:51.431 I/SurfaceFlinger( 3070): id=419 Removed  (11/11)
06-15 13:50:51.441 I/SurfaceFlinger( 3070): id=419 Removed  (-2/11)
06-15 13:50:51.451 D/libEGL  ( 3070): eglTerminate EGLDisplay = 0x7fcce02fb8
06-15 13:50:51.621 I/Timeline( 3563): Timeline: Activity_windows_visible id: ActivityRecord{11cd341 u0 com.rongle.desktop/.activity.login.activity.LoginActivity t56} time:8697173
06-15 13:50:51.621 I/SurfaceFlinger( 3070): id=417 Removed IomeActivit (3/10)
06-15 13:50:51.621 I/SurfaceFlinger( 3070): id=417 Removed IomeActivit (-2/10)
06-15 13:50:51.631 D/KnoxTimeoutHandler( 3563): notifyActivityDrawn [MsgParam] userId: 0 fullscreen is true showWhenlocked is false
06-15 13:50:51.631 D/KnoxTimeoutHandler( 3563): activityDrawn [MsgParam] userId: 0 fullscreen is true showWhenlocked is false
06-15 13:50:51.631 D/ViewRootImpl(10358): #3 mView = null
06-15 13:50:51.631 I/KnoxTimeoutHandler( 3563): SD activityfalse
06-15 13:50:51.631 D/libEGL  ( 3070): eglTerminate EGLDisplay = 0x7fcce02fb8
06-15 13:50:51.851 W/DisplayListCanvas(10358): DisplayListCanvas is started on unbinded RenderNode (without mOwningView)
06-15 13:50:51.871 D/libEGL  ( 3070): eglInitialize EGLDisplay = 0x7fcce02e88
06-15 13:50:52.391 D/libEGL  ( 3070): eglInitialize EGLDisplay = 0x7fcce02e88
06-15 13:50:52.611 D/InputReader( 3563): Input event(3): value=1 when=8698167786000
06-15 13:50:52.611 D/InputReader( 3563): Input event(3): value=1 when=8698167786000
06-15 13:50:52.611 I/InputReader( 3563): Touch event's action is 0x0 (deviceType=0) [pCnt=1, s=0.892 ] when=8698167786000
06-15 13:50:52.611 D/InputReader( 3563): lastThreadEndTime = 8696787744021, currentThreadStartTime = 8696787746187, diff = 0
06-15 13:50:52.621 I/InputDispatcher( 3563): Delivering touch to (10358): action: 0x0, toolType: 1
06-15 13:50:52.621 D/ViewRootImpl(10358): ViewPostImeInputStage processPointer 0
06-15 13:50:52.731 D/InputReader( 3563): Input event(3): value=0 when=8698281742000
06-15 13:50:52.731 D/InputReader( 3563): Input event(3): value=0 when=8698281742000
06-15 13:50:52.731 I/InputReader( 3563): Touch event's action is 0x1 (deviceType=0) [pCnt=1, s=] when=8698281742000
06-15 13:50:52.731 I/InputDispatcher( 3563): Delivering touch to (10358): action: 0x1, toolType: 1
06-15 13:50:52.731 D/ViewRootImpl(10358): ViewPostImeInputStage processPointer 1
06-15 13:50:52.731 D/TableManager(10358): Table [RobotBean] Exist
06-15 13:50:52.731 V/Querier (10358): ----> Query Start: SQLStatement [sql=SELECT id  FROM RobotBean, bindArgs=null, mStatement=null]
06-15 13:50:52.731 I/Querier (10358): <---- Query End , cursor size : 0
06-15 13:50:52.731 I/Timeline(10358): Timeline: Activity_launch_request id:com.rongle.desktop time:8698285
06-15 13:50:52.741 D/InputDispatcher( 3563): Focused application set to: xxxx
06-15 13:50:52.751 D/libEGL  ( 3070): eglTerminate EGLDisplay = 0x7fa61bee78
06-15 13:50:52.751 D/libEGL  ( 3070): eglTerminate EGLDisplay = 0x7fa61bee78
06-15 13:50:52.751 D/ViewRootImpl(10358): #3 mView = null
06-15 13:50:52.751 D/PhoneStatusBar( 4225): setSystemUiVisibility vis=8600 mask=ffffffff oldVal=8000 newVal=8600 diff=600
06-15 13:50:52.751 D/InputDispatcher( 3563): Focus left window: 10358
06-15 13:50:52.751 D/PointerIcon( 3563): setMouseIconStyle1 pointerType: 1001 iconType:101 flag:0 pid:3563 uid:1000
06-15 13:50:52.751 D/PointerIcon( 3563): setMouseCustomIcon IconType is same.101
06-15 13:50:52.761 E/ViewRootImpl(10358): sendUserActionEvent() mView == null
06-15 13:50:52.791 D/Activity(10358): performCreate Call Injection manager
06-15 13:50:52.791 I/InjectionManager(10358): dispatchOnViewCreated > Target : com.rongle.desktop.activity.login.activity.LoginActivity isFragment :false
06-15 13:50:52.791 D/ViewRootImpl(10358): #1 mView = com.android.internal.policy.PhoneWindow$DecorView{d2fd15b I.E...... R.....ID 0,0-0,0}
06-15 13:50:52.791 D/ISSUE_DEBUG( 3563): InputChannelName : 1e58704 com.rongle.desktop/com.rongle.desktop.activity.login.activity.LoginActivity
06-15 13:50:52.791 D/ActivityManager( 3563): post active user change for 0 fullscreen true isFloatingActivity() false isHomeActivity() false
06-15 13:50:52.791 D/KnoxTimeoutHandler( 3563): postActiveUserChange [MsgParam] userI