06-15 13:46:51.561 E/BoostFramework( 3563): Exception java.lang.NullPointerException: Attempt to invoke virtual method 'java.lang.Object java.lang.reflect.Method.invoke(java.lang.Object, java.lang.Object[])' on a null object reference
06-15 13:46:51.561 D/HWManager( 8948): hideBoxHandwritingView
06-15 13:46:51.561 D/HWManager( 8948): hideFSHandwritingView
06-15 13:46:51.561 D/HWManager( 8948): dismissHandwritingView 
06-15 13:46:51.561 E/KeyboardInfoUtils( 8948): getInstance start
06-15 13:46:51.561 E/KeyboardInfoUtils( 8948): sendSIPInformation state:6  isAbstractKeyboardView : true
06-15 13:46:51.561 E/KeyboardInfoUtils( 8948): sending null keyboardInfo as SIP is closed
06-15 13:46:51.571 D/SamsungIME_UnifiedIME( 8948): InputManagerImpl, mCloudHandler: 72
06-15 13:46:51.571 D/SamsungIME_UnifiedIME( 8948): setToolbarVisiblility, visible = false
06-15 13:46:51.571 D/SamsungIME( 8948): onWindowHidden
06-15 13:46:51.591 D/libEGL  ( 3070): eglTerminate EGLDisplay = 0x7fa6400e78
06-15 13:46:51.591 D/libEGL  ( 3070): eglTerminate EGLDisplay = 0x7fa6400e78
06-15 13:46:51.601 D/EventStateReceiver( 6733): [c] IS_VISIBLE_WINDOW #1:false, IS_MOVABLE_KEYPAD:false
06-15 13:46:51.601 E/EventStateReceiver( 6733): mIsOpenIME:true  isOpenIME:false
06-15 13:46:51.601 I/AirMessagePosHelper( 6733): imeStatusChanged  isOpenIME:  false
06-15 13:46:51.601 I/SpApplication( 6733): getIMEService
06-15 13:46:51.601 I/SpApplication( 6733): getIMEService
06-15 13:46:51.601 I/SpApplication( 6733): getIMEService
06-15 13:46:51.601 I/SpApplication( 6733): getIMEService
06-15 13:46:51.601 E/AirMessagePosHelper( 6733): mImeService is not binded!!
06-15 13:46:51.601 I/AirViewBST( 6733): # isShowfalse
06-15 13:46:51.601 D/ViewRootImpl(10358): MSG_RESIZED: ci=Rect(0, 96 - 0, 0) vi=Rect(0, 96 - 0, 0) or=1
06-15 13:46:51.611 V/SamsungIME( 8948): onTrimMemory Level = 20
06-15 13:46:51.611 E/ProxyStatusReceiver(11488): no this type!
06-15 13:46:51.941 I/SurfaceFlinger( 3070): id=398 Removed JnputMethod (6/9)
06-15 13:46:51.941 I/SurfaceFlinger( 3070): id=398 Removed JnputMethod (-2/9)
06-15 13:46:51.951 D/libEGL  ( 3070): eglTerminate EGLDisplay = 0x7fcce02fb8
06-15 13:46:52.041 W/DisplayListCanvas(10358): DisplayListCanvas is started on unbinded RenderNode (without mOwningView)
06-15 13:46:52.541 W/DisplayListCanvas(10358): DisplayListCanvas is started on unbinded RenderNode (without mOwningView)
06-15 13:46:52.751 D/JIGUANG-JCore(10934): [PushService] onStartCommand - intent:Intent { act=cn.jpush.android.intent.RTC cmp=com.rongle.desktop/cn.jpush.android.service.PushService (has extras) }, pkg:com.rongle.desktop, connection:-634150912
06-15 13:46:52.761 D/JIGUANG-JCore(10934): [JiguangTcpManager] Send heart beat
06-15 13:46:52.861 D/JIGUANG-JCore(10934): [NetworkingClient] Received bytes - len:36, connection:-634150912, pkg:com.rongle.desktop
06-15 13:46:52.871 D/JIGUANG-JCore(10934): [NetworkingClient] Network listening...
06-15 13:46:52.871 D/JIGUANG-JCore(10934): [JiguangTcpManager] Action - onHeartbeatSucceed - connection:-634150912
06-15 13:46:52.891 D/InputReader( 3563): Input event(3): value=1 when=8458448153000
06-15 13:46:52.891 D/InputReader( 3563): Input event(3): value=1 when=8458448153000
06-15 13:46:52.891 I/InputReader( 3563): Touch event's action is 0x0 (deviceType=0) [pCnt=1, s=0.841 ] when=8458448153000
06-15 13:46:52.891 D/InputReader( 3563): lastThreadEndTime = 8457002190115, currentThreadStartTime = 8457002195490, diff = 0
06-15 13:46:52.891 I/InputDispatcher( 3563): Delivering touch to (4225): action: 0x4, toolType: 1
06-15 13:46:52.891 I/InputDispatcher( 3563): Delivering touch to (6733): action: 0x4, toolType: 1
06-15 13:46:52.891 I/InputDispatcher( 3563): Delivering touch to (10358): action: 0x0, toolType: 1
06-15 13:46:52.901 D/ViewRootImpl(10358): ViewPostImeInputStage processPointer 0
06-15 13:46:52.901 D/AutoHideHelper( 6733): ###check Single invalid
06-15 13:46:52.981 D/InputReader( 3563): Input event(3): value=0 when=8458530431000
06-15 13:46:52.981 D/InputReader( 3563): Input event(3): value=0 when=8458530431000
06-15 13:46:52.981 I/InputReader( 3563): Touch event's action is 0x1 (deviceType=0) [pCnt=1, s=] when=8458530431000
06-15 13:46:52.981 I/InputDispatcher( 3563): Delivering touch to (10358): action: 0x1, toolType: 1
06-15 13:46:52.981 D/ViewRootImpl(10358): ViewPostImeInputStage processPointer 1
06-15 13:46:52.991 D/ViewRootImpl(10358): #1 mView = com.android.internal.policy.PhoneWindow$DecorView{bc4214 V.ED..... R.....I. 0,0-0,0}
06-15 13:46:52.991 D/ISSUE_DEBUG( 3563): InputChannelName : 23d0bfc com.rongle.desktop/com.rongle.desktop.activity.login.activity.LoginActivity
06-15 13:46:52.991 D/InputDispatcher( 3563): Focus left window: 10358
06-15 13:46:52.991 D/InputDispatcher( 3563): Focus entered window: 10358
06-15 13:46:52.991 D/PhoneStatusBar( 4225): setSystemUiVisibility vis=8000 mask=ffffffff oldVal=8600 newVal=8000 diff=600
06-15 13:46:52.991 D/PointerIcon( 3563): setMouseIconStyle1 pointerType: 1001 iconType:101 flag:0 pid:3563 uid:1000
06-15 13:46:52.991 D/PointerIcon( 3563): setMouseCustomIcon IconType is same.101
06-15 13:46:52.991 I/System.out(10358): (HTTPLog)-Static: isSBSettingEnabled false
06-15 13:46:52.991 I/System.out(10358): (HTTPLog)-Static: isSBSettingEnabled false
06-15 13:46:53.001 I/SurfaceFlinger( 3070): id=400 createSurf (257x257),1 flag=4, MoginActivi
06-15 13:46:53.011 D/mali_winsys(10358): new_window_surface returns 0x3000,  [544x544]-format:1
06-15 13:46:53.011 D/InputMethodManagerService( 3563): windowGainedFocus mCurrentFocusedUserId - 0 and mSecureKeypadEnabled-false
06-15 13:46:53.021 D/SamsungIME( 8948): IMPL finishInput
06-15 13:46:53.021 W/DisplayListCanvas(10358): DisplayListCanvas is started on unbinded RenderNode (without mOwningView)
06-15 13:46:53.021 V/WindowStateAnimator( 3563): Finishing drawing window Window{23d0bfc u0 d0 com.rongle.desktop/com.rongle.desktop.activity.login.activity.LoginActivity}: mDrawState=DRAW_PENDING
06-15 13:46:53.021 D/ViewRootImpl(10358): MSG_RESIZED_REPORT: ci=Rect(0, 0 - 0, 0) vi=Rect(0, 0 - 0, 0) or=1
06-15 13:46:53.021 D/libEGL  ( 3070): eglInitialize EGLDisplay = 0x7fcce02e88
06-15 13:46:53.031 E/way     (10358): {"error_msg":"登录成功","error_no":"200","data":{"token":"c756a063305ad3e932b147a30d91d0b455c1456cd999b1c565db8948d9dcca3206dedb0ca71ed31ce8645627b659f161","uid":"10000109"}}
06-15 13:46:53.031 E/way     (10358): 登录返回的token值:c756a063305ad3e932b147a30d91d0b455c1456cd999b1c565db8948d9dcca3206dedb0ca71ed31ce8645627b659f161
06-15 13:46:53.031 I/System.out(10358): (HTTPLog)-Static: isSBSettingEnabled false
06-15 13:46:53.031 I/System.out(10358): (HTTPLog)-Static: isSBSettingEnabled false
06-15 13:46:53.041 V/WindowStateAnimator( 3563): Finishing drawing window Window{23d0bfc u0 d0 com.rongle.desktop/com.rongle.desktop.activity.login.activity.LoginActivity}: mDrawState=HAS_DRAWN
06-15 13:46:53.041 D/KnoxTimeoutHandler( 3563): notifyActivityDrawn [MsgParam] userId: 0 fullscreen is true showWhenlocked is false
06-15 13:46:53.041 D/KnoxTimeoutHandler( 3563): activityDrawn [MsgParam] userId: 0 fullscreen is true showWhenlocked is false
06-15 13:46:53.041 I/KnoxTimeoutHandler( 3563): SD activityfalse
06-15 13:46:53.051 E/way     (10358): {"error_msg":"success","error_no":"200","data":{"gender":"male","robots":[{"robotid":"1711CP010002001","admin":"10000109","nickname":"XD"}],"uid":"10000109","avatar":"*","nickname":"yan"}}
06-15 13:46:53.071 D/ViewRootImpl(10358): #3 mView = null
06-15 13:46:53.071 D/PhoneStatusBar( 4225): setSystemUiVisibility vis=8600 mask=ffffffff oldVal=8000 newVal=8600 diff=600
06-15 13:46:53.071 D/InputDispatcher( 3563): Focus left window: 10358
06-15 13:46:53.071 D/InputDispatcher( 3563): Focus entered window: 10358
06-15 13:46:53.071 D/PointerIcon( 3563): setMouseIconStyle1 pointerType: 1001 iconType:101 flag:0 pid:3563 uid:1000
06-15 13:46:53.071 D/PointerIcon( 3563): setMouseCustomIcon IconType is same.101
06-15 13:46:53.081 I/Transaction(10358): ----> BeginTransaction
06-15 13:46:53.081 I/TableManager(10358): Initialize SQL table start--------------------->
06-15 13:46:53.081 V/Querier (10358): ----> Query Start: SQLStatement [sql=SELECT * FROM sqlite_master WHERE type='table' ORDER BY name, bindArgs=null, mStatement=null]
06-15 13:46:53.091 V/Querier (10358): ----> Query Start: SQLStatement [sql=PRAGMA table_info(MsgsBean), bindArgs=null, mStatement=null]
06-15 13:46:53.091 I/Querier (10358): <---- Query End , cursor size : 6
06-15 13:46:53.091 D/TableManager(10358): Find One SQL Table: SQLite Table Struct：type=table, name=MsgsBean, tbl_name=MsgsBean, rootpage=6, sql=CREATE TABLE MsgsBean(id INTEGER PRIMARY KEY AUTOINCREMENT ,msg TEXT ,msgdesc TEXT ,msgid TEXT ,msgs BLOB ,timestamp TEXT ), columns={timestamp=1, msgs=1, msgdesc=1, msgid=1, msg=1, id=1}
06-15 13:46:53.091 V/Querier (10358): ----> Query Start: SQLStatement [sql=PRAGMA table_info(RobotBean), bindArgs=null, mStatement=null]
06-15 13:46:53.091 I/Querier (10358): <---- Query End , cursor size : 4
06-15 13:46:53.091 D/TableManager(10358): Find One SQL Table: SQLite Table Struct：type=table, name=RobotBean, tbl_name=RobotBean, rootpage=4, sql=CREATE TABLE RobotBean(id INTEGER PRIMARY KEY AUTOINCREMENT ,admin TEXT ,nickname TEXT ,robotid TEXT ), columns={robotid=1, nickname=1, id=1, admin=1}
06-15 13:46:53.091 V/Querier (10358): ----> Query Start: SQLStatement [sql=PRAGMA table_info(android_metadata), bindArgs=null, mStatement=null]
06-15 13:46:53.091 I/Querier (10358): <---- Query End , cursor size : 1
06-15 13:46:53.091 D/TableManager(10358): Find One SQL Table: SQLite Table Struct：type=table, name=android_metadata, tbl_name=android_metadata, rootpage=3, sql=CREATE TABLE android_metadata (locale TEXT), columns={locale=1}
06-15 13:46:53.091 V/Querier (10358): ----> Query Start: SQLStatement [sql=PRAGMA table_info(sqlite_sequence), bindArgs=null, mStatement=null]
06-15 13:46:53.091 I/Querier (10358): <---- Query End , cursor size : 2
06-15 13:46:53.091 D/TableManager(10358): Find One SQL Table: SQLite Table Struct：type=table, name=sqlite_sequence, tbl_name=sqlite_sequence, rootpage=5, sql=CREATE TABLE sqlite_sequence(name,seq), columns={seq=1, name=1}
06-15 13:46:53.091 I/Querier (10358): <---- Query End , cursor size : 4
06-15 13:46:53.091 I/TableManager(10358): Initialize SQL table end  ---------------------> 4
06-15 13:46:53.091 D/TableManager(10358): Table [RobotBean] Exist
06-15 13:46:53.091 I/TableManager(10358): Table [RobotBean] check column now.
06-15 13:46:53.091 D/SQLStatement(10358): SQL Execute: [REPLACE INTO RobotBean(id,admin,nickname,robotid)VALUES(?,?,?,?)] ARGS--> [null, 10000109, XD, 1711CP010002001]
06-15 13:46:53.091 I/SQLStatement(10358): SQL Execute Insert --> 49
06-15 13:46:53.091 I/Transaction(10358): ----> Transaction Successful
06-15 13:46:53.111 I/Timeline(10358): Timeline: Activity_launch_request id:com.rongle.desktop time:8458669
06-15 13:46:53.131 D/RMHelper( 8948): SamsungIME : RMisReady() : client is null
06-15 13:46:53.131 D/RMHelper( 8948): SamsungIME : RMisReady() : client is null
06-15 13:46:53.131 D/RMHelper( 8948): RMHelper : initHelper()
06-15 13:46:53.131 D/InputDispatcher( 3563): Focused application set to: xxxx
06-15 13:46:53.131 D/InputDispatcher( 3563): Focus left window: 10358
06-15 13:46:53.131 D/RMHelper( 8948): SamsungIME : initHelper() : client is null
06-15 13:46:53.131 D/RMHelper( 8948): SamsungIME : RMisReady() : client is null
06-15 13:46:53.131 D/RMHelper( 8948): SamsungIME : RMisReady() : client is null
06-15 13:46:53.131 D/RMHelper( 8948): RMHelper : initHelper()
06-15 13:46:53.131 D/RMHelper( 8948): SamsungIME : initHelper() : client is null
06-15 13:46:53.131 D/RMHelper( 8948): SamsungIME : RMisReady() : client is null
06-15 13:46:53.131 D/RMHelper( 8948): SamsungIME : RMisReady() : client is null
06-15 13:46:53.131 D/RMHelper( 8948): RMHelper : initHelper()
06-15 13:46:53.131 D/RMHelper( 8948): SamsungIME : initHelper() : client is null
06-15 13:46:53.131 D/SamsungIME( 8948): onStartInput: No inputType, No imeOption, isInputViewShown = false, isExtractViewShown = false, isShowInputRequested = false, isConfigChanged = false
06-15 13:46:53.131 D/PointerIcon( 3563): setMouseIconStyle1 pointerType: 1001 iconType:101 flag:0 pid:3563 uid:1000
06-15 13:46:53.131 D/PointerIcon( 3563): setMouseCustomIcon IconType is same.101
06-15 13:46:53.131 D/InputMethodManagerService( 3563): windowGainedFocus mCurrentFocusedUserId - 0 and mSecureKeypadEnabled-false
06-15 13:46:53.131 D/SamsungIME( 8948): IMPL finishInput
06-15 13:46:53.131 D/RMHelper( 8948): SamsungIME : RMisReady() : client is null
06-15 13:46:53.131 E/ViewRootImpl(10358): sendUserActionEvent() mView == null
06-15 13:46:53.131 D/RMHelper( 8948): SamsungIME : RMisReady() : client is null
06-15 13:46:53.131 D/RMHelper( 8948): RMHelper : initHelper()
06-15 13:46:53.131 W/IInputConnectionWrapper(10358): finishComposingText on inactive InputConnection
06-15 13:46:53.141 D/RMHelper( 8948): SamsungIME : initHelper() : client is null
06-15 13:46:53.141 D/RMHelper( 8948): SamsungIME : RMisReady() : client is null
06-15 13:46:53.141 D/RMHelper( 8948): SamsungIME : RMisReady() : client is null
06-15 13:46:53.141 D/RMHelper( 8948): RMHelper : initHelper()
06-15 13:46:53.141 D/RMHelper( 8948): SamsungIME : initHelper() : client is null
06-15 13:46:53.141 D/RMHelper( 8948): SamsungIME : RMisReady() : client is null
06-15 13:46:53.141 D/RMHelper( 8948): SamsungIME : RMisReady() : client is null
06-15 13:46:53.141 D/RMHelper( 8948): RMHelper : initHelper()
06-15 13:46:53.141 D/RMHelper( 8948): SamsungIME : initHelper() : client is null
06-15 13:46:53.151 E/way     (10358): {platform=android, rdelv=1001004}
06-15 13:46:53.151 D/Activity(10358): performCreate Call Injection manager
06-15 13:46:53.161 I/System.out(10358): (HTTPLog)-Static: isSBSettingEnabled false
06-15 13:46:53.161 I/System.out(10358): (HTTPLog)-Static: isSBSettingEnabled false
06-15 13:46:53.161 I/System.out(10358): (HTTPLog)-Static: isSBSettingEnabled false
06-15 13:46:53.161 I/System.out(10358): (HTTPLog)-Static: isSBSettingEnabled false
06-15 13:46:53.171 I/System.out(10358): 链接发送 心跳包
06-15 13:46:53.171 I/xwsendmsg(10358): 发送完整消息：DRMessage{header=DRMessageHeader{magic_number=-410023267, version=1000, content_flag=3, content_offset=20, length=268, check_code=0, extend={}}, body=DRMessageBody{token='c756a063305ad3e932b147a30d91d0b455c1456cd999b1c565db8948d9dcca3206dedb0ca71ed31ce8645627b659f161', recvid='1711CP010002001', content=DRMessageContent{appkey='134653173', robotkey='null', api='heartbeat', destid='null', error_msg='success', error_no='200', extra=null}}}
06-15 13:46:53.171 E/LaidiFragment(10358): 屏幕宽：1440  屏幕高：2560
06-15 13:46:53.171 I/LaidiFragment(10358): 屏幕实际高度2560
06-15 13:46:53.171 I/System.out(10358): 包长度:268
06-15 13:46:53.171 E/way     (10358): {max=100, token=c756a063305ad3e932b147a30d91d0b455c1456cd999b1c565db8948d9dcca3206dedb0ca71ed31ce8645627b659f161, msgid=294}
06-15 13:46:53.171 D/TableManager(10358): Table [RobotBean] Exist
06-15 13:46:53.171 I/xwsendmsg(10358): 发送完整消息：DRMessage{header=DRMessageHeader{magic_number=-410023267, version=1000, content_flag=3, content_offset=20, length=268, check_code=0, extend={}}, body=DRMessageBody{token='c756a063305ad3e932b147a30d91d0b455c1456cd999b1c565db8948d9dcca3206dedb0ca71ed31ce8645627b659f161', recvid='1711CP010002001', content=DRMessageContent{appkey='134653173', robotkey='null', api='heartbeat', destid='null', error_msg='success', error_no='200', extra=null}}}
06-15 13:46:53.171 V/Querier (10358): ----> Query Start: SQLStatement [sql=SELECT * FROM RobotBean, bindArgs=null, mStatement=null]
06-15 13:46:53.171 I/Querier (10358): <---- Query End , cursor size : 1
06-15 13:46:53.181 I/System.out(10358): (HTTPLog)-Static: isSBSettingEnabled false
06-15 13:46:53.181 I/System.out(10358): (HTTPLog)-Static: isSBSettingEnabled false
06-15 13:46:53.181 E/way     (10358): 宽：1440高：2560
06-15 13:46:53.181 E/orientation(10358): 竖屏
06-15 13:46:53.181 E/xw      (10358): onStart VideoFragment 
06-15 13:46:53.181 I/InjectionManager(10358): dispatchOnViewCreated > Target : com.rongle.desktop.activity.home.activity.HomeActivity isFragment :false
06-15 13:46:53.181 E/xw      (10358): onResume VideoFragment
06-15 13:46:53.181 D/ViewRootImpl(10358): #1 mView = com.android.internal.policy.PhoneWindow$DecorView{a0ade35 I.E...... R.....ID 0,0-0,0}
06-15 13:46:53.191 D/ISSUE_DEBUG( 3563): InputChannelName : b03e67e com.rongle.desktop/com.rongle.desktop.activity.home.activity.HomeActivity
06-15 13:46:53.191 D/ActivityManager( 3563): post active user change for 0 fullscreen true isFloatingActivity() false isHomeActivity() false
06-15 13:46:53.191 D/KnoxTimeoutHandler( 3563): postActiveUserChange [MsgParam] userId: 0 fullscreen is true showWhenlocked is false
06-15 13:46:53.191 D/KnoxTimeoutHandler( 3563): handleActiveUserChange [MsgParam] userId: 0 fullscreen is true showWhenlocked is false
06-15 13:46:53.191 I/KnoxTimeoutHandler( 3563): Shared devices show user statefalse
06-15 13:46:53.191 I/SurfaceFlinger( 3070): id=401 createSurf (1x1),1 flag=404, IomeActivit
06-15 13:46:53.211 D/InputDispatcher( 3563): Focus entered window: 10358
06-15 13:46:53.211 D/mali_winsys(10358): new_window_surface returns 0x3000,  [1440x2560]-format:1
06-15 13:46:53.211 D/PointerIcon( 3563): setMouseIconStyle1 pointerType: 1001 iconType:101 flag:0 pid:3563 uid:1000
06-15 13:46:53.211 D/PointerIcon( 3563): setMouseCustomIcon IconType is same.101
06-15 13:46:53.211 I/System.out(10358): *************************有效数据 :DRMessage{header=DRMessageHeader{magic_number=-410023267, version=1000, content_flag=3, content_offset=20, length=81, check_code=0, extend={}}, body=DRMessageBody{token='null', recvid='null', content=DRMessageContent{appkey='null', robotkey='null', api='kickout', destid='null', error_msg='null', error_no='null', extra=null}}}
06-15 13:46:53.211 I/System.out(10358): 被踢 kickout : false
06-15 13:46:53.221 W/View    (10358): requestLayout() improperly called by android.widget.LinearLayout{ee7e904 V.E...... ......I. 0,0-0,0} during layout: running second layout pass
06-15 13:46:53.221 I/ViewRootImpl(10358): requestLayout is already in process
06-15 13:46:53.221 E/connect (10358): 连接关闭
06-15 13:46:53.221 I/System.out(10358): ………………………………………………………………从连false
06-15 13:46:53.221 I/ViewRootImpl(10358): requestLayoutDuringLayout is already in process
06-15 13:46:53.221 I/ViewRootImpl(10358): requestLayoutDuringLayout is already in process
06-15 13:46:53.221 I/ViewRootImpl(10358): requestLayoutDuringLayout is already in process
06-15 13:46:53.221 I/ViewRootImpl(10358): requestLayoutDuringLayout is already in process
06-15 13:46:53.221 I/ViewRootImpl(10358): requestLayoutDuringLayout is already in process
06-15 13:46:53.221 I/ViewRootImpl(10358): requestLayoutDuringLayout is already in process
06-15 13:46:53.221 E/way     (10358): $$$$$$$$$$$$$$$$$$$$$$$$$$$$$$$$$
06-15 13:46:53.221 E/way     (10358): {"error_msg":"已经是最新版本","error_no":"404"}
06-15 13:46:53.221 E/way     (10358): 版本更新:{"error_msg":"已经是最新版本","error_no":"404"}
06-15 13:46:53.231 E/way     (10358): {"error_msg":"成功","error_no":"200","data":{"token":"c756a063305ad3e932b147a30d91d0b455c1456cd999b1c565db8948d9dcca3206dedb0ca71ed31ce8645627b659f161","uid":"10000109"}}
06-15 13:46:53.231 W/DisplayListCanvas(10358): DisplayListCanvas is started on unbinded RenderNode (without mOwningView)
06-15 13:46:53.241 V/WindowStateAnimator( 3563): Finishing drawing window Window{b03e67e u0 d0 com.rongle.desktop/com.rongle.desktop.activity.home.activity.HomeActivity}: mDrawState=DRAW_PENDING
06-15 13:46:53.241 D/ViewRootImpl(10358): MSG_RESIZED_REPORT: ci=Rect(0, 96 - 0, 0) vi=Rect(0, 96 - 0, 0) or=1
06-15 13:46:53.241 D/InputMethodManagerService( 3563): windowGainedFocus mCurrentFocusedUserId - 0 and mSecureKeypadEnabled-false
06-15 13:46:53.241 D/KnoxTimeoutHandler( 3563): notifyActivityDrawn [MsgParam] userId: 0 fullscreen is true showWhenlocked is false
06-15 13:46:53.241 D/KnoxTimeoutHandler( 3563): activityDrawn [MsgParam] userId: 0 fullscreen is true showWhenlocked is false
06-15 13:46:53.241 I/ActivityManager( 3563): Displayed com.rongle.desktop/.activity.home.activity.HomeActivity: +105ms
06-15 13:46:53.241 E/way     (10358): kickout
06-15 13:46:53.241 I/KnoxTimeoutHandler( 3563): SD activityfalse
06-15 13:46:53.241 D/libEGL  ( 3070): eglInitialize EGLDisplay = 0x7fcce02e88
06-15 13:46:53.241 D/SamsungIME( 8948): IMPL finishInput
06-15 13:46:53.241 I/SurfaceFlinger( 3070): id=400 Removed MoginActivi (5/10)
06-15 13:46:53.241 I/SurfaceFlinger( 3070): id=400 Removed MoginActivi (-2/10)
06-15 13:46:53.251 D/ViewRootImpl(10358): #1 mView = com.android.internal.policy.PhoneWindow$DecorView{ed3d391 V.E...... R.....I. 0,0-0,0}
06-15 13:46:53.251 D/ISSUE_DEBUG( 3563): InputChannelName : 8d96c2c 
06-15 13:46:53.251 D/InputDispatcher( 3563): Focus left window: 10358
06-15 13:46:53.251 D/InputDispatcher( 3563): Focus entered window: 10358
06-15 13:46:53.251 D/PhoneStatusBar( 4225): setSystemUiVisibility vis=8000 mask=ffffffff oldVal=8600 newVal=8000 diff=600
06-15 13:46:53.251 D/PointerIcon( 3563): setMouseIconStyle1 pointerType: 1001 iconType:101 flag:0 pid:3563 uid:1000
06-15 13:46:53.251 D/PointerIcon( 3563): setMouseCustomIcon IconType is same.101
06-15 13:46:53.251 E/way     (10358): {"error_msg":"success","error_no":"200","data":{"msgs":[]}}
06-15 13:46:53.251 W/View    (10358): requestLayout() improperly called by com.luseen.luseenbottomnavigation.BottomNavigation.BottomNavigationView{dcd72f6 V.E...... ......I. 0,2240-1440,2464 #7f0c0084 app:id/home_bar} during second layout pass: posting in next frame
06-15 13:46:53.251 W/View    (10358): requestLayout() improperly called by android.widget.FrameLayout{9c516f7 V.E...... ......I. 0,0-0,0} during second layout pass: posting in next frame
06-15 13:46:53.251 W/View    (10358): requestLayout() improperly called by android.widget.LinearLayout{ff43964 V.E...... ......I. 0,0-0,0} during second layout pass: posting in next frame
06-15 13:46:53.261 D/libEGL  ( 3070): eglTerminate EGLDisplay = 0x7fcce02fb8
06-15 13:46:53.261 V/WindowStateAnimator( 3563): Finishing drawing window Window{b03e67e u0 d0 com.rongle.desktop/com.rongle.desktop.activity.home.activity.HomeActivity}: mDrawState=HAS_DRAWN
06-15 13:46:53.271 I/SurfaceFlinger( 3070): id=402 createSurf (257x257),1 flag=4, 
06-15 13:46:53.271 D/libEGL  ( 3070): eglInitialize EGLDisplay = 0x7fcce02e88
06-15 13:46:53.281 D/mali_winsys(10358): new_window_surface returns 0x3000,  [1592x1052]-format:1
06-15 13:46:53.281 I/System.out(10358): 链接发送 心跳包
06-15 13:46:53.281 I/xwsendmsg(10358): 发送完整消息：DRMessage{header=DRMessageHeader{magic_number=-410023267, version=1000, content_flag=3, content_offset=20, length=268, check_code=0, extend={}}, body=DRMessageBody{token='c756a063305ad3e932b147a30d91d0b455c1456cd999b1c565db8948d9dcca3206dedb0ca71ed31ce8645627b659f161', recvid='1711CP010002001', content=DRMessageContent{appkey='134653240', robotkey='null', api='heartbeat', destid='null', error_msg='success', error_no='200', extra=null}}}
06-15 13:46:53.291 W/DisplayListCanvas(10358): DisplayListCanvas is started on unbinded RenderNode (without mOwningView)
06-15 13:46:53.291 I/System.out(10358): 包长度:268
06-15 13:46:53.291 I/xwsendmsg(10358): 发送完整消息：DRMessage{header=DRMessageHeader{magic_number=-410023267, version=1000, content_flag=3, content_offset=20, length=268, check_code=0, extend={}}, body=DRMessageBody{token='c756a063305ad3e932b147a30d91d0b455c1456cd999b1c565db8948d9dcca3206dedb0ca71ed31ce8645627b659f161', recvid='1711CP010002001', content=DRMessageContent{appkey='134653240', robotkey='null', api='heartbeat', destid='null', error_msg='success', error_no='200', extra=null}}}
06-15 13:46:53.301 V/WindowStateAnimator( 3563): Finishing drawing window Window{8d96c2c u0 d0 com.rongle.desktop}: mDrawState=DRAW_PENDING
06-15 13:46:53.301 D/libEGL  ( 3070): eglTerminate EGLDisplay = 0x7fa6400e78
06-15 13:46:53.301 D/libEGL  ( 3070): eglTerminate EGLDisplay = 0x7fa6400e78
06-15 13:46:53.301 D/ViewRootImpl(10358): MSG_RESIZED_REPORT: ci=Rect(0, 0 - 0, 0) vi=Rect(0, 0 - 0, 0) or=1
06-15 13:46:53.311 D/libEGL  ( 3070): eglInitialize EGLDisplay = 0x7fcce02e88
06-15 13:46:53.311 D/RMHelper( 8948): SamsungIME : RMisReady() : client is null
06-15 13:46:53.311 D/RMHelper( 8948): SamsungIME : RMisReady() : client is null
06-15 13:46:53.311 D/RMHelper( 8948): RMHelper : initHelper()
06-15 13:46:53.311 D/RMHelper( 8948): SamsungIME : initHelper() : client is null
06-15 13:46:53.311 D/RMHelper( 8948): SamsungIME : RMisReady() : client is null
06-15 13:46:53.311 D/RMHelper( 8948): SamsungIME : RMisReady() : client is null
06-15 13:46:53.311 D/RMHelper( 8948): RMHelper : initHelper()
06-15 13:46:53.311 V/WindowStateAnimator( 3563): Finishing drawing window Window{8d96c2c u0 d0 com.rongle.desktop}: mDrawState=HAS_DRAWN
06-15 13:46:53.311 D/RMHelper( 8948): SamsungIME : initHelper() : client is null
06-15 13:46:53.311 D/RMHelper( 8948): SamsungIME : RMisReady() : client is null
06-15 13:46:53.311 D/RMHelper( 8948): SamsungIME : RMisReady() : client is null
06-15 13:46:53.311 D/RMHelper( 8948): RMHelper : initHelper()
06-15 13:46:53.311 D/RMHelper( 8948): SamsungIME : initHelper() : client is null
06-15 13:46:53.311 D/SamsungIME( 8948): onStartInput: No inputType, No imeOption, isInputViewShown = false, isExtractViewShown = false, isShowInputRequested = false, isConfigChanged = false
06-15 13:46:53.311 I/Timeline(10358): Timeline: Activity_idle id: android.os.BinderProxy@67212ae time:8458868
06-15 13:46:53.321 D/libEGL  ( 3070): eglInitialize EGLDisplay = 0x7fcce02e88
06-15 13:46:54.591 D/InputReader( 3563): Input event(3): value=1 when=8460146263000
06-15 13:46:54.591 D/InputReader( 3563): Input event(3): value=1 when=8460146263000
06-15 13:46:54.591 I/InputReader( 3563): Touch event's action is 0x0 (deviceType=0) [pCnt=1, s=0.842 ] when=8460146263000
06-15 13:46:54.591 D/InputReader( 3563): lastThreadEndTime = 8458530742449, currentThreadStartTime = 8458530746282, diff = 0
06-15 13:46:54.591 I/InputDispatcher( 3563): Delivering touch to (10358): action: 0x0, toolType: 1
06-15 13:46:54.591 D/ViewRootImpl(10358): ViewPostImeInputStage processPointer 0
06-15 13:46:54.611 D/libEGL  ( 3070): eglInitialize EGLDisplay = 0x7fcce02e88
06-15 13:46:54.651 D/InputReader( 3563): Input event(3): value=0 when=8460205382000
06-15 13:46:54.651 D/InputReader( 3563): Input event(3): value=0 when=8460205382000
06-15 13:46:54.651 I/InputReader( 3563): Touch event's action is 0x1 (deviceType=0) [pCnt=1, s=] when=8460205382000
06-15 13:46:54.651 I/InputDispatcher( 3563): Delivering touch to (10358): action: 0x1, toolType: 1
06-15 13:46:54.651 D/ViewRootImpl(10358): ViewPostImeInputStage processPointer 1
06-15 13:46:54.671 D/libEGL  ( 3070): eglTerminate EGLDisplay = 0x7fa6400e78
06-15 13:46:54.671 D/libEGL  ( 3070): eglTerminate EGLDisplay = 0x7fa6400e78
06-15 13:46:54.671 D/ViewRootImpl(10358): #3 mView = null
06-15 13:46:54.671 D/PhoneStatusBar( 4225): setSystemUiVisibility vis=8600 mask=ffffffff oldVal=8000 newVal=8600 diff=600
06-15 13:46:54.671 D/InputDispatcher( 3563): Focus left window: 10358
06-15 13:46:54.671 D/InputDispatcher( 3563): Focus entered window: 10358
06-15 13:46:54.671 D/PointerIcon( 3563): setMouseIconStyle1 pointerType: 1001 iconType:101 flag:0 pid:3563 uid:1000
06-15 13:46:54.671 D/PointerIcon( 3563): setMouseCustomIcon IconType is same.101
06-15 13:46:54.671 D/TableManager(10358): Table [RobotBean] Exist
06-15 13:46:54.671 V/Querier (10358): ----> Query Start: SQLStatement [sql=SELECT id  FROM RobotBean, bindArgs=null, mStatement=null]
06-15 13:46:54.671 I/Querier (10358): <---- Query End , cursor size : 1
06-15 13:46:54.671 I/Transaction(10358): ----> BeginTransaction
06-15 13:46:54.671 D/TableManager(10358): Table [RobotBean] Exist
06-15 13:46:54.671 D/SQLStatement(10358): SQL Execute: [DELETE FROM RobotBean WHERE id=?] ARGS--> [49]
06-15 13:46:54.671 V/SQLStatement(10358): SQL Execute Delete --> 1
06-15 13:46:54.671 I/Transaction(10358): ----> Transaction Successful
06-15 13:46:54.671 I/Timeline(10358): Timeline: Activity_launch_request id:com.rongle.desktop time:8460228
06-15 13:46:54.681 D/InputDispatcher( 3563): Focused application set to: xxxx
06-15 13:46:54.681 D/InputDispatcher( 3563): Focus left window: 10358
06-15 13:46:54.691 D/PointerIcon( 3563): setMouseIconStyle1 pointerType: 1001 iconType:101 flag:0 pid:3563 uid:1000
06-15 13:46:54.691 D/PointerIcon( 3563): setMouseCustomIcon IconType is same.101
06-15 13:46:54.691 D/InputMethodManagerService( 3563): windowGainedFocus mCurrentFocusedUserId - 0 and mSecureKeypadEnabled-false
06-15 13:46:54.691 E/ViewRootImpl(10358): sendUserActionEvent() mView == null
06-15 13:46:54.691 E/xw      (10358): onPause
06-15 13:46:54.711 E/xw111111(10358): onStop
06-15 13:46:54.711 E/xw      (10358): onDestroyView
06-15 13:46:54.741 D/Activity(10358): performCreate Call Injection manager
06-15 13:46:54.741 I/InjectionManager(10358): dispatchOnViewCreated > Target : com.rongle.desktop.activity.login.activity.LoginActivity isFragment :false
06-15 13:46:54.741 D/ViewRootImpl(10358): #1 mView = com.android.internal.policy.PhoneWindow$DecorView{6489348 I.E...... R.....ID 0,0-0,0}
06-15 13:46:54.741 D/ISSUE_DEBUG( 3563): InputChannelName : 6b3bfad com.rongle.desktop/com.rongle.desktop.activity.login.activity.LoginActivity
06-15 13:46:54.741 D/ActivityManager( 3563): post active user change for 0 fullscreen true isFloatingActivity() false isHomeActivity() false
06-15 13:46:54.741 D/KnoxTimeoutHandler( 3563): postActiveUserChange [MsgParam] userId: 0 fullscreen is true showWhenlocked is false
06-15 13:46:54.751 D/KnoxTimeoutHandler( 3563): handleActiveUserChange [MsgParam] userId: 0 fullscreen is true showWhenlocked is false
06-15 13:46:54.751 I/KnoxTimeoutHandler( 3563): Shared devices show user statefalse
06-15 13:46:54.751 I/SurfaceFlinger( 3070): id=403 createSurf (1x1),1 flag=404, MoginActivi
06-15 13:46:54.761 D/InputDispatcher( 3563): Focus entered window: 10358
06-15 13:46:54.771 D/PointerIcon( 3563): setMouseIconStyle1 pointerType: 1001 iconType:101 flag:0 pid:3563 uid:1000
06-15 13:46:54.771 D/PointerIcon( 3563): setMouseCustomIcon IconType is same.101
06-15 13:46:54.771 D/mali_winsys(10358): new_window_surface returns 0x3000,  [1440x2560]-format:1
06-15 13:46:54.781 W/DisplayListCanvas(10358): DisplayListCanvas is started on unbinded RenderNode (without mOwningView)
06-15 13:46:54.781 W/DisplayListCanvas(10358): DisplayListCanvas is started on unbinded RenderNode (without mOwningView)
06-15 13:46:54.791 V/WindowStateAnimator( 3563): Finishing drawing window Window{6b3bfad u0 d0 com.rongle.desktop/com.rongle.desktop.activity.login.activity.LoginActivity}: mDrawState=DRAW_PENDING
06-15 13:46:54.791 D/ViewRootImpl(10358): MSG_RESIZED_REPORT: ci=Rect(0, 96 - 0, 0) vi=Rect(0, 96 - 0, 0) or=1
06-15 13:46:54.791 D/InputMethodManagerService( 3563): windowGainedFocus mCurrentFocusedUserId - 0 and mSecureKeypadEnabled-false
06-15 13:46:54.791 D/KnoxTimeoutHandler( 3563): notifyActivityDrawn [MsgParam] userId: 0 fullscreen is true showWhenlocked is false
06-15 13:46:54.791 D/KnoxTimeoutHandler( 3563): activityDrawn [MsgParam] userId: 0 fullscreen is true showWhenlocked is false
06-15 13:46:54.791 I/ActivityManager( 3563): Displayed com.rongle.desktop/.activity.login.activity.LoginActivity: +101ms
06-15 13:46:54.791 D/SamsungIME( 8948): IMPL finishInput
06-15 13:46:54.791 D/RMHelper( 8948): SamsungIME : RMisReady() : client is null
06-15 13:46:54.791 D/RMHelper( 8948): SamsungIME : RMisReady() : client is null
06-15 13:46:54.791 D/RMHelper( 8948): RMHelper : initHelper()
06-15 13:46:54.791 I/KnoxTimeoutHandler( 3563): SD activityfalse
06-15 13:46:54.791 D/RMHelper( 8948): SamsungIME : initHelper() : client is null
06-15 13:46:54.791 D/RMHelper( 8948): SamsungIME : RMisReady() : client is null
06-15 13:46:54.791 D/RMHelper( 8948): SamsungIME : RMisReady() : client is null
06-15 13:46:54.791 D/RMHelper( 8948): RMHelper : initHelper()
06-15 13:46:54.791 D/RMHelper( 8948): SamsungIME : initHelper() : client is null
06-15 13:46:54.791 D/RMHelper( 8948): SamsungIME : RMisReady() : client is null
06-15 13:46:54.791 D/RMHelper( 8948): SamsungIME : RMisReady() : client is null
06-15 13:46:54.791 D/RMHelper( 8948): RMHelper : initHelper()
06-15 13:46:54.791 D/RMHelper( 8948): SamsungIME : initHelper() : client is null
06-15 13:46:54.801 W/DisplayListCanvas(10358): DisplayListCanvas is started on unbinded RenderNode (without mOwningView)
06-15 13:46:54.801 D/libEGL  ( 3070): eglInitialize EGLDisplay = 0x7fcce02e88
06-15 13:46:54.801 V/WindowStateAnimator( 3563): Finishing drawing window Window{6b3bfad u0 d0 com.rongle.desktop/com.rongle.desktop.activity.login.activity.LoginActivity}: mDrawState=HAS_DRAWN
06-15 13:46:54.811 D/libEGL  ( 3070): eglTerminate EGLDisplay = 0x7fa6400e78
06-15 13:46:54.811 I/Timeline(10358): Timeline: Activity_idle id: android.os.BinderProxy@6155632 time:8460363
06-15 13:46:54.821 D/libEGL  ( 3070): eglInitialize EGLDisplay = 0x7fcce02e88
06-15 13:46:54.821 D/ViewRootImpl(10358): #3 mView = null
06-15 13:46:54.821 E/connect (10358): 连接关闭
06-15 13:46:54.821 I/System.out(10358): ………………………………………………………………从连false
06-15 13:46:54.851 I/SurfaceFlinger( 3070): id=402 Removed  (11/11)
06-15 13:46:54.851 I/SurfaceFlinger( 3070): id=402 Removed  (-2/11)
06-15 13:46:54.861 D/libEGL  ( 3070): eglTerminate EGLDisplay = 0x7fcce02fb8
06-15 13:46:55.031 I/SurfaceFlinger( 3070): id=401 Removed IomeActivit (5/10)
06-15 13:46:55.031 I/SurfaceFlinger( 3070): id=401 Removed IomeActivit (-2/10)
06-15 13:46:55.051 D/libEGL  ( 3070): eglTerminate EGLDisplay = 0x7fcce02fb8
06-15 13:46:55.051 I/Timeline( 3563): Timeline: Activity_windows_visible id: ActivityRecord{990a6f5 u0 com.rongle.desktop/.activity.login.activity.LoginActivity t56} time:8460604
06-15 13:46:55.061 D/KnoxTimeoutHandler( 3563): notifyActivityDrawn [MsgParam] userId: 0 fullscreen is true showWhenlocked is false
06-15 13:46:55.061 D/KnoxTimeoutHandler( 3563): activityDrawn [MsgParam] userId: 0 fullscreen is true showWhenlocked is false
06-15 13:46:55.061 D/ViewRootImpl(10358): #3 mView = null
06-15 13:46:55.061 I/KnoxTimeoutHandler( 3563): SD activityfalse
06-15 13:46:55.251 I/SurfaceFlinger( 3070): id=397 Removed MoginActivi (3/9)
06-15 13:46:55.251 I/SurfaceFlinger( 3070): id=397 Removed MoginActivi (-2/9)
06-15 13:46:55.261 D/libEGL  ( 3070): eglTerminate EGLDisplay = 0x7fcce02fb8
06-15 13:46:55.321 D/libEGL  ( 3070): eglInitialize EGLDisplay = 0x7fcce02e88
06-15 13:47:00.001 D/KeyguardUpdateMonitor( 4225): received broadcast android.intent.action.TIME_TICK
06-15 13:47:00.001 D/KeyguardUpdateMonitor( 4225): handleTimeUpdate
06-15 13:47:00.031 D/Clock   ( 4225): received broadcast android.intent.action.TIME_TICK
06-15 13:47:00.071 D/Sensorhubs( 3100): readContextData: 1, 1, 26, 1, 1, 61, -74, 93, 4, 0
06-15 13:47:00.071 D/SensorHubManager( 3563): onGetSensorHubDataLocked: library(10) = 1, 1, 26, 1, 1, 61, -74, 93, 4, 0
06-15 13:47:00.071 D/CAE     ( 3563): onGetSensorHubData(SensorHubParserProvider.java:92) - onGetSensorHubData Event [event buffer len :10], AP_WAKEUP
06-15 13:47:00.071 I/CAE     ( 3563): parse(SensorHubParserProvider.java:188) - buffer size = 10
06-15 13:47:00.071 I/CAE     ( 3563): parse(SensorHubParserProvider.java:199) - 1, 1, 26, 1, 1, 61, -74, 93, 4, 0,
06-15 13:47:00.071 D/CAE     ( 3563): display(ContextProvider.java:375) - ================= ACTIVITY_TRACKER =================
06-15 13:47:00.071 I/CAE     ( 3563): display(ContextProvider.java:391) - Accuracy=[0], OperationMode=[0], ActivityType=[4], TimeStamp=[1497505620082]
06-15 13:47:00.081 D/SContextService( 3563): updateSContext() : event = Activity Tracker
06-15 13:47:00.101 D/DateView( 4225): received broadcast android.intent.action.TIME_TICK
06-15 13:47:00.181 D/[WeatherWidget(1347)]  WeatherService(14763): {[B73D43639EB27FAA34EF41A6129C1FA74EE523C06D7536E6814BAB417862AF9BA63017AC2C1E20CC004E1F7C09A488FE6E8405EF4D3F04CE1548AAA5BC357D19]}
06-15 13:47:00.191 D/[WeatherWidget(1347)]  (14763): {[3AE6950019B083611567B0F9442DB03E46FB6DE766AD55CE2B94B9E5E5C0C8EB]}
06-15 13:47:00.201 D/[WeatherWidget(1347)]  (14763): {[3AE6950019B083611567B0F9442DB03EBE3344DB7EA709231FA889CBE1BA042A320074BE8FD000B75A46F83623A94B345781FFA4E571FCB567CDD3ACBB4B71CA9A8DA816B62AD258F47FED804A81BE3F]}
06-15 13:47:00.201 D/[WeatherWidget(1347)]  (14763): {[A1AF0F6A1A65A89C43D705938923D0FE9D71D1E79F916BF028A9BE05C24DCFF6325489ACDDEBE2E457F72259BC6C2EAAF709C3268F3DFAF1155E85EC17130C8BA36A6CE8762F34272CAD23369CED9D75E9D95707F6360BD6434A5C238C6B91748BDD42609C8A2560DE189CC7E7A28BF7]}
06-15 13:47:00.201 D/[WeatherWidget(1347)]  (14763): {[483B5B7E147A3DD4E13C8EC20B3BDD854E22413F3C9169F664B5925485A18F29]}
06-15 13:47:01.021 D/Sensorhubs( 3100): readContextData: 1, 1, 26, 1, 1, 61, -70, 27, 4, 1
06-15 13:47:01.031 D/SensorHubManager( 3563): onGetSensorHubDataLocked: library(10) = 1, 1, 26, 1, 1, 61, -70, 27, 4, 1
06-15 13:47:01.031 D/CAE     ( 3563): onGetSensorHubData(SensorHubParserProvider.java:92) - onGetSensorHubData Event [event buffer len :10], AP_WAKEUP
06-15 13:47:01.031 I/CAE     ( 3563): parse(SensorHubParserProvider.java:188) - buffer size = 10
06-15 13:47:01.031 I/CAE     ( 3563): parse(SensorHubParserProvider.java:199) - 1, 1, 26, 1, 1, 61, -70, 27, 4, 1,
06-15 13:47:01.031 D/CAE     ( 3563): display(ContextProvider.java:375) - ================= ACTIVITY_TRACKER =================
06-15 13:47:01.031 I/CAE     ( 3563): display(ContextProvider.java:391) - Accuracy=[1], OperationMode=[0], ActivityType=[4], TimeStamp=[1497505621041]
06-15 13:47:01.041 D/SContextService( 3563): updateSContext() : event = Activity Tracker
06-15 13:47:01.041 D/WifiStateMachine( 3563): setWifiScanMove bMove = 3
06-15 13:47:01.041 I/WifiStateMachine( 3563): sendMessageDelayed CMD_SET_SCAN_MOVE after 5 mins with 3
06-15 13:47:01.761 D/Sensorhubs( 3100): readContextData: 1, 1, 7, 0
06-15 13:47:01.771 D/SensorHubManager( 3563): onGetSensorHubDataLocked: library(4) = 1, 1, 7, 0
06-15 13:47:01.771 D/CAE     ( 3563): onGetSensorHubData(SensorHubParserProvider.java:92) - onGetSensorHubData Event [event buffer len :4], AP_WAKEUP
06-15 13:47:01.771 I/CAE     ( 3563): parse(SensorHubParserProvider.java:188) - buffer size = 4
06-15 13:47:01.771 I/CAE     ( 3563): parse(SensorHubParserProvider.java:199) - 1, 1, 7, 0,
06-15 13:47:01.771 D/CAE     ( 3563): display(ContextProvider.java:375) - ================= AUTO_ROTATION =================
06-15 13:47:01.771 I/CAE     ( 3563): display(ContextProvider.java:391) - Angle=[0]
06-15 13:47:01.771 D/SContextService( 3563): updateSContext() : event = Auto Rotation
06-15 13:47:01.821 D/Sensorhubs( 3100): readContextData: 1, 1, 7, -1
06-15 13:47:01.821 D/SensorHubManager( 3563): onGetSensorHubDataLocked: library(4) = 1, 1, 7, -1
06-15 13:47:01.831 D/CAE     ( 3563): onGetSensorHubData(SensorHubParserProvider.java:92) - onGetSensorHubData Event [event buffer len :4], AP_WAKEUP
06-15 13:47:01.831 I/CAE     ( 3563): parse(SensorHubParserProvider.java:188) - buffer size = 4
06-15 13:47:01.831 I/CAE     ( 3563): parse(SensorHubParserProvider.java:199) - 1, 1, 7, -1,
06-15 13:47:01.831 D/CAE     ( 3563): display(ContextProvider.java:375) - ================= AUTO_ROTATION =================
06-15 13:47:01.831 I/CAE     ( 3563): display(ContextProvider.java:391) - Angle=[-1]
06-15 13:47:01.831 D/SContextService( 3563): updateSContext() : event = Auto Rotation
06-15 13:47:02.061 D/Sensorhubs( 3100): readContextData: 1, 1, 7, 0
06-15 13:47:02.061 D/SensorHubManager( 3563): onGetSensorHubDataLocked: library(4) = 1, 1, 7, 0
06-15 13:47:02.071 D/CAE     ( 3563): onGetSensorHubData(SensorHubParserProvider.java:92) - onGetSensorHubData Event [event buffer len :4], AP_WAKEUP
06-15 13:47:02.071 I/CAE     ( 3563): parse(SensorHubParserProvider.java:188) - buffer size = 4
06-15 13:47:02.071 I/CAE     ( 3563): parse(SensorHubParserProvider.java:199) - 1, 1, 7, 0,
06-15 13:47:02.071 D/CAE     ( 3563): display(ContextProvider.java:375) - ================= AUTO_ROTATION =================
06-15 13:47:02.071 I/CAE     ( 3563): display(ContextProvider.java:391) - Angle=[0]
06-15 13:47:02.071 D/SContextService( 3563): updateSContext() : event = Auto Rotation
06-15 13:47:02.701 D/Sensorhubs( 3100): readContextData: 1, 1, 26, 1, 1, 61, -64, -88, 4, 0
06-15 13:47:02.701 D/SensorHubManager( 3563): onGetSensorHubDataLocked: library(10) = 1, 1, 26, 1, 1, 61, -64, -88, 4, 0
06-15 13:47:02.701 D/CAE     ( 3563): onGetSensorHubData(SensorHubParserProvider.java:92) - onGetSensorHubData Event [event buffer len :10], AP_WAKEUP
06-15 13:47:02.711 I/CAE     ( 3563): parse(SensorHubParserProvider.java:188) - buffer size = 10
06-15 13:47:02.711 I/CAE     ( 3563): parse(SensorHubParserProvider.java:199) - 1, 1, 26, 1, 1, 61, -64, -88, 4, 0,
06-15 13:47:02.711 D/CAE     ( 3563): display(ContextProvider.java:375) - ================= ACTIVITY_TRACKER =================
06-15 13:47:02.711 I/CAE     ( 3563): display(ContextProvider.java:391) - Accuracy=[0], OperationMode=[0], ActivityType=[4], TimeStamp=[1497505622718]
06-15 13:47:02.711 D/SContextService( 3563): updateSContext() : event = Activity Tracker
06-15 13:47:03.741 D/Sensorhubs( 3100): readContextData: 1, 1, 7, -1
06-15 13:47:03.741 D/SensorHubManager( 3563): onGetSensorHubDataLocked: library(4) = 1, 1, 7, -1
06-15 13:47:03.741 D/CAE     ( 3563): onGetSensorHubData(SensorHubParserProvider.java:92) - onGetSensorHubData Event [event buffer len :4], AP_WAKEUP
06-15 13:47:03.741 I/CAE     ( 3563): parse(SensorHubParserProvider.java:188) - buffer size = 4
06-15 13:47:03.741 I/CAE     ( 3563): parse(SensorHubParserProvider.java:199) - 1, 1, 7, -1,
06-15 13:47:03.741 D/CAE     ( 3563): display(ContextProvider.java:375) - ================= AUTO_ROTATION =================
06-15 13:47:03.741 I/CAE     ( 3563): display(ContextProvider.java:391) - Angle=[-1]
06-15 13:47:03.751 D/SContextService( 3563): updateSContext() : event = Auto Rotation
06-15 13:47:03.761 D/InputReader( 3563): Input event(3): value=1 when=8469313870000
06-15 13:47:03.761 D/InputReader( 3563): Input event(3): value=1 when=8469313870000
06-15 13:47:03.761 I/InputReader( 3563): Touch event's action is 0x0 (deviceType=0) [pCnt=1, s=0.843 ] when=8469313870000
06-15 13:47:03.761 D/InputReader( 3563): lastThreadEndTime = 8460205534866, currentThreadStartTime = 8460205537783, diff = 0
06-15 13:47:03.761 I/InputDispatcher( 3563): Delivering touch to (4225): action: 0x4, toolType: 1
06-15 13:47:03.761 I/InputDispatcher( 3563): Delivering touch to (6733): action: 0x4, toolType: 1
06-15 13:47:03.761 I/InputDispatcher( 3563): Delivering touch to (10358): action: 0x0, toolType: 1
06-15 13:47:03.761 D/AutoHideHelper( 6733): ###check Single invalid
06-15 13:47:03.761 D/ViewRootImpl(10358): ViewPostImeInputStage processPointer 0
06-15 13:47:03.831 D/InputReader( 3563): Input event(3): value=0 when=8469383825000
06-15 13:47:03.831 D/InputReader( 3563): Input event(3): value=0 when=8469383825000
06-15 13:47:03.831 I/InputReader( 3563): Touch event's action is 0x1 (deviceType=0) [pCnt=1, s=] when=8469383825000
06-15 13:47:03.831 I/InputDispatcher( 3563): Delivering touch to (10358): action: 0x1, toolType: 1
06-15 13:47:03.831 D/ViewRootImpl(10358): ViewPostImeInputStage processPointer 1
06-15 13:47:03.831 D/SamsungIME( 8948): IMPL finishInput
06-15 13:47:03.911 D/RMHelper( 8948): SamsungIME : RMisReady() : client is null
06-15 13:47:03.911 D/RMHelper( 8948): SamsungIME : RMisReady() : client is null
06-15 13:47:03.911 D/RMHelper( 8948): RMHelper : initHelper()
06-15 13:47:03.911 D/RMHelper( 8948): SamsungIME : initHelper() : client is null
06-15 13:47:03.911 D/RMHelper( 8948): SamsungIME : RMisReady() : client is null
06-15 13:47:03.911 D/RMHelper( 8948): SamsungIME : RMisReady() : client is null
06-15 13:47:03.911 D/RMHelper( 8948): RMHelper : initHelper()
06-15 13:47:03.911 D/RMHelper( 8948): SamsungIME : initHelper() : client is null
06-15 13:47:03.911 D/RMHelper( 8948): SamsungIME : RMisReady() : client is null
06-15 13:47:03.911 D/RMHelper( 8948): SamsungIME : RMisReady() : client is null
06-15 13:47:03.911 D/RMHelper( 8948): RMHelper : initHelper()
06-15 13:47:03.911 D/RMHelper( 8948): SamsungIME : initHelper() : client is null
06-15 13:47:03.911 D/SamsungIME( 8948): onViewClicked
06-15 13:47:03.921 E/SamsungIME( 8948): resetNeedToLoadHwrLibrary : 1
06-15 13:47:03.921 D/SamsungIME( 8948): onStartInputView requsted restarting value = false
06-15 13:47:03.921 D/SamsungIME( 8948): onStartInputView After call super -  restarting value = false
06-15 13:47:03.921 D/SamsungIME( 8948): disable handwriting input icon : handwriting is not enabled or improper edit field
06-15 13:47:03.921 D/SamsungIME_HWR( 8948): DynamicHwrLoadPerf, InitHwrLib time = 0 ms
06-15 13:47:03.921 D/SamsungIME_HWR( 8948): DynamicHwrLoadPerf, setAvailableHWRLanguage time = 0 ms
06-15 13:47:03.921 D/SamsungIME_HWR( 8948): DynamicHwrLoadPerf, updateHwrInputModule time = 0 ms
06-15 13:47:03.921 D/DragonTrigger( 8948): isVoiceSupportedModelWithoutSvoice : true device : zerofltechn
06-15 13:47:03.921 D/SamsungIME( 8948): [startInputView] info.inputType = 131201 info.imeOptions = 1140850694
06-15 13:47:03.931 I/SamsungIME( 8948): Update SetupWizard State usc : 1 pss : false
06-15 13:47:03.931 I/SamsungIME( 8948): Update SetupWizard State usc : 1 pss : false
06-15 13:47:03.931 D/DragonTrigger( 8948): isVoiceSupportedModelWithoutSvoice : true device : zerofltechn
06-15 13:47:03.941 I/SamsungIME( 8948): ET9AWSetFastAdaptation failed
06-15 13:47:03.941 I/SamsungIME( 8948): ET9KDLMInit : 2
06-15 13:47:03.941 I/SamsungIME( 8948): ET9JDLMInit : 2
06-15 13:47:03.941 E/SamsungIME( 8948): lang.getLanguageCode():en, lang.getCountryCode():US
06-15 13:47:03.941 E/SamsungIME( 8948): lang.getLanguageCode():zh, lang.getCountryCode():CN
06-15 13:47:03.941 W/SamsungIME( 8948): makeSelectedLanguageList:en_US;zh_CN;
06-15 13:47:03.941 I/SamsungIME( 8948): [IMI] isChangedMainValues - bRetVal : true
06-15 13:47:03.941 E/SamsungIME( 8948): sendInputLanguage() : en_US, en_US;zh_CN;
06-15 13:47:03.941 I/SamsungIME( 8948): getDebugLevel  : 0x4f4c
06-15 13:47:03.941 I/SamsungIME( 8948): KeybaordView init() : load resources
06-15 13:47:03.941 I/SamsungIME( 8948): getCurrentKeyboard
06-15 13:47:03.941 I/SamsungIME( 8948): getTextKeyboard
06-15 13:47:03.941 I/SamsungIME( 8948): CarMode is off 
06-15 13:47:03.941 D/SamsungIME( 8948): mDisplayWidth is 1440
06-15 13:47:03.941 D/SamsungIME( 8948): mDisplayHeight is 2560
06-15 13:47:03.941 D/SamsungIME( 8948): isOrientationLandscape false
06-15 13:47:03.941 D/SamsungIME( 8948): mDisplayWidth is 1440
06-15 13:47:03.941 D/SamsungIME( 8948): mDisplayHeight is 2560
06-15 13:47:03.941 D/SamsungIME( 8948): isOrientationLandscape false
06-15 13:47:03.951 D/SamsungIME( 8948): mIsUseStaticTouchRecognizedArea =  false
06-15 13:47:03.951 D/SamsungIME( 8948): [AbstractKeyboardView] onDetachedFromWindow.
06-15 13:47:03.951 D/SamsungIME( 8948): Magnification Enabled = false
06-15 13:47:03.951 D/SamsungIME( 8948): Dismiss ExpandCandiate
06-15 13:47:03.951 E/SamsungIME( 8948): lang.getLanguageCode():en, lang.getCountryCode():US
06-15 13:47:03.951 E/SamsungIME( 8948): lang.getLanguageCode():zh, lang.getCountryCode():CN
06-15 13:47:03.951 W/SamsungIME( 8948): makeSelectedLanguageList:en_US;zh_CN;
06-15 13:47:03.951 D/HWManager( 8948): hideBoxHandwritingView
06-15 13:47:03.951 D/HWManager( 8948): hideFSHandwritingView
06-15 13:47:03.951 W/SamsungIME( 8948): setChineseStrokeMode() current language is not chinese
06-15 13:47:03.951 D/HWManager( 8948): hideBoxHandwritingView
06-15 13:47:03.951 D/HWManager( 8948): hideFSHandwritingView
06-15 13:47:03.951 W/SamsungIME( 8948): setChineseStrokeMode() current language is not chinese
06-15 13:47:03.951 D/SamsungIME( 8948): Dismiss ExpandCandiate
06-15 13:47:03.951 E/SamsungIME( 8948): sendInputLanguage() : en_US, en_US;zh_CN;
06-15 13:47:03.951 E/SamsungIME( 8948): updateShiftState() : 2
06-15 13:47:03.961 I/SamsungIME( 8948): ET9AWSetFastAdaptation failed
06-15 13:47:03.961 I/SamsungIME( 8948): ET9KDLMInit : 2
06-15 13:47:03.961 I/SamsungIME( 8948): ET9JDLMInit : 2
06-15 13:47:03.961 I/SamsungIME( 8948): getCurrentKeyboard
06-15 13:47:03.961 I/SamsungIME( 8948): getTextKeyboard
06-15 13:47:03.961 I/SamsungIME( 8948): CarMode is off 
06-15 13:47:03.961 E/SamsungIME( 8948): get previous
06-15 13:47:03.961 D/SamsungIME( 8948): mIsUseStaticTouchRecognizedArea =  false
06-15 13:47:03.961 D/HWManager( 8948): hideBoxHandwritingView
06-15 13:47:03.961 D/HWManager( 8948): hideFSHandwritingView
06-15 13:47:03.961 W/SamsungIME( 8948): setChineseStrokeMode() current language is not chinese
06-15 13:47:03.971 D/SamsungIME( 8948): Dismiss ExpandCandiate
06-15 13:47:03.971 I/SamsungIME( 8948): ET9AWSetFastAdaptation failed
06-15 13:47:03.971 I/SamsungIME( 8948): ET9KDLMInit : 2
06-15 13:47:03.971 I/SamsungIME( 8948): ET9JDLMInit : 2
06-15 13:47:03.971 D/SamsungIME_UnifiedIME( 8948): setToolbarVisiblility, visible = true
06-15 13:47:03.971 D/SamsungIME_UnifiedIME( 8948): InputManagerImpl, mCloudHandler: 72
06-15 13:47:03.971 D/SamsungIME_UnifiedIME( 8948): InputManagerImpl, mCloudHandler: 72
06-15 13:47:03.971 D/SamsungIME( 8948): startInputViewContinue : true true
