06-15 13:47:25.011 D/PointerIcon( 3563): setMouseCustomIcon IconType is same.101
06-15 13:47:25.021 I/System.out(10358): (HTTPLog)-Static: isSBSettingEnabled false
06-15 13:47:25.021 I/System.out(10358): (HTTPLog)-Static: isSBSettingEnabled false
06-15 13:47:25.021 I/SurfaceFlinger( 3070): id=410 createSurf (257x257),1 flag=4, MoginActivi
06-15 13:47:25.031 D/mali_winsys(10358): new_window_surface returns 0x3000,  [544x544]-format:1
06-15 13:47:25.041 D/InputMethodManagerService( 3563): windowGainedFocus mCurrentFocusedUserId - 0 and mSecureKeypadEnabled-false
06-15 13:47:25.041 D/SamsungIME( 8948): IMPL finishInput
06-15 13:47:25.041 W/DisplayListCanvas(10358): DisplayListCanvas is started on unbinded RenderNode (without mOwningView)
06-15 13:47:25.051 V/WindowStateAnimator( 3563): Finishing drawing window Window{540d0b5 u0 d0 com.rongle.desktop/com.rongle.desktop.activity.login.activity.LoginActivity}: mDrawState=DRAW_PENDING
06-15 13:47:25.051 D/ViewRootImpl(10358): MSG_RESIZED_REPORT: ci=Rect(0, 0 - 0, 0) vi=Rect(0, 0 - 0, 0) or=1
06-15 13:47:25.061 D/libEGL  ( 3070): eglInitialize EGLDisplay = 0x7fcce02e88
06-15 13:47:25.061 V/WindowStateAnimator( 3563): Finishing drawing window Window{540d0b5 u0 d0 com.rongle.desktop/com.rongle.desktop.activity.login.activity.LoginActivity}: mDrawState=HAS_DRAWN
06-15 13:47:25.061 D/KnoxTimeoutHandler( 3563): notifyActivityDrawn [MsgParam] userId: 0 fullscreen is true showWhenlocked is false
06-15 13:47:25.061 D/KnoxTimeoutHandler( 3563): activityDrawn [MsgParam] userId: 0 fullscreen is true showWhenlocked is false
06-15 13:47:25.061 E/way     (10358): {"error_msg":"登录成功","error_no":"200","data":{"token":"d80feb80df5569626d5808a2ce8291def84cc02e22fea5e43210f32edf1859d6d345fb96e759ab9aee9f64535f7076b1","uid":"10000109"}}
06-15 13:47:25.061 I/KnoxTimeoutHandler( 3563): SD activityfalse
06-15 13:47:25.071 E/way     (10358): 登录返回的token值:d80feb80df5569626d5808a2ce8291def84cc02e22fea5e43210f32edf1859d6d345fb96e759ab9aee9f64535f7076b1
06-15 13:47:25.071 I/System.out(10358): (HTTPLog)-Static: isSBSettingEnabled false
06-15 13:47:25.071 I/System.out(10358): (HTTPLog)-Static: isSBSettingEnabled false
06-15 13:47:25.111 E/way     (10358): {"error_msg":"success","error_no":"200","data":{"gender":"male","robots":[{"robotid":"1711CP010002001","admin":"10000109","nickname":"XD"}],"uid":"10000109","avatar":"*","nickname":"yan"}}
06-15 13:47:25.121 D/ViewRootImpl(10358): #3 mView = null
06-15 13:47:25.131 D/PhoneStatusBar( 4225): setSystemUiVisibility vis=8600 mask=ffffffff oldVal=8000 newVal=8600 diff=600
06-15 13:47:25.131 D/InputDispatcher( 3563): Focus left window: 10358
06-15 13:47:25.131 D/InputDispatcher( 3563): Focus entered window: 10358
06-15 13:47:25.131 D/PointerIcon( 3563): setMouseIconStyle1 pointerType: 1001 iconType:101 flag:0 pid:3563 uid:1000
06-15 13:47:25.131 D/PointerIcon( 3563): setMouseCustomIcon IconType is same.101
06-15 13:47:25.141 I/Transaction(10358): ----> BeginTransaction
06-15 13:47:25.141 I/TableManager(10358): Initialize SQL table start--------------------->
06-15 13:47:25.141 V/Querier (10358): ----> Query Start: SQLStatement [sql=SELECT * FROM sqlite_master WHERE type='table' ORDER BY name, bindArgs=null, mStatement=null]
06-15 13:47:25.151 D/RMHelper( 8948): SamsungIME : RMisReady() : client is null
06-15 13:47:25.151 D/RMHelper( 8948): SamsungIME : RMisReady() : client is null
06-15 13:47:25.151 D/RMHelper( 8948): RMHelper : initHelper()
06-15 13:47:25.151 V/Querier (10358): ----> Query Start: SQLStatement [sql=PRAGMA table_info(MsgsBean), bindArgs=null, mStatement=null]
06-15 13:47:25.151 D/RMHelper( 8948): SamsungIME : initHelper() : client is null
06-15 13:47:25.151 D/RMHelper( 8948): SamsungIME : RMisReady() : client is null
06-15 13:47:25.151 D/RMHelper( 8948): SamsungIME : RMisReady() : client is null
06-15 13:47:25.151 D/RMHelper( 8948): RMHelper : initHelper()
06-15 13:47:25.151 D/RMHelper( 8948): SamsungIME : initHelper() : client is null
06-15 13:47:25.151 D/RMHelper( 8948): SamsungIME : RMisReady() : client is null
06-15 13:47:25.151 D/RMHelper( 8948): SamsungIME : RMisReady() : client is null
06-15 13:47:25.151 D/RMHelper( 8948): RMHelper : initHelper()
06-15 13:47:25.151 I/Querier (10358): <---- Query End , cursor size : 6
06-15 13:47:25.151 D/RMHelper( 8948): SamsungIME : initHelper() : client is null
06-15 13:47:25.151 D/SamsungIME( 8948): onStartInput: No inputType, No imeOption, isInputViewShown = false, isExtractViewShown = false, isShowInputRequested = false, isConfigChanged = false
06-15 13:47:25.151 D/TableManager(10358): Find One SQL Table: SQLite Table Struct：type=table, name=MsgsBean, tbl_name=MsgsBean, rootpage=6, sql=CREATE TABLE MsgsBean(id INTEGER PRIMARY KEY AUTOINCREMENT ,msg TEXT ,msgdesc TEXT ,msgid TEXT ,msgs BLOB ,timestamp TEXT ), columns={timestamp=1, msgs=1, msgdesc=1, msgid=1, msg=1, id=1}
06-15 13:47:25.151 V/Querier (10358): ----> Query Start: SQLStatement [sql=PRAGMA table_info(RobotBean), bindArgs=null, mStatement=null]
06-15 13:47:25.151 I/Querier (10358): <---- Query End , cursor size : 4
06-15 13:47:25.151 D/TableManager(10358): Find One SQL Table: SQLite Table Struct：type=table, name=RobotBean, tbl_name=RobotBean, rootpage=4, sql=CREATE TABLE RobotBean(id INTEGER PRIMARY KEY AUTOINCREMENT ,admin TEXT ,nickname TEXT ,robotid TEXT ), columns={robotid=1, nickname=1, id=1, admin=1}
06-15 13:47:25.151 V/Querier (10358): ----> Query Start: SQLStatement [sql=PRAGMA table_info(android_metadata), bindArgs=null, mStatement=null]
06-15 13:47:25.151 I/Querier (10358): <---- Query End , cursor size : 1
06-15 13:47:25.151 D/TableManager(10358): Find One SQL Table: SQLite Table Struct：type=table, name=android_metadata, tbl_name=android_metadata, rootpage=3, sql=CREATE TABLE android_metadata (locale TEXT), columns={locale=1}
06-15 13:47:25.151 V/Querier (10358): ----> Query Start: SQLStatement [sql=PRAGMA table_info(sqlite_sequence), bindArgs=null, mStatement=null]
06-15 13:47:25.151 I/Querier (10358): <---- Query End , cursor size : 2
06-15 13:47:25.151 D/TableManager(10358): Find One SQL Table: SQLite Table Struct：type=table, name=sqlite_sequence, tbl_name=sqlite_sequence, rootpage=5, sql=CREATE TABLE sqlite_sequence(name,seq), columns={seq=1, name=1}
06-15 13:47:25.151 I/Querier (10358): <---- Query End , cursor size : 4
06-15 13:47:25.151 I/TableManager(10358): Initialize SQL table end  ---------------------> 4
06-15 13:47:25.151 D/TableManager(10358): Table [RobotBean] Exist
06-15 13:47:25.151 I/TableManager(10358): Table [RobotBean] check column now.
06-15 13:47:25.151 D/SQLStatement(10358): SQL Execute: [REPLACE INTO RobotBean(id,admin,nickname,robotid)VALUES(?,?,?,?)] ARGS--> [null, 10000109, XD, 1711CP010002001]
06-15 13:47:25.151 I/SQLStatement(10358): SQL Execute Insert --> 51
06-15 13:47:25.151 I/Transaction(10358): ----> Transaction Successful
06-15 13:47:25.161 I/Timeline(10358): Timeline: Activity_launch_request id:com.rongle.desktop time:8490716
06-15 13:47:25.171 D/InputDispatcher( 3563): Focused application set to: xxxx
06-15 13:47:25.171 D/InputDispatcher( 3563): Focus left window: 10358
06-15 13:47:25.181 D/PointerIcon( 3563): setMouseIconStyle1 pointerType: 1001 iconType:101 flag:0 pid:3563 uid:1000
06-15 13:47:25.181 D/PointerIcon( 3563): setMouseCustomIcon IconType is same.101
06-15 13:47:25.181 D/InputMethodManagerService( 3563): windowGainedFocus mCurrentFocusedUserId - 0 and mSecureKeypadEnabled-false
06-15 13:47:25.181 D/SamsungIME( 8948): IMPL finishInput
06-15 13:47:25.181 E/ViewRootImpl(10358): sendUserActionEvent() mView == null
06-15 13:47:25.181 D/RMHelper( 8948): SamsungIME : RMisReady() : client is null
06-15 13:47:25.181 D/RMHelper( 8948): SamsungIME : RMisReady() : client is null
06-15 13:47:25.181 D/RMHelper( 8948): RMHelper : initHelper()
06-15 13:47:25.181 D/RMHelper( 8948): SamsungIME : initHelper() : client is null
06-15 13:47:25.181 D/RMHelper( 8948): SamsungIME : RMisReady() : client is null
06-15 13:47:25.181 D/RMHelper( 8948): SamsungIME : RMisReady() : client is null
06-15 13:47:25.181 D/RMHelper( 8948): RMHelper : initHelper()
06-15 13:47:25.191 D/RMHelper( 8948): SamsungIME : initHelper() : client is null
06-15 13:47:25.191 D/RMHelper( 8948): SamsungIME : RMisReady() : client is null
06-15 13:47:25.191 D/RMHelper( 8948): SamsungIME : RMisReady() : client is null
06-15 13:47:25.191 D/RMHelper( 8948): RMHelper : initHelper()
06-15 13:47:25.191 D/RMHelper( 8948): SamsungIME : initHelper() : client is null
06-15 13:47:25.191 W/DisplayListCanvas(10358): DisplayListCanvas is started on unbinded RenderNode (without mOwningView)
06-15 13:47:25.201 E/way     (10358): {platform=android, rdelv=1001004}
06-15 13:47:25.201 D/Activity(10358): performCreate Call Injection manager
06-15 13:47:25.201 I/System.out(10358): (HTTPLog)-Static: isSBSettingEnabled false
06-15 13:47:25.201 I/System.out(10358): (HTTPLog)-Static: isSBSettingEnabled false
06-15 13:47:25.211 I/System.out(10358): (HTTPLog)-Static: isSBSettingEnabled false
06-15 13:47:25.211 I/System.out(10358): (HTTPLog)-Static: isSBSettingEnabled false
06-15 13:47:25.221 I/System.out(10358): 链接发送 心跳包
06-15 13:47:25.221 I/xwsendmsg(10358): 发送完整消息：DRMessage{header=DRMessageHeader{magic_number=-410023267, version=1000, content_flag=3, content_offset=20, length=268, check_code=0, extend={}}, body=DRMessageBody{token='d80feb80df5569626d5808a2ce8291def84cc02e22fea5e43210f32edf1859d6d345fb96e759ab9aee9f64535f7076b1', recvid='1711CP010002001', content=DRMessageContent{appkey='134725221', robotkey='null', api='heartbeat', destid='null', error_msg='success', error_no='200', extra=null}}}
06-15 13:47:25.221 E/LaidiFragment(10358): 屏幕宽：1440  屏幕高：2560
06-15 13:47:25.221 I/System.out(10358): 包长度:268
06-15 13:47:25.221 I/LaidiFragment(10358): 屏幕实际高度2560
06-15 13:47:25.221 I/xwsendmsg(10358): 发送完整消息：DRMessage{header=DRMessageHeader{magic_number=-410023267, version=1000, content_flag=3, content_offset=20, length=268, check_code=0, extend={}}, body=DRMessageBody{token='d80feb80df5569626d5808a2ce8291def84cc02e22fea5e43210f32edf1859d6d345fb96e759ab9aee9f64535f7076b1', recvid='1711CP010002001', content=DRMessageContent{appkey='134725221', robotkey='null', api='heartbeat', destid='null', error_msg='success', error_no='200', extra=null}}}
06-15 13:47:25.221 E/way     (10358): {max=100, token=d80feb80df5569626d5808a2ce8291def84cc02e22fea5e43210f32edf1859d6d345fb96e759ab9aee9f64535f7076b1, msgid=294}
06-15 13:47:25.221 D/TableManager(10358): Table [RobotBean] Exist
06-15 13:47:25.221 V/Querier (10358): ----> Query Start: SQLStatement [sql=SELECT * FROM RobotBean, bindArgs=null, mStatement=null]
06-15 13:47:25.231 I/Querier (10358): <---- Query End , cursor size : 1
06-15 13:47:25.231 I/System.out(10358): (HTTPLog)-Static: isSBSettingEnabled false
06-15 13:47:25.231 I/System.out(10358): (HTTPLog)-Static: isSBSettingEnabled false
06-15 13:47:25.231 E/way     (10358): 宽：1440高：2560
06-15 13:47:25.231 E/orientation(10358): 竖屏
06-15 13:47:25.231 E/xw      (10358): onStart VideoFragment 
06-15 13:47:25.231 I/InjectionManager(10358): dispatchOnViewCreated > Target : com.rongle.desktop.activity.home.activity.HomeActivity isFragment :false
06-15 13:47:25.231 E/xw      (10358): onResume VideoFragment
06-15 13:47:25.241 D/ViewRootImpl(10358): #1 mView = com.android.internal.policy.PhoneWindow$DecorView{acada06 I.E...... R.....ID 0,0-0,0}
06-15 13:47:25.241 D/ISSUE_DEBUG( 3563): InputChannelName : 794ea8f com.rongle.desktop/com.rongle.desktop.activity.home.activity.HomeActivity
06-15 13:47:25.241 D/ActivityManager( 3563): post active user change for 0 fullscreen true isFloatingActivity() false isHomeActivity() false
06-15 13:47:25.241 D/KnoxTimeoutHandler( 3563): postActiveUserChange [MsgParam] userId: 0 fullscreen is true showWhenlocked is false
06-15 13:47:25.241 D/KnoxTimeoutHandler( 3563): handleActiveUserChange [MsgParam] userId: 0 fullscreen is true showWhenlocked is false
06-15 13:47:25.241 E/way     (10358): $$$$$$$$$$$$$$$$$$$$$$$$$$$$$$$$$
06-15 13:47:25.241 I/KnoxTimeoutHandler( 3563): Shared devices show user statefalse
06-15 13:47:25.241 E/way     (10358): {"error_msg":"已经是最新版本","error_no":"404"}
06-15 13:47:25.241 E/way     (10358): 版本更新:{"error_msg":"已经是最新版本","error_no":"404"}
06-15 13:47:25.241 E/way     (10358): {"error_msg":"成功","error_no":"200","data":{"token":"d80feb80df5569626d5808a2ce8291def84cc02e22fea5e43210f32edf1859d6d345fb96e759ab9aee9f64535f7076b1","uid":"10000109"}}
06-15 13:47:25.251 I/SurfaceFlinger( 3070): id=411 createSurf (1x1),1 flag=404, IomeActivit
06-15 13:47:25.261 D/InputDispatcher( 3563): Focus entered window: 10358
06-15 13:47:25.261 I/System.out(10358): 链接发送 心跳包
06-15 13:47:25.261 I/xwsendmsg(10358): 发送完整消息：DRMessage{header=DRMessageHeader{magic_number=-410023267, version=1000, content_flag=3, content_offset=20, length=268, check_code=0, extend={}}, body=DRMessageBody{token='d80feb80df5569626d5808a2ce8291def84cc02e22fea5e43210f32edf1859d6d345fb96e759ab9aee9f64535f7076b1', recvid='1711CP010002001', content=DRMessageContent{appkey='134725258', robotkey='null', api='heartbeat', destid='null', error_msg='success', error_no='200', extra=null}}}
06-15 13:47:25.261 D/PointerIcon( 3563): setMouseIconStyle1 pointerType: 1001 iconType:101 flag:0 pid:3563 uid:1000
06-15 13:47:25.261 D/PointerIcon( 3563): setMouseCustomIcon IconType is same.101
06-15 13:47:25.261 D/mali_winsys(10358): new_window_surface returns 0x3000,  [1440x2560]-format:1
06-15 13:47:25.261 I/System.out(10358): 包长度:268
06-15 13:47:25.261 I/xwsendmsg(10358): 发送完整消息：DRMessage{header=DRMessageHeader{magic_number=-410023267, version=1000, content_flag=3, content_offset=20, length=268, check_code=0, extend={}}, body=DRMessageBody{token='d80feb80df5569626d5808a2ce8291def84cc02e22fea5e43210f32edf1859d6d345fb96e759ab9aee9f64535f7076b1', recvid='1711CP010002001', content=DRMessageContent{appkey='134725258', robotkey='null', api='heartbeat', destid='null', error_msg='success', error_no='200', extra=null}}}
06-15 13:47:25.271 W/View    (10358): requestLayout() improperly called by android.widget.LinearLayout{188408e V.E...... ......I. 0,0-0,0} during layout: running second layout pass
06-15 13:47:25.271 I/ViewRootImpl(10358): requestLayout is already in process
06-15 13:47:25.271 I/ViewRootImpl(10358): requestLayoutDuringLayout is already in process
06-15 13:47:25.271 I/ViewRootImpl(10358): requestLayoutDuringLayout is already in process
06-15 13:47:25.271 I/ViewRootImpl(10358): requestLayoutDuringLayout is already in process
06-15 13:47:25.271 I/ViewRootImpl(10358): requestLayoutDuringLayout is already in process
06-15 13:47:25.271 I/ViewRootImpl(10358): requestLayoutDuringLayout is already in process
06-15 13:47:25.271 I/ViewRootImpl(10358): requestLayoutDuringLayout is already in process
06-15 13:47:25.271 E/way     (10358): {"error_msg":"success","error_no":"200","data":{"msgs":[]}}
06-15 13:47:25.271 D/ViewRootImpl(10358): MSG_RESIZED_REPORT: ci=Rect(0, 96 - 0, 0) vi=Rect(0, 96 - 0, 0) or=1
06-15 13:47:25.291 W/DisplayListCanvas(10358): DisplayListCanvas is started on unbinded RenderNode (without mOwningView)
06-15 13:47:25.301 V/WindowStateAnimator( 3563): Finishing drawing window Window{794ea8f u0 d0 com.rongle.desktop/com.rongle.desktop.activity.home.activity.HomeActivity}: mDrawState=DRAW_PENDING
06-15 13:47:25.301 D/InputMethodManagerService( 3563): windowGainedFocus mCurrentFocusedUserId - 0 and mSecureKeypadEnabled-false
06-15 13:47:25.301 D/KnoxTimeoutHandler( 3563): notifyActivityDrawn [MsgParam] userId: 0 fullscreen is true showWhenlocked is false
06-15 13:47:25.301 D/KnoxTimeoutHandler( 3563): activityDrawn [MsgParam] userId: 0 fullscreen is true showWhenlocked is false
06-15 13:47:25.301 I/ActivityManager( 3563): Displayed com.rongle.desktop/.activity.home.activity.HomeActivity: +121ms
06-15 13:47:25.301 W/View    (10358): requestLayout() improperly called by com.luseen.luseenbottomnavigation.BottomNavigation.BottomNavigationView{682f0af V.E...... ........ 0,2240-1440,2464 #7f0c0084 app:id/home_bar} during second layout pass: posting in next frame
06-15 13:47:25.301 W/View    (10358): requestLayout() improperly called by android.widget.FrameLayout{16ffcbc V.E...... ........ 0,0-1440,224} during second layout pass: posting in next frame
06-15 13:47:25.301 W/View    (10358): requestLayout() improperly called by android.widget.LinearLayout{1181445 V.E...... ........ 0,0-1440,224} during second layout pass: posting in next frame
06-15 13:47:25.301 I/KnoxTimeoutHandler( 3563): SD activityfalse
06-15 13:47:25.301 D/SamsungIME( 8948): IMPL finishInput
06-15 13:47:25.311 D/libEGL  ( 3070): eglInitialize EGLDisplay = 0x7fcce02e88
06-15 13:47:25.311 I/SurfaceFlinger( 3070): id=410 Removed MoginActivi (5/10)
06-15 13:47:25.311 I/SurfaceFlinger( 3070): id=410 Removed MoginActivi (-2/10)
06-15 13:47:25.311 I/art     (10358): Background partial concurrent mark sweep GC freed 189937(13MB) AllocSpace objects, 75(14MB) LOS objects, 19% free, 64MB/80MB, paused 7.203ms total 106.184ms
06-15 13:47:25.321 D/libEGL  ( 3070): eglTerminate EGLDisplay = 0x7fa173ee78
06-15 13:47:25.321 D/libEGL  ( 3070): eglTerminate EGLDisplay = 0x7fa173ee78
06-15 13:47:25.321 I/Timeline(10358): Timeline: Activity_idle id: android.os.BinderProxy@c024cb8 time:8490873
06-15 13:47:25.321 W/SQLiteConnectionPool(10358): A SQLiteConnection object for database '+data+user+0+com_rongle_desktop+databases+DesktopRobot13713567263_db' was leaked!  Please fix your application to end transactions in progress properly and to close the database when it is no longer needed.
06-15 13:47:25.321 D/libEGL  ( 3070): eglTerminate EGLDisplay = 0x7fcce02fb8
06-15 13:47:25.321 D/libEGL  ( 3070): eglInitialize EGLDisplay = 0x7fcce02e88
06-15 13:47:25.321 W/SQLiteConnectionPool(10358): A SQLiteConnection object for database '+data+user+0+com_rongle_desktop+databases+DesktopRobot15974141102_db' was leaked!  Please fix your application to end transactions in progress properly and to close the database when it is no longer needed.
06-15 13:47:25.381 D/RMHelper( 8948): SamsungIME : RMisReady() : client is null
06-15 13:47:25.381 D/RMHelper( 8948): SamsungIME : RMisReady() : client is null
06-15 13:47:25.381 D/RMHelper( 8948): RMHelper : initHelper()
06-15 13:47:25.381 D/RMHelper( 8948): SamsungIME : initHelper() : client is null
06-15 13:47:25.381 D/RMHelper( 8948): SamsungIME : RMisReady() : client is null
06-15 13:47:25.381 D/RMHelper( 8948): SamsungIME : RMisReady() : client is null
06-15 13:47:25.381 D/RMHelper( 8948): RMHelper : initHelper()
06-15 13:47:25.381 D/RMHelper( 8948): SamsungIME : initHelper() : client is null
06-15 13:47:25.381 D/RMHelper( 8948): SamsungIME : RMisReady() : client is null
06-15 13:47:25.381 D/RMHelper( 8948): SamsungIME : RMisReady() : client is null
06-15 13:47:25.381 D/RMHelper( 8948): RMHelper : initHelper()
06-15 13:47:25.381 D/RMHelper( 8948): SamsungIME : initHelper() : client is null
06-15 13:47:25.381 D/SamsungIME( 8948): onStartInput: No inputType, No imeOption, isInputViewShown = false, isExtractViewShown = false, isShowInputRequested = false, isConfigChanged = false
06-15 13:47:27.331 I/Timeline( 3563): Timeline: Activity_windows_visible id: ActivityRecord{17ac331 u0 com.rongle.desktop/.activity.home.activity.HomeActivity t56} time:8492887
06-15 13:47:27.341 I/SurfaceFlinger( 3070): id=408 Removed MoginActivi (3/9)
06-15 13:47:27.341 I/SurfaceFlinger( 3070): id=408 Removed MoginActivi (-2/9)
06-15 13:47:27.351 D/libEGL  ( 3070): eglTerminate EGLDisplay = 0x7fcce02fb8
06-15 13:47:27.361 D/KnoxTimeoutHandler( 3563): notifyActivityDrawn [MsgParam] userId: 0 fullscreen is true showWhenlocked is false
06-15 13:47:27.361 D/KnoxTimeoutHandler( 3563): activityDrawn [MsgParam] userId: 0 fullscreen is true showWhenlocked is false
06-15 13:47:27.361 D/ViewRootImpl(10358): #3 mView = null
06-15 13:47:27.361 I/KnoxTimeoutHandler( 3563): SD activityfalse
06-15 13:47:27.451 D/ContactsProvider_EventLog( 4626): contents_sample_state: [contacts(0) raw_contacts(0) raw_contacts deleted(0) data(0) accounts({}) accounts deleted({}) ]
06-15 13:47:28.001 D/InputReader( 3563): Input event(3): value=1 when=8493555568000
06-15 13:47:28.001 D/InputReader( 3563): Input event(3): value=1 when=8493555568000
06-15 13:47:28.001 I/InputReader( 3563): Touch event's action is 0x0 (deviceType=0) [pCnt=1, s=0.862 ] when=8493555568000
06-15 13:47:28.001 D/InputReader( 3563): lastThreadEndTime = 8490552772297, currentThreadStartTime = 8490552777422, diff = 0
06-15 13:47:28.001 I/InputDispatcher( 3563): Delivering touch to (4225): action: 0x4, toolType: 1
06-15 13:47:28.001 I/InputDispatcher( 3563): Delivering touch to (6733): action: 0x4, toolType: 1
06-15 13:47:28.001 I/InputDispatcher( 3563): Delivering touch to (10358): action: 0x0, toolType: 1
06-15 13:47:28.001 D/AutoHideHelper( 6733): ###check Single invalid
06-15 13:47:28.001 D/ViewRootImpl(10358): ViewPostImeInputStage processPointer 0
06-15 13:47:28.031 D/libEGL  ( 3070): eglInitialize EGLDisplay = 0x7fcce02e88
06-15 13:47:28.081 D/InputReader( 3563): Input event(3): value=0 when=8493637432000
06-15 13:47:28.081 D/InputReader( 3563): Input event(3): value=0 when=8493637432000
06-15 13:47:28.081 I/InputReader( 3563): Touch event's action is 0x1 (deviceType=0) [pCnt=1, s=] when=8493637432000
06-15 13:47:28.081 I/InputDispatcher( 3563): Delivering touch to (10358): action: 0x1, toolType: 1
06-15 13:47:28.081 D/ViewRootImpl(10358): ViewPostImeInputStage processPointer 1
06-15 13:47:28.731 D/InputReader( 3563): Input event(3): value=1 when=8494289047000
06-15 13:47:28.731 D/InputReader( 3563): Input event(3): value=1 when=8494289047000
06-15 13:47:28.731 I/InputReader( 3563): Touch event's action is 0x0 (deviceType=0) [pCnt=1, s=0.863 ] when=8494289047000
06-15 13:47:28.731 D/InputReader( 3563): lastThreadEndTime = 8493637714757, currentThreadStartTime = 8493637717841, diff = 0
06-15 13:47:28.741 I/InputDispatcher( 3563): Delivering touch to (4225): action: 0x4, toolType: 1
06-15 13:47:28.741 I/InputDispatcher( 3563): Delivering touch to (6733): action: 0x4, toolType: 1
06-15 13:47:28.741 I/InputDispatcher( 3563): Delivering touch to (10358): action: 0x0, toolType: 1
06-15 13:47:28.741 D/ViewRootImpl(10358): ViewPostImeInputStage processPointer 0
06-15 13:47:28.741 D/AutoHideHelper( 6733): ###check Single invalid
06-15 13:47:28.831 D/InputReader( 3563): Input event(3): value=0 when=8494383757000
06-15 13:47:28.831 D/InputReader( 3563): Input event(3): value=0 when=8494383757000
06-15 13:47:28.831 I/InputReader( 3563): Touch event's action is 0x1 (deviceType=0) [pCnt=1, s=] when=8494383757000
06-15 13:47:28.831 I/InputDispatcher( 3563): Delivering touch to (10358): action: 0x1, toolType: 1
06-15 13:47:28.831 D/ViewRootImpl(10358): ViewPostImeInputStage processPointer 1
06-15 13:47:30.181 I/System.out(10358): *************************有效数据 :DRMessage{header=DRMessageHeader{magic_number=-410023267, version=1000, content_flag=3, content_offset=20, length=81, check_code=0, extend={}}, body=DRMessageBody{token='null', recvid='null', content=DRMessageContent{appkey='null', robotkey='null', api='kickout', destid='null', error_msg='null', error_no='null', extra=null}}}
06-15 13:47:30.181 I/System.out(10358): 被踢 kickout : false
06-15 13:47:30.181 E/way     (10358): kickout
06-15 13:47:30.201 E/connect (10358): 连接关闭
06-15 13:47:30.201 I/System.out(10358): ………………………………………………………………从连false
06-15 13:47:30.231 D/ViewRootImpl(10358): #1 mView = com.android.internal.policy.PhoneWindow$DecorView{b17296d V.E...... R.....I. 0,0-0,0}
06-15 13:47:30.231 D/ISSUE_DEBUG( 3563): InputChannelName : 70db308 
06-15 13:47:30.231 D/InputDispatcher( 3563): Focus left window: 10358
06-15 13:47:30.231 D/InputDispatcher( 3563): Focus entered window: 10358
06-15 13:47:30.231 D/PhoneStatusBar( 4225): setSystemUiVisibility vis=8000 mask=ffffffff oldVal=8600 newVal=8000 diff=600
06-15 13:47:30.231 D/PointerIcon( 3563): setMouseIconStyle1 pointerType: 1001 iconType:101 flag:0 pid:3563 uid:1000
06-15 13:47:30.231 D/PointerIcon( 3563): setMouseCustomIcon IconType is same.101
06-15 13:47:30.251 I/SurfaceFlinger( 3070): id=412 createSurf (257x257),1 flag=4, 
06-15 13:47:30.271 D/mali_winsys(10358): new_window_surface returns 0x3000,  [1592x1052]-format:1
06-15 13:47:30.281 W/DisplayListCanvas(10358): DisplayListCanvas is started on unbinded RenderNode (without mOwningView)
06-15 13:47:30.291 V/WindowStateAnimator( 3563): Finishing drawing window Window{70db308 u0 d0 com.rongle.desktop}: mDrawState=DRAW_PENDING
06-15 13:47:30.291 D/libEGL  ( 3070): eglInitialize EGLDisplay = 0x7fcce02e88
06-15 13:47:30.291 D/ViewRootImpl(10358): MSG_RESIZED_REPORT: ci=Rect(0, 0 - 0, 0) vi=Rect(0, 0 - 0, 0) or=1
06-15 13:47:30.311 V/WindowStateAnimator( 3563): Finishing drawing window Window{70db308 u0 d0 com.rongle.desktop}: mDrawState=HAS_DRAWN
06-15 13:47:30.311 D/libEGL  ( 3070): eglInitialize EGLDisplay = 0x7fcce02e88
06-15 13:47:31.891 D/libEGL  ( 3070): eglInitialize EGLDisplay = 0x7fcce02e88
06-15 13:47:34.191 I/Quasar  (20788): start to send events
06-15 13:47:35.241 I/xwsendmsg(10358): 发送完整消息：DRMessage{header=DRMessageHeader{magic_number=-410023267, version=1000, content_flag=3, content_offset=20, length=268, check_code=0, extend={}}, body=DRMessageBody{token='d80feb80df5569626d5808a2ce8291def84cc02e22fea5e43210f32edf1859d6d345fb96e759ab9aee9f64535f7076b1', recvid='1711CP010002001', content=DRMessageContent{appkey='134725221', robotkey='null', api='heartbeat', destid='null', error_msg='success', error_no='200', extra=null}}}
06-15 13:47:35.361 I/System.out(10358): *************************有效数据 :DRMessage{header=DRMessageHeader{magic_number=-410023267, version=1000, content_flag=3, content_offset=20, length=50, check_code=0, extend={}}, body=DRMessageBody{token='null', recvid='null', content=DRMessageContent{appkey='null', robotkey='null', api='null', destid='null', error_msg='permission denied', error_no='406', extra=null}}}
06-15 13:47:35.361 E/way     (10358): ~~~~~~~~~~~~~~~~~~~~~~~~~~~~~~~null
06-15 13:47:35.361 I/System.out(10358): token 过期 : false
06-15 13:47:35.361 I/System.out(10358): -================================================: 没有key 对应的消息DRMessageContent{appkey='null', robotkey='null', api='null', destid='null', error_msg='permission denied', error_no='406', extra=null}
06-15 13:47:35.371 I/System.out(10358): (HTTPLog)-Static: isSBSettingEnabled false
06-15 13:47:35.371 I/System.out(10358): (HTTPLog)-Static: isSBSettingEnabled false
06-15 13:47:35.381 E/connect (10358): 连接关闭
06-15 13:47:35.381 I/System.out(10358): ………………………………………………………………从连false
06-15 13:47:35.441 I/System.out(10358): 链接发送 心跳包
06-15 13:47:35.441 I/xwsendmsg(10358): 发送完整消息：DRMessage{header=DRMessageHeader{magic_number=-410023267, version=1000, content_flag=3, content_offset=20, length=268, check_code=0, extend={}}, body=DRMessageBody{token='76e75621228543b6f1f32e5cc37311a67f1f45a8001f926b3eb41153aee85f0d0205690d43a858be338520e2e5643a8b', recvid='1711CP010002001', content=DRMessageContent{appkey='134735433', robotkey='null', api='heartbeat', destid='null', error_msg='success', error_no='200', extra=null}}}
06-15 13:47:35.451 I/System.out(10358): 包长度:268
06-15 13:47:35.451 I/xwsendmsg(10358): 发送完整消息：DRMessage{header=DRMessageHeader{magic_number=-410023267, version=1000, content_flag=3, content_offset=20, length=268, check_code=0, extend={}}, body=DRMessageBody{token='76e75621228543b6f1f32e5cc37311a67f1f45a8001f926b3eb41153aee85f0d0205690d43a858be338520e2e5643a8b', recvid='1711CP010002001', content=DRMessageContent{appkey='134735433', robotkey='null', api='heartbeat', destid='null', error_msg='success', error_no='200', extra=null}}}
06-15 13:47:37.501 D/Sensorhubs( 3100): readContextData: 1, 1, 7, 3
06-15 13:47:37.501 D/SensorHubManager( 3563): onGetSensorHubDataLocked: library(4) = 1, 1, 7, 3
06-15 13:47:37.501 D/CAE     ( 3563): onGetSensorHubData(SensorHubParserProvider.java:92) - onGetSensorHubData Event [event buffer len :4], AP_WAKEUP
06-15 13:47:37.501 I/CAE     ( 3563): parse(SensorHubParserProvider.java:188) - buffer size = 4
06-15 13:47:37.501 I/CAE     ( 3563): parse(SensorHubParserProvider.java:199) - 1, 1, 7, 3,
06-15 13:47:37.511 D/CAE     ( 3563): display(ContextProvider.java:375) - ================= AUTO_ROTATION =================
06-15 13:47:37.511 I/CAE     ( 3563): display(ContextProvider.java:391) - Angle=[3]
06-15 13:47:37.511 D/SContextService( 3563): updateSContext() : event = Auto Rotation
06-15 13:47:37.621 I/art     ( 3563): Background sticky concurrent mark sweep GC freed 99253(6MB) AllocSpace objects, 88(1776KB) LOS objects, 16% free, 46MB/55MB, paused 4.062ms total 117.849ms
06-15 13:47:39.071 D/NetworkController( 4225): onReceive: intent=Intent { act=android.net.wifi.RSSI_CHANGED flg=0x4000010 bqHint=4 (has extras) }
06-15 13:47:42.421 V/CommonParams( 6447): cast to Long com.baidu.pushservice.clt Exception. java.lang.NullPointerException: Attempt to invoke virtual method 'java.lang.String java.lang.Object.toString()' on a null object reference
06-15 13:47:42.431 V/CommonParams( 6447): cast to int com.baidu.pushservice.sd Exception. 
06-15 13:47:42.551 I/System.out( 6447): Thread-282(ApacheHTTPLog):isSBSettingEnabled false
06-15 13:47:42.551 I/System.out( 6447): Thread-282(ApacheHTTPLog):isShipBuild true
06-15 13:47:42.551 I/System.out( 6447): Thread-282(ApacheHTTPLog):getDebugLevel 0x4f4c
06-15 13:47:42.551 I/System.out( 6447): Thread-282(ApacheHTTPLog):Smart Bonding Setting is false
06-15 13:47:42.551 I/System.out( 6447): Thread-282(ApacheHTTPLog):SmartBonding Setting is false, SHIP_BUILD is true, log to file is false, DBG is false, DEBUG_LEVEL (1-LOW, 2-MID, 3-HIGH) is 1
06-15 13:47:42.551 D/EnterpriseController( 3080): netId is 0
06-15 13:47:42.551 D/Netd    ( 3080): getNetworkForDns: using netid 502 for uid 10128
06-15 13:47:42.661 I/System.out( 6447): Thread-282 calls detatch()
06-15 13:47:42.661 D/SecContentProvider( 3563): query(), uri = 17 selection = isSettingsChangesAllowed
06-15 13:47:42.661 E/DatabaseUtils( 3563): Writing exception to parcel
06-15 13:47:42.661 E/DatabaseUtils( 3563): java.lang.IllegalArgumentException: You cannot keep your settings in the secure settings.
06-15 13:47:42.661 E/DatabaseUtils( 3563): 	at com.android.providers.settings.SettingsProvider.warnOrThrowForUndesiredSecureSettingsMutationForTargetSdk(SettingsProvider.java:1343)
06-15 13:47:42.661 E/DatabaseUtils( 3563): 	at com.android.providers.settings.SettingsProvider.enforceRestrictedSystemSettingsMutationForCallingPackage(SettingsProvider.java:1187)
06-15 13:47:42.661 E/DatabaseUtils( 3563): 	at com.android.providers.settings.SettingsProvider.mutateSystemSetting(SettingsProvider.java:1044)
06-15 13:47:42.661 E/DatabaseUtils( 3563): 	at com.android.providers.settings.SettingsProvider.insertSystemSetting(SettingsProvider.java:997)
06-15 13:47:42.661 E/DatabaseUtils( 3563): 	at com.android.providers.settings.SettingsProvider.call(SettingsProvider.java:349)
06-15 13:47:42.661 E/DatabaseUtils( 3563): 	at android.content.ContentProvider$Transport.call(ContentProvider.java:411)
06-15 13:47:42.661 E/DatabaseUtils( 3563): 	at android.content.ContentProviderNative.onTransact(ContentProviderNative.java:283)
06-15 13:47:42.661 E/DatabaseUtils( 3563): 	at android.os.Binder.execTransact(Binder.java:453)
06-15 13:47:42.661 V/CommonParams( 6447): putLong com.baidu.pushservice.cst Exception. 
06-15 13:47:45.461 I/xwsendmsg(10358): 发送完整消息：DRMessage{header=DRMessageHeader{magic_number=-410023267, version=1000, content_flag=3, content_offset=20, length=268, check_code=0, extend={}}, body=DRMessageBody{token='76e75621228543b6f1f32e5cc37311a67f1f45a8001f926b3eb41153aee85f0d0205690d43a858be338520e2e5643a8b', recvid='1711CP010002001', content=DRMessageContent{appkey='134735433', robotkey='null', api='heartbeat', destid='null', error_msg='success', error_no='200', extra=null}}}
06-15 13:47:47.031 D/KeyguardUpdateMonitor( 4225): received broadcast android.intent.action.BATTERY_CHANGED
06-15 13:47:47.041 D/KeyguardUpdateMonitor( 4225): handleBatteryUpdate
06-15 13:47:47.041 D/CommonServiceConfiguration( 4796): getStringValueSetting
06-15 13:47:47.041 V/HeadsetService( 5241): HeadsetService - Received Intent.ACTION_BATTERY_CHANGED
06-15 13:47:47.041 D/HeadsetStateMachine( 5241): Disconnected process message: 10, size: 0
06-15 13:47:47.051 D/BatteryMonitor( 4796): new battery level: 37
06-15 13:47:48.461 D/NetworkController.MobileSignalController(0/2147483643)( 4225): onSignalStrengthsChanged signalStrength=SignalStrength: 24 99 -120 -160 -120 -1 -1 99 2147483647 2147483647 2147483647 -1 2147483647 0x4 gsm|lte level=4
06-15 13:47:48.461 D/NetworkController.MobileSignalController(0/2147483643)( 4225): getMobileIconGroup(): 0
06-15 13:47:48.461 D/NetworkController.MobileSignalController(0/2147483643)( 4225): updateCMCCMobileIconGroup(): 0
06-15 13:47:50.821 D/NetworkController.MobileSignalController(0/2147483643)( 4225): onSignalStrengthsChanged signalStrength=SignalStrength: 25 99 -120 -160 -120 -1 -1 99 2147483647 2147483647 2147483647 -1 2147483647 0x4 gsm|lte level=4
06-15 13:47:50.821 D/NetworkController.MobileSignalController(0/2147483643)( 4225): getMobileIconGroup(): 0
06-15 13:47:50.821 D/NetworkController.MobileSignalController(0/2147483643)( 4225): updateCMCCMobileIconGroup(): 0
06-15 13:47:51.801 D/Sensorhubs( 3100): readContextData: 1, 1, 7, -1
06-15 13:47:51.811 D/SensorHubManager( 3563): onGetSensorHubDataLocked: library(4) = 1, 1, 7, -1
06-15 13:47:51.811 D/CAE     ( 3563): onGetSensorHubData(SensorHubParserProvider.java:92) - onGetSensorHubData Event [event buffer len :4], AP_WAKEUP
06-15 13:47:51.811 I/CAE     ( 3563): parse(SensorHubParserProvider.java:188) - buffer size = 4
06-15 13:47:51.811 I/CAE     ( 3563): parse(SensorHubParserProvider.java:199) - 1, 1, 7, -1,
06-15 13:47:51.811 D/CAE     ( 3563): display(ContextProvider.java:375) - ================= AUTO_ROTATION =================
06-15 13:47:51.811 I/CAE     ( 3563): display(ContextProvider.java:391) - Angle=[-1]
06-15 13:47:51.811 D/SContextService( 3563): updateSContext() : event = Auto Rotation
06-15 13:47:54.191 D/NetworkController( 4225): onReceive: intent=Intent { act=android.net.wifi.RSSI_CHANGED flg=0x4000010 bqHint=4 (has extras) }
06-15 13:47:55.391 I/SamsungIME( 8948): call writeDBdataToFileOnFinishInput()
06-15 13:47:55.461 I/xwsendmsg(10358): 发送完整消息：DRMessage{header=DRMessageHeader{magic_number=-410023267, version=1000, content_flag=3, content_offset=20, length=268, check_code=0, extend={}}, body=DRMessageBody{token='76e75621228543b6f1f32e5cc37311a67f1f45a8001f926b3eb41153aee85f0d0205690d43a858be338520e2e5643a8b', recvid='1711CP010002001', content=DRMessageContent{appkey='134735433', robotkey='null', api='heartbeat', destid='null', error_msg='success', error_no='200', extra=null}}}
06-15 13:47:59.811 D/Sensorhubs( 3100): readContextData: 1, 1, 26, 1, 1, 62, -97, -55, 1, 0
06-15 13:47:59.811 D/SensorHubManager( 3563): onGetSensorHubDataLocked: library(10) = 1, 1, 26, 1, 1, 62, -97, -55, 1, 0
06-15 13:47:59.811 D/CAE     ( 3563): onGetSensorHubData(SensorHubParserProvider.java:92) - onGetSensorHubData Event [event buffer len :10], AP_WAKEUP
06-15 13:47:59.811 I/CAE     ( 3563): parse(SensorHubParserProvider.java:188) - buffer size = 10
06-15 13:47:59.811 I/CAE     ( 3563): parse(SensorHubParserProvider.java:199) - 1, 1, 26, 1, 1, 62, -97, -55, 1, 0,
06-15 13:47:59.811 D/CAE     ( 3563): display(ContextProvider.java:375) - ================= ACTIVITY_TRACKER =================
06-15 13:47:59.811 I/CAE     ( 3563): display(ContextProvider.java:391) - Accuracy=[0], OperationMode=[0], ActivityType=[1], TimeStamp=[1497505679821]
06-15 13:47:59.821 D/SContextService( 3563): updateSContext() : event = Activity Tracker
06-15 13:47:59.821 D/WifiStateMachine( 3563): setWifiScanMove bMove = 0
06-15 13:47:59.821 I/WifiStateMachine( 3563): not vehicle, sendMessageDelayed CMD_SET_SCAN_MOVE with 0
06-15 13:47:59.821 I/WifiStateMachine( 3563): DriverStartedState :: CMD_SET_SCAN_MOVE(0) 
06-15 13:47:59.821 I/wpa_supplicant( 4425): @@wpa_supplicant_set_scan_move : set [0]
06-15 13:48:00.001 D/KeyguardUpdateMonitor( 4225): received broadcast android.intent.action.TIME_TICK
06-15 13:48:00.001 D/KeyguardUpdateMonitor( 4225): handleTimeUpdate
06-15 13:48:00.021 D/Clock   ( 4225): received broadcast android.intent.action.TIME_TICK
06-15 13:48:00.091 D/DateView( 4225): received broadcast android.intent.action.TIME_TICK
06-15 13:48:00.161 D/[WeatherWidget(1347)]  WeatherService(14763): {[B73D43639EB27FAA34EF41A6129C1FA74EE523C06D7536E6814BAB417862AF9BA63017AC2C1E20CC004E1F7C09A488FE6E8405EF4D3F04CE1548AAA5BC357D19]}
06-15 13:48:00.161 D/[WeatherWidget(1347)]  (14763): {[3AE6950019B083611567B0F9442DB03E46FB6DE766AD55CE2B94B9E5E5C0C8EB]}
06-15 13:48:00.171 D/[WeatherWidget(1347)]  (14763): {[3AE6950019B083611567B0F9442DB03EBE3344DB7EA709231FA889CBE1BA042A320074BE8FD000B75A46F83623A94B345781FFA4E571FCB567CDD3ACBB4B71CA9A8DA816B62AD258F47FED804A81BE3F]}
06-15 13:48:00.171 D/[WeatherWidget(1347)]  (14763): {[A1AF0F6A1A65A89C43D705938923D0FE9D71D1E79F916BF028A9BE05C24DCFF6325489ACDDEBE2E457F72259BC6C2EAAF709C3268F3DFAF1155E85EC17130C8BA36A6CE8762F34272CAD23369CED9D750C86994898229756908C2C565E112875F0D7BA1349CD13C0945D6682B7723EED]}
06-15 13:48:00.171 D/[WeatherWidget(1347)]  (14763): {[483B5B7E147A3DD4E13C8EC20B3BDD854E22413F3C9169F664B5925485A18F29]}
06-15 13:48:04.831 D/Sensorhubs( 3100): readContextData: 1, 1, 26, 1, 1, 62, -77, 110, 1, 1
06-15 13:48:04.831 D/SensorHubManager( 3563): onGetSensorHubDataLocked: library(10) = 1, 1, 26, 1, 1, 62, -77, 110, 1, 1
06-15 13:48:04.841 D/CAE     ( 3563): onGetSensorHubData(SensorHubParserProvider.java:92) - onGetSensorHubData Event [event buffer len :10], AP_WAKEUP
06-15 13:48:04.841 I/CAE     ( 3563): parse(SensorHubParserProvider.java:188) - buffer size = 10
06-15 13:48:04.841 I/CAE     ( 3563): parse(SensorHubParserProvider.java:199) - 1, 1, 26, 1, 1, 62, -77, 110, 1, 1,
06-15 13:48:04.841 D/CAE     ( 3563): display(ContextProvider.java:375) - ================= ACTIVITY_TRACKER =================
06-15 13:48:04.841 I/CAE     ( 3563): display(ContextProvider.java:391) - Accuracy=[1], OperationMode=[0], ActivityType=[1], TimeStamp=[1497505684849]
06-15 13:48:04.841 D/SContextService( 3563): updateSContext() : event = Activity Tracker
06-15 13:48:05.471 I/xwsendmsg(10358): 发送完整消息：DRMessage{header=DRMessageHeader{magic_number=-410023267, version=1000, content_flag=3, content_offset=20, length=268, check_code=0, extend={}}, body=DRMessageBody{token='76e75621228543b6f1f32e5cc37311a67f1f45a8001f926b3eb41153aee85f0d0205690d43a858be338520e2e5643a8b', recvid='1711CP010002001', content=DRMessageContent{appkey='134735433', robotkey='null', api='heartbeat', destid='null', error_msg='success', error_no='200', extra=null}}}
06-15 13:48:07.011 D/InputReader( 3563): Input event(3): value=1 when=8532560435000
06-15 13:48:07.011 D/InputReader( 3563): Input event(3): value=1 when=8532560435000
06-15 13:48:07.011 I/InputReader( 3563): Touch event's action is 0x0 (deviceType=0) [pCnt=1, s=0.864 ] when=8532560435000
06-15 13:48:07.011 D/InputReader( 3563): lastThreadEndTime = 8506797509472, currentThreadStartTime = 8506797526555, diff = 0
06-15 13:48:07.011 I/InputDispatcher( 3563): Delivering touch to (10358): action: 0x0, toolType: 1
06-15 13:48:07.011 D/ViewRootImpl(10358): ViewPostImeInputStage processPointer 0
06-15 13:48:07.051 I/InputReader( 3563): Touch event's action (MT) is 0x105 (deviceType=0) [pCnt=2, s=0.864 1.865 ] when=8532606966000
06-15 13:48:07.051 I/InputDispatcher( 3563): Delivering touch to (10358): action: 0x105, toolType: 1
06-15 13:48:07.131 I/InputReader( 3563): Touch event's action (MT) is 0x106 (deviceType=0) [pCnt=2, s=0.864 ] when=8532689360000
06-15 13:48:07.131 I/InputDispatcher( 3563): Delivering touch to (10358): action: 0x106, toolType: 1
06-15 13:48:07.171 D/InputReader( 3563): Input event(3): value=0 when=8532724331000
06-15 13:48:07.171 D/InputReader( 3563): Input event(3): value=0 when=8532724331000
06-15 13:48:07.171 I/InputReader( 3563): Touch event's action is 0x1 (deviceType=0) [pCnt=1, s=] when=8532724331000
06-15 13:48:07.171 I/InputDispatcher( 3563): Delivering touch to (10358): action: 0x1, toolType: 1
06-15 13:48:07.171 D/ViewRootImpl(10358): ViewPostImeInputStage processPointer 1
06-15 13:48:07.661 D/InputReader( 3563): Input event(3): value=1 when=8533212817000
06-15 13:48:07.661 D/InputReader( 3563): Input event(3): value=1 when=8533212817000
06-15 13:48:07.661 I/InputReader( 3563): Touch event's action is 0x0 (deviceType=0) [pCnt=1, s=0.866 ] when=8533212817000
06-15 13:48:07.661 D/InputReader( 3563): lastThreadEndTime = 8532724579567, currentThreadStartTime = 8532724583192, diff = 0
06-15 13:48:07.661 I/InputDispatcher( 3563): Delivering touch to (10358): action: 0x0, toolType: 1
06-15 13:48:07.661 D/ViewRootImpl(10358): ViewPostImeInputStage processPointer 0
06-15 13:48:07.741 D/InputReader( 3563): Input event(3): value=0 when=8533295286000
06-15 13:48:07.741 D/InputReader( 3563): Input event(3): value=0 when=8533295286000
06-15 13:48:07.741 I/InputReader( 3563): Touch event's action is 0x1 (deviceType=0) [pCnt=1, s=] when=8533295286000
06-15 13:48:07.741 I/InputDispatcher( 3563): Delivering touch to (10358): action: 0x1, toolType: 1
06-15 13:48:07.741 D/ViewRootImpl(10358): ViewPostImeInputStage processPointer 1
06-15 13:48:07.761 D/libEGL  ( 3070): eglTerminate EGLDisplay = 0x7f9f4b7e78
06-15 13:48:07.761 D/libEGL  ( 3070): eglTerminate EGLDisplay = 0x7f9f4b7e78
06-15 13:48:07.761 D/ViewRootImpl(10358): #3 mView = null
06-15 13:48:07.761 D/PhoneStatusBar( 4225): setSystemUiVisibility vis=8600 mask=ffffffff oldVal=8000 newVal=8600 diff=600
06-15 13:48:07.761 D/InputDispatcher( 3563): Focus left window: 10358
06-15 13:48:07.761 D/InputDispatcher( 3563): Focus entered window: 10358
06-15 13:48:07.761 D/PointerIcon( 3563): setMouseIconStyle1 pointerType: 1001 iconType:101 flag:0 pid:3563 uid:1000
06-15 13:48:07.761 D/PointerIcon( 3563): setMouseCustomIcon IconType is same.101
06-15 13:48:07.761 D/TableManager(10358): Table [RobotBean] Exist
06-15 13:48:07.761 V/Querier (10358): ----> Query Start: SQLStatement [sql=SELECT id  FROM RobotBean, bindArgs=null, mStatement=null]
06-15 13:48:07.771 I/Querier (10358): <---- Query End , cursor size : 1
06-15 13:48:07.771 I/Transaction(10358): ----> BeginTransaction
06-15 13:48:07.771 D/TableManager(10358): Table [RobotBean] Exist
06-15 13:48:07.771 D/SQLStatement(10358): SQL Execute: [DELETE FROM RobotBean WHERE id=?] ARGS--> [51]
06-15 13:48:07.771 V/SQLStatement(10358): SQL Execute Delete --> 1
06-15 13:48:07.771 I/Transaction(10358): ----> Transaction Successful
06-15 13:48:07.771 I/Timeline(10358): Timeline: Activity_launch_request id:com.rongle.desktop time:8533324
06-15 13:48:07.781 D/InputDispatcher( 3563): Focused application set to: xxxx
06-15 13:48:07.781 D/InputDispatcher( 3563): Focus left window: 10358
06-15 13:48:07.781 D/PointerIcon( 3563): setMouseIconStyle1 pointerType: 1001 iconType:101 flag:0 pid:3563 uid:1000
06-15 13:48:07.781 D/PointerIcon( 3563): setMouseCustomIcon IconType is same.101
06-15 13:48:07.781 E/ViewRootImpl(10358): sendUserActionEvent() mView == null
06-15 13:48:07.781 D/InputMethodManagerService( 3563): windowGainedFocus mCurrentFocusedUserId - 0 and mSecureKeypadEnabled-false
06-15 13:48:07.781 E/xw      (10358): onPause
06-15 13:48:07.791 E/xw111111(10358): onStop
06-15 13:48:07.791 E/xw      (10358): onDestroyView
06-15 13:48:07.821 D/Activity(10358): performCreate Call Injection manager
06-15 13:48:07.831 I/InjectionManager(10358): dispatchOnViewCreated > Target : com.rongle.desktop.activity.login.activity.LoginActivity isFragment :false
06-15 13:48:07.831 D/ViewRootImpl(10358): #1 mView = com.android.internal.policy.PhoneWindow$DecorView{8e69ab0 I.E...... R.....ID 0,0-0,0}
06-15 13:48:07.831 D/ISSUE_DEBUG( 3563): InputChannelName : 1a8cd95 com.rongle.desktop/com.rongle.desktop.activity.login.activity.LoginActivity
06-15 13:48:07.831 D/ActivityManager( 3563): post active user change for 0 fullscreen true isFloatingActivity() false isHomeActivity() false
06-15 13:48:07.831 D/KnoxTimeoutHandler( 3563): postActiveUserChange [MsgParam] userId: 0 fullscreen is true showWhenlocked is false
06-15 13:48:07.831 D/KnoxTimeoutHandler( 3563): handleActiveUserChange [MsgParam] userId: 0 fullscreen is true showWhenlocked is false
06-15 13:48:07.831 I/KnoxTimeoutHandler( 3563): Shared devices show user statefalse
06-15 13:48:07.841 I/SurfaceFlinger( 3070): id=413 createSurf (1x1),1 flag=404, MoginActivi
06-15 13:48:07.861 D/InputDispatcher( 3563): Focus entered window: 10358
06-15 13:48:07.861 D/PointerIcon( 3563): setMouseIconStyle1 pointerType: 1001 iconType:101 flag:0 pid:3563 uid:1000
06-15 13:48:07.861 D/PointerIcon( 3563): setMouseCustomIcon IconType is same.101
06-15 13:48:07.861 D/mali_winsys(10358): new_window_surface returns 0x3000,  [1440x2560]-format:1
06-15 13:48:07.861 D/ViewRootImpl(10358): MSG_RESIZED_REPORT: ci=Rect(0, 96 - 0, 0) vi=Rect(0, 96 - 0, 0) or=1
06-15 13:48:07.861 W/DisplayListCanvas(10358): DisplayListCanvas is started on unbinded RenderNode (without mOwningView)
06-15 13:48:07.861 W/DisplayListCanvas(10358): DisplayListCanvas is started on unbinded RenderNode (without mOwningView)
06-15 13:48:07.881 V/WindowStateAnimator( 3563): Finishing drawing window Window{1a8cd95 u0 d0 com.rongle.desktop/com.rongle.desktop.activity.login.activity.LoginActivity}: mDrawState=DRAW_PENDING
06-15 13:48:07.881 D/InputMethodManagerService( 3563): windowGainedFocus mCurrentFocusedUserId - 0 and mSecureKeypadEnabled-false
06-15 13:48:07.881 D/KnoxTimeoutHandler( 3563): notifyActivityDrawn [MsgParam] userId: 0 fullscreen is true showWhenlocked is false
06-15 13:48:07.881 D/KnoxTimeoutHandler( 3563): activityDrawn [MsgParam] userId: 0 fullscreen is true showWhenlocked is false
06-15 13:48:07.881 I/ActivityManager( 3563): Displayed com.rongle.desktop/.activity.login.activity.LoginActivity: +96ms
06-15 13:48:07.881 D/SamsungIME( 8948): IMPL finishInput
06-15 13:48:07.881 D/RMHelper( 8948): SamsungIME : RMisReady() : client is null
06-15 13:48:07.881 I/KnoxTimeoutHandler( 3563): SD activityfalse
06-15 13:48:07.881 D/RMHelper( 8948): SamsungIME : RMisReady() : client is null
06-15 13:48:07.881 D/RMHelper( 8948): RMHelper : initHelper()
06-15 13:48:07.881 D/RMHelper( 8948): SamsungIME : initHelper() : client is null
06-15 13:48:07.881 D/RMHelper( 8948): SamsungIME : RMisReady() : client is null
06-15 13:48:07.881 D/RMHelper( 8948): SamsungIME : RMisReady() : client is null
06-15 13:48:07.881 D/RMHelper( 8948): RMHelper : initHelper()
06-15 13:48:07.881 D/RMHelper( 8948): SamsungIME : initHelper() : client is null
06-15 13:48:07.881 D/RMHelper( 8948): SamsungIME : RMisReady() : client is null
06-15 13:48:07.881 D/RMHelper( 8948): SamsungIME : RMisReady() : client is null
06-15 13:48:07.881 D/RMHelper( 8948): RMHelper : initHelper()
06-15 13:48:07.881 D/RMHelper( 8948): SamsungIME : initHelper() : client is null
06-15 13:48:07.891 D/libEGL  ( 3070): eglInitialize EGLDisplay = 0x7fcce02e88
06-15 13:48:07.891 D/libEGL  ( 3070): eglTerminate EGLDisplay = 0x7f9f4b7e78
06-15 13:48:07.891 D/libEGL  ( 3070): eglTerminate EGLDisplay = 0x7f9f4b7e78
06-15 13:48:07.891 I/Timeline(10358): Timeline: Activity_idle id: android.os.BinderProxy@e70646f time:8533449
06-15 13:48:07.941 I/SurfaceFlinger( 3070): id=412 Removed  (10/10)
06-15 13:48:07.941 I/SurfaceFlinger( 3070): id=412 Removed  (-2/10)
06-15 13:48:07.961 D/libEGL  ( 3070): eglTerminate EGLDisplay = 0x7fcce02fb8
06-15 13:48:08.141 I/Timeline( 3563): Timeline: Activity_windows_visible id: ActivityRecord{6507fdd u0 com.rongle.desktop/.activity.login.activity.LoginActivity t56} time:8533696
06-15 13:48:08.141 I/SurfaceFlinger( 3070): id=411 Removed IomeActivit (3/9)
06-15 13:48:08.141 I/SurfaceFlinger( 3070): id=411 Removed IomeActivit (-2/9)
06-15 13:48:08.151 D/KnoxTimeoutHandler( 3563): notifyActivityDrawn [MsgParam] userId: 0 fullscreen is true showWhenlocked is false
06-15 13:48:08.151 D/KnoxTimeoutHandler( 3563): activityDrawn [MsgParam] userId: 0 fullscreen is true showWhenlocked is false
06-15 13:48:08.151 I/KnoxTimeoutHandler( 3563): SD activityfalse
06-15 13:48:08.161 D/libEGL  ( 3070): eglTerminate EGLDisplay = 0x7fcce02fb8
06-15 13:48:08.171 E/connect (10358): 连接关闭
06-15 13:48:08.171 I/System.out(10358): ………………………………………………………………从连false
06-15 13:48:08.171 D/ViewRootImpl(10358): #3 mView = null
06-15 13:48:08.171 D/libEGL  ( 3070): eglInitialize EGLDisplay = 0x7fcce02e88
06-15 13:48:08.411 D/libEGL  ( 3070): eglInitialize EGLDisplay = 0x7fcce02e88
06-15 13:48:12.331 D/NetworkController( 4225): onReceive: intent=Intent { act=android.net.wifi.RSSI_CHANGED flg=0x4000010 bqHint=4 (has extras) }
06-15 13:48:17.061 D/KeyguardUpdateMonitor( 4225): received broadcast android.intent.action.BATTERY_CHANGED
06-15 13:48:17.061 D/KeyguardUpdateMonitor( 4225): handleBatteryUpdate
06-15 13:48:17.081 D/CommonServiceConfiguration( 4796): getStringValueSetting
06-15 13:48:17.081 V/HeadsetService( 5241): HeadsetService - Received Intent.ACTION_BATTERY_CHANGED
06-15 13:48:17.081 D/HeadsetStateMachine( 5241): Disconnected process message: 10, size: 0
06-15 13:48:17.091 D/BatteryMonitor( 4796): new battery level: 37
